2026-04-20 13:08:47 | DEBUG    | Logging initialized. File: logs/ssb_sim_20260420_130847.log
2026-04-20 13:08:47 | INFO     | ================================================================================
2026-04-20 13:08:47 | INFO     | SSB NETWORK SIMULATOR INITIALIZED
2026-04-20 13:08:47 | INFO     | ================================================================================
2026-04-20 13:08:47 | INFO     | Configuration:
2026-04-20 13:08:47 | INFO     |   - Number of nodes: 10
2026-04-20 13:08:47 | INFO     |   - Friends mode: range
2026-04-20 13:08:47 | INFO     |   - Friends range: 2-5
2026-04-20 13:08:47 | INFO     |   - Random seed: 90323
2026-04-20 13:08:47 | INFO     |   - Log file: logs/ssb_sim_20260420_130847.log
2026-04-20 13:08:47 | INFO     | ================================================================================
2026-04-20 13:08:47 | INFO     | Starting network simulation...
2026-04-20 13:08:47 | INFO     | Cleaning up existing containers and networks...
2026-04-20 13:08:47 | DEBUG    | Searching for existing containers...
2026-04-20 13:08:47 | INFO     |   Removing container: ssb-sim-node-10
2026-04-20 13:08:47 | DEBUG    |     Container ID: 0d8654775fcbf4c37ec6ad051496cf501984365ce92e1d42184b932e2ef45dc9
2026-04-20 13:08:57 | DEBUG    |     Stopped ssb-sim-node-10
2026-04-20 13:08:57 | DEBUG    |     Removed ssb-sim-node-10
2026-04-20 13:08:57 | INFO     |   Removing container: ssb-sim-node-9
2026-04-20 13:08:57 | DEBUG    |     Container ID: 4b375a70cefff7bcc7283eca471bab503f6ef612ddff4a9e3229ceb1b9850790
2026-04-20 13:09:07 | DEBUG    |     Stopped ssb-sim-node-9
2026-04-20 13:09:07 | DEBUG    |     Removed ssb-sim-node-9
2026-04-20 13:09:07 | INFO     |   Removing container: ssb-sim-node-8
2026-04-20 13:09:07 | DEBUG    |     Container ID: cc828e5b5e3746a1996d4e4be8da94650f9f8a0a477992ac8bb9cc8cb01c8201
2026-04-20 13:09:18 | DEBUG    |     Stopped ssb-sim-node-8
2026-04-20 13:09:18 | DEBUG    |     Removed ssb-sim-node-8
2026-04-20 13:09:18 | INFO     |   Removing container: ssb-sim-node-7
2026-04-20 13:09:18 | DEBUG    |     Container ID: 3e1829158fdffbfba1a7feec76b99b4d2ded03e2fbfbd686b8480aa3cd9be59b
2026-04-20 13:09:28 | DEBUG    |     Stopped ssb-sim-node-7
2026-04-20 13:09:28 | DEBUG    |     Removed ssb-sim-node-7
2026-04-20 13:09:28 | INFO     |   Removing container: ssb-sim-node-6
2026-04-20 13:09:28 | DEBUG    |     Container ID: e58f8f964a48e310e037f3d1683e79fd9dd689adb62f7041656a839496931f6f
2026-04-20 13:09:38 | DEBUG    |     Stopped ssb-sim-node-6
2026-04-20 13:09:38 | DEBUG    |     Removed ssb-sim-node-6
2026-04-20 13:09:38 | INFO     |   Removing container: ssb-sim-node-5
2026-04-20 13:09:38 | DEBUG    |     Container ID: c284f4c16b047b822aa5b115d969ba8f727dc813b318ede594ebf93a032de0b1
2026-04-20 13:09:48 | DEBUG    |     Stopped ssb-sim-node-5
2026-04-20 13:09:48 | DEBUG    |     Removed ssb-sim-node-5
2026-04-20 13:09:48 | INFO     |   Removing container: ssb-sim-node-4
2026-04-20 13:09:48 | DEBUG    |     Container ID: 6fa7fe988d23feed3c4bb5626aff9c369f023e938f7687f3aecd9ecf42a3658a
2026-04-20 13:09:59 | DEBUG    |     Stopped ssb-sim-node-4
2026-04-20 13:09:59 | DEBUG    |     Removed ssb-sim-node-4
2026-04-20 13:09:59 | INFO     |   Removing container: ssb-sim-node-3
2026-04-20 13:09:59 | DEBUG    |     Container ID: d6abba87d6fe6ca2f67f53f7f5fc9d2fc0ec14e26f6b432e50bd50b4f47c190f
2026-04-20 13:10:09 | DEBUG    |     Stopped ssb-sim-node-3
2026-04-20 13:10:09 | DEBUG    |     Removed ssb-sim-node-3
2026-04-20 13:10:09 | INFO     |   Removing container: ssb-sim-node-2
2026-04-20 13:10:09 | DEBUG    |     Container ID: 5367766ef332a00cc82d2109e3457ebb6840a2be4d7755075040523cefe3dfad
2026-04-20 13:10:19 | DEBUG    |     Stopped ssb-sim-node-2
2026-04-20 13:10:19 | DEBUG    |     Removed ssb-sim-node-2
2026-04-20 13:10:19 | INFO     |   Removing container: ssb-sim-node-1
2026-04-20 13:10:19 | DEBUG    |     Container ID: 5ff6bae90c1523ba288f0322202a55bed76c6c5bf3a8e64fb7c5821d274b8ee5
2026-04-20 13:10:29 | DEBUG    |     Stopped ssb-sim-node-1
2026-04-20 13:10:29 | DEBUG    |     Removed ssb-sim-node-1
2026-04-20 13:10:29 | INFO     |   Removing container: ssb-sim-router
2026-04-20 13:10:29 | DEBUG    |     Container ID: 2da870a81f003fbc4de29efb05890d637ffcc4173ccd7700637e662472e987e6
2026-04-20 13:10:39 | DEBUG    |     Stopped ssb-sim-router
2026-04-20 13:10:39 | DEBUG    |     Removed ssb-sim-router
2026-04-20 13:10:39 | DEBUG    | Searching for existing networks...
2026-04-20 13:10:39 | INFO     |   Removing network: ssb-sim-lan-1
2026-04-20 13:10:39 | DEBUG    |     Network ID: ecaa2bad5d1e3b6ce0c5d161a8fbf397941a8dfea4abf37593afeb00a21234bd
2026-04-20 13:10:40 | DEBUG    |     Removed ssb-sim-lan-1
2026-04-20 13:10:40 | INFO     |   Removing network: ssb-sim-lan-2
2026-04-20 13:10:40 | DEBUG    |     Network ID: 173e3f3a18acb243149556d7c4311344fc97dea807d4641d53b5649d46292a61
2026-04-20 13:10:40 | DEBUG    |     Removed ssb-sim-lan-2
2026-04-20 13:10:40 | INFO     | Cleanup complete: 11 containers, 2 networks removed (112.86s)
2026-04-20 13:10:40 | DEBUG    | --------------------------------------------------------------------------------
2026-04-20 13:10:40 | INFO     | Creating Docker networks...
2026-04-20 13:10:40 | DEBUG    | Creating 2 LANs for 10 nodes
2026-04-20 13:10:40 | DEBUG    | Creating network: ssb-sim-lan-1 (10.10.1.0/24)
2026-04-20 13:10:40 | INFO     |   Created ssb-sim-lan-1 (10.10.1.0/24)
2026-04-20 13:10:40 | DEBUG    |     Network ID: e3fe229b0c059936c9d0cd0b8d8f961e756ae6df7f672ba390d82086b93ee8ae
2026-04-20 13:10:40 | DEBUG    | Creating network: ssb-sim-lan-2 (10.10.2.0/24)
2026-04-20 13:10:40 | INFO     |   Created ssb-sim-lan-2 (10.10.2.0/24)
2026-04-20 13:10:40 | DEBUG    |     Network ID: 5ffcb62e21eaefdb746c529b8fa9ae9b79887eba99f509c48252239f12639274
2026-04-20 13:10:40 | INFO     | Created 2 networks (0.13s)
2026-04-20 13:10:40 | DEBUG    | --------------------------------------------------------------------------------
2026-04-20 13:10:40 | INFO     | Creating router container...
2026-04-20 13:10:40 | INFO     |   Attaching router to ssb-sim-lan-2
2026-04-20 13:10:40 | INFO     | Router attached to 2 networks
2026-04-20 13:10:40 | INFO     | Getting router IPs on each LAN...
2026-04-20 13:10:40 | DEBUG    |   Router IP on ssb-sim-lan-1: 10.10.1.2
2026-04-20 13:10:40 | DEBUG    |   Router IP on ssb-sim-lan-2: 10.10.2.2
2026-04-20 13:10:40 | INFO     | Creating 10 SSB nodes...
2026-04-20 13:10:40 | INFO     |   Creating ssb-sim-node-1...
2026-04-20 13:10:40 | DEBUG    |     Network: ssb-sim-lan-1
2026-04-20 13:10:40 | DEBUG    |     Data directory: data/node-1
2026-04-20 13:10:40 | INFO     |     Created in 0.33s
2026-04-20 13:10:40 | DEBUG    |     Container ID: fcdbe69f9de6c595f0e14c4ba19a930fa6ed4ea734f79a74898931f37dc4de2b
2026-04-20 13:10:40 | INFO     |   Creating ssb-sim-node-2...
2026-04-20 13:10:40 | DEBUG    |     Network: ssb-sim-lan-2
2026-04-20 13:10:40 | DEBUG    |     Data directory: data/node-2
2026-04-20 13:10:41 | INFO     |     Created in 0.40s
2026-04-20 13:10:41 | DEBUG    |     Container ID: 63bab1f63698b51586d750a248ce6e9814900c6f8f7e8db77e52a40d07b92dd4
2026-04-20 13:10:41 | INFO     |   Creating ssb-sim-node-3...
2026-04-20 13:10:41 | DEBUG    |     Network: ssb-sim-lan-1
2026-04-20 13:10:41 | DEBUG    |     Data directory: data/node-3
2026-04-20 13:10:41 | INFO     |     Created in 0.34s
2026-04-20 13:10:41 | DEBUG    |     Container ID: 5fba33aa6c84cde6c857f052a500428575e29b88ec273ace5f67315fad73d6f3
2026-04-20 13:10:41 | INFO     |   Creating ssb-sim-node-4...
2026-04-20 13:10:41 | DEBUG    |     Network: ssb-sim-lan-2
2026-04-20 13:10:41 | DEBUG    |     Data directory: data/node-4
2026-04-20 13:10:42 | INFO     |     Created in 0.35s
2026-04-20 13:10:42 | DEBUG    |     Container ID: 5ef6866989a63f374759141ab0ffd5ff02394e00a36cdc45d1a3b7aa4bd97280
2026-04-20 13:10:42 | INFO     |   Creating ssb-sim-node-5...
2026-04-20 13:10:42 | DEBUG    |     Network: ssb-sim-lan-1
2026-04-20 13:10:42 | DEBUG    |     Data directory: data/node-5
2026-04-20 13:10:42 | INFO     |     Created in 0.43s
2026-04-20 13:10:42 | DEBUG    |     Container ID: 28618d8210001e7bc0bf375cb33086f5954bd13acc9ca05d1ba692e462f0d1ed
2026-04-20 13:10:42 | INFO     |   Creating ssb-sim-node-6...
2026-04-20 13:10:42 | DEBUG    |     Network: ssb-sim-lan-2
2026-04-20 13:10:42 | DEBUG    |     Data directory: data/node-6
2026-04-20 13:10:42 | INFO     |     Created in 0.38s
2026-04-20 13:10:42 | DEBUG    |     Container ID: 0c55109048af71d1a1f66006492fed0f93bb4045482c763dd929f4a415ca7f88
2026-04-20 13:10:42 | INFO     |   Creating ssb-sim-node-7...
2026-04-20 13:10:42 | DEBUG    |     Network: ssb-sim-lan-1
2026-04-20 13:10:42 | DEBUG    |     Data directory: data/node-7
2026-04-20 13:10:43 | INFO     |     Created in 0.48s
2026-04-20 13:10:43 | DEBUG    |     Container ID: bc86774448db61ae1ad5c3994b72d4153fdc99e8502f328ef0270da0e50820d3
2026-04-20 13:10:43 | INFO     |   Creating ssb-sim-node-8...
2026-04-20 13:10:43 | DEBUG    |     Network: ssb-sim-lan-2
2026-04-20 13:10:43 | DEBUG    |     Data directory: data/node-8
2026-04-20 13:10:43 | INFO     |     Created in 0.39s
2026-04-20 13:10:43 | DEBUG    |     Container ID: 48bf509c4e8b320f3748c4d158d44078ab61fdd99c4c639207b02c51398e4a70
2026-04-20 13:10:43 | INFO     |   Creating ssb-sim-node-9...
2026-04-20 13:10:43 | DEBUG    |     Network: ssb-sim-lan-1
2026-04-20 13:10:43 | DEBUG    |     Data directory: data/node-9
2026-04-20 13:10:44 | INFO     |     Created in 0.36s
2026-04-20 13:10:44 | DEBUG    |     Container ID: a58f8e7b57e02d142418878053baba4430538d30f20a12d4bef4a41b16d4659f
2026-04-20 13:10:44 | INFO     |   Creating ssb-sim-node-10...
2026-04-20 13:10:44 | DEBUG    |     Network: ssb-sim-lan-2
2026-04-20 13:10:44 | DEBUG    |     Data directory: data/node-10
2026-04-20 13:10:44 | INFO     |     Created in 0.35s
2026-04-20 13:10:44 | DEBUG    |     Container ID: ad3c9713095392af696e5926283d4b64abcf0e1fbf558f4641990fe653627566
2026-04-20 13:10:44 | INFO     | Created 10 nodes (3.80s)
2026-04-20 13:10:44 | DEBUG    | --------------------------------------------------------------------------------
2026-04-20 13:10:44 | INFO     | Writing SSB config to nodes...
2026-04-20 13:10:44 | INFO     |   ssb-sim-node-1: config written (10.10.1.3)
2026-04-20 13:10:44 | INFO     |   ssb-sim-node-2: config written (10.10.2.3)
2026-04-20 13:10:44 | INFO     |   ssb-sim-node-3: config written (10.10.1.4)
2026-04-20 13:10:44 | INFO     |   ssb-sim-node-4: config written (10.10.2.4)
2026-04-20 13:10:44 | INFO     |   ssb-sim-node-5: config written (10.10.1.5)
2026-04-20 13:10:44 | INFO     |   ssb-sim-node-6: config written (10.10.2.5)
2026-04-20 13:10:45 | INFO     |   ssb-sim-node-7: config written (10.10.1.6)
2026-04-20 13:10:45 | INFO     |   ssb-sim-node-8: config written (10.10.2.6)
2026-04-20 13:10:45 | INFO     |   ssb-sim-node-9: config written (10.10.1.7)
2026-04-20 13:10:45 | INFO     |   ssb-sim-node-10: config written (10.10.2.7)
2026-04-20 13:10:45 | INFO     | Node config complete
2026-04-20 13:10:45 | INFO     | Configuring gateway route on nodes...
2026-04-20 13:10:45 | DEBUG    |     ssb-sim-node-1: route to 10.10.2.0/24 via 10.10.1.2
2026-04-20 13:10:45 | DEBUG    |     ssb-sim-node-2: route to 10.10.1.0/24 via 10.10.2.2
2026-04-20 13:10:45 | DEBUG    |     ssb-sim-node-3: route to 10.10.2.0/24 via 10.10.1.2
2026-04-20 13:10:45 | DEBUG    |     ssb-sim-node-4: route to 10.10.1.0/24 via 10.10.2.2
2026-04-20 13:10:45 | DEBUG    |     ssb-sim-node-5: route to 10.10.2.0/24 via 10.10.1.2
2026-04-20 13:10:45 | DEBUG    |     ssb-sim-node-6: route to 10.10.1.0/24 via 10.10.2.2
2026-04-20 13:10:45 | DEBUG    |     ssb-sim-node-7: route to 10.10.2.0/24 via 10.10.1.2
2026-04-20 13:10:45 | DEBUG    |     ssb-sim-node-8: route to 10.10.1.0/24 via 10.10.2.2
2026-04-20 13:10:45 | DEBUG    |     ssb-sim-node-9: route to 10.10.2.0/24 via 10.10.1.2
2026-04-20 13:10:45 | DEBUG    |     ssb-sim-node-10: route to 10.10.1.0/24 via 10.10.2.2
2026-04-20 13:10:45 | INFO     | Debugging container status...
2026-04-20 13:10:45 | DEBUG    | ssb-sim-node-1 status: running
2026-04-20 13:10:45 | DEBUG    | ssb-sim-node-2 status: running
2026-04-20 13:10:45 | DEBUG    | ssb-sim-node-3 status: running
2026-04-20 13:10:45 | DEBUG    | ssb-sim-node-4 status: running
2026-04-20 13:10:45 | DEBUG    | ssb-sim-node-5 status: running
2026-04-20 13:10:45 | DEBUG    | ssb-sim-node-6 status: running
2026-04-20 13:10:45 | DEBUG    | ssb-sim-node-7 status: running
2026-04-20 13:10:45 | DEBUG    | ssb-sim-node-8 status: running
2026-04-20 13:10:45 | DEBUG    | ssb-sim-node-9 status: running
2026-04-20 13:10:45 | DEBUG    | ssb-sim-node-10 status: running
2026-04-20 13:10:45 | INFO     | Waiting for nodes to be ready (timeout: 60s)...
2026-04-20 13:10:46 | INFO     | ssb-sim-node-3 is ready (1/10)
2026-04-20 13:10:46 | INFO     | ssb-sim-node-2 is ready (2/10)
2026-04-20 13:10:46 | INFO     | ssb-sim-node-1 is ready (3/10)
2026-04-20 13:10:46 | INFO     | ssb-sim-node-4 is ready (4/10)
2026-04-20 13:10:46 | INFO     | ssb-sim-node-10 is ready (5/10)
2026-04-20 13:10:46 | INFO     | ssb-sim-node-8 is ready (6/10)
2026-04-20 13:10:46 | INFO     | ssb-sim-node-7 is ready (7/10)
2026-04-20 13:10:46 | INFO     | ssb-sim-node-6 is ready (8/10)
2026-04-20 13:10:46 | INFO     | ssb-sim-node-9 is ready (9/10)
2026-04-20 13:10:46 | INFO     | ssb-sim-node-5 is ready (10/10)
2026-04-20 13:10:46 | INFO     | All 10 nodes ready (0.80s)
2026-04-20 13:10:46 | DEBUG    | --------------------------------------------------------------------------------
2026-04-20 13:10:46 | INFO     |   Establishing connections (mode: range)...
2026-04-20 13:10:46 | INFO     |   Gathering node information...
2026-04-20 13:10:46 | DEBUG    | Getting info for ssb-sim-node-1...
2026-04-20 13:10:47 | DEBUG    |   ID: @RR/YnWl4wtPS6XThh/bCR7tUb8tPdxxDJvC4H87z/Ps=.ed25519
2026-04-20 13:10:47 | DEBUG    |   Address: net:10.10.1.3:8008~shs:RR/YnWl4wtPS6XThh/bCR7tUb8tPdxxDJvC4H87z/Ps=
2026-04-20 13:10:47 | DEBUG    |   Got info for ssb-sim-node-1
2026-04-20 13:10:47 | DEBUG    | Getting info for ssb-sim-node-2...
2026-04-20 13:10:47 | DEBUG    |   ID: @9+R2IYd22AdbzbQcZjypMypQsZW4oTz/UrvZ+bfUul8=.ed25519
2026-04-20 13:10:47 | DEBUG    |   Address: net:10.10.2.3:8008~shs:9+R2IYd22AdbzbQcZjypMypQsZW4oTz/UrvZ+bfUul8=
2026-04-20 13:10:47 | DEBUG    |   Got info for ssb-sim-node-2
2026-04-20 13:10:47 | DEBUG    | Getting info for ssb-sim-node-3...
2026-04-20 13:10:47 | DEBUG    |   ID: @jD0ydpb8A+qT4aAYBlYImYVRa8ImHnyjRNbqUyEVPUQ=.ed25519
2026-04-20 13:10:47 | DEBUG    |   Address: net:10.10.1.4:8008~shs:jD0ydpb8A+qT4aAYBlYImYVRa8ImHnyjRNbqUyEVPUQ=
2026-04-20 13:10:47 | DEBUG    |   Got info for ssb-sim-node-3
2026-04-20 13:10:47 | DEBUG    | Getting info for ssb-sim-node-4...
2026-04-20 13:10:48 | DEBUG    |   ID: @qCCwno4X2VNh4vE6hly/f6O1XFirlhKVydFbKNStqsk=.ed25519
2026-04-20 13:10:48 | DEBUG    |   Address: net:10.10.2.4:8008~shs:qCCwno4X2VNh4vE6hly/f6O1XFirlhKVydFbKNStqsk=
2026-04-20 13:10:48 | DEBUG    |   Got info for ssb-sim-node-4
2026-04-20 13:10:48 | DEBUG    | Getting info for ssb-sim-node-5...
2026-04-20 13:10:48 | DEBUG    |   ID: @tGLoWo6MyBOJW8Vpk4KQqsd/B4osXfgzwzjHUynep7Q=.ed25519
2026-04-20 13:10:48 | DEBUG    |   Address: net:10.10.1.5:8008~shs:tGLoWo6MyBOJW8Vpk4KQqsd/B4osXfgzwzjHUynep7Q=
2026-04-20 13:10:48 | DEBUG    |   Got info for ssb-sim-node-5
2026-04-20 13:10:48 | DEBUG    | Getting info for ssb-sim-node-6...
2026-04-20 13:10:48 | DEBUG    |   ID: @kjgUgOhE6XiMwvpvihWgVy2N8fMZpejE6GLuu7wnLUY=.ed25519
2026-04-20 13:10:48 | DEBUG    |   Address: net:10.10.2.5:8008~shs:kjgUgOhE6XiMwvpvihWgVy2N8fMZpejE6GLuu7wnLUY=
2026-04-20 13:10:48 | DEBUG    |   Got info for ssb-sim-node-6
2026-04-20 13:10:48 | DEBUG    | Getting info for ssb-sim-node-7...
2026-04-20 13:10:49 | DEBUG    |   ID: @VwQlrk1I7DzKDsB018lCBSQv/66C4pbbYJTMWzI4wyY=.ed25519
2026-04-20 13:10:49 | DEBUG    |   Address: net:10.10.1.6:8008~shs:VwQlrk1I7DzKDsB018lCBSQv/66C4pbbYJTMWzI4wyY=
2026-04-20 13:10:49 | DEBUG    |   Got info for ssb-sim-node-7
2026-04-20 13:10:49 | DEBUG    | Getting info for ssb-sim-node-8...
2026-04-20 13:10:49 | DEBUG    |   ID: @chOSpEKuaiAUkyshhNWnJspPPWNHQpPeRpEB6aDQkyo=.ed25519
2026-04-20 13:10:49 | DEBUG    |   Address: net:10.10.2.6:8008~shs:chOSpEKuaiAUkyshhNWnJspPPWNHQpPeRpEB6aDQkyo=
2026-04-20 13:10:49 | DEBUG    |   Got info for ssb-sim-node-8
2026-04-20 13:10:49 | DEBUG    | Getting info for ssb-sim-node-9...
2026-04-20 13:10:50 | DEBUG    |   ID: @c66Gngdq3INowvmrC7d3DSdWALduRfx9vjFHQZwhuY0=.ed25519
2026-04-20 13:10:50 | DEBUG    |   Address: net:10.10.1.7:8008~shs:c66Gngdq3INowvmrC7d3DSdWALduRfx9vjFHQZwhuY0=
2026-04-20 13:10:50 | DEBUG    |   Got info for ssb-sim-node-9
2026-04-20 13:10:50 | DEBUG    | Getting info for ssb-sim-node-10...
2026-04-20 13:10:50 | DEBUG    |   ID: @gTN5lYIkyF7T648D8RuTzAwetOj3l0cLns8uBOUlAR0=.ed25519
2026-04-20 13:10:50 | DEBUG    |   Address: net:10.10.2.7:8008~shs:gTN5lYIkyF7T648D8RuTzAwetOj3l0cLns8uBOUlAR0=
2026-04-20 13:10:50 | DEBUG    |   Got info for ssb-sim-node-10
2026-04-20 13:10:50 | INFO     |   Creating peer connections...
2026-04-20 13:10:50 | INFO     |   ssb-sim-node-1: connecting to 4 peers...
2026-04-20 13:10:50 | DEBUG    |     Mode: range, Count: 4
2026-04-20 13:10:50 | DEBUG    |     Connecting ssb-sim-node-1 -> ssb-sim-node-9...
2026-04-20 13:10:50 | DEBUG    |       Follow command: ssb-server publish --type contact --contact "@c66Gngdq3INowvmrC7d3DSdWALduRfx9vjFHQZwhuY0=.ed25519" --following
2026-04-20 13:10:50 | DEBUG    |         Follow successful
2026-04-20 13:10:50 | INFO     |       ssb-sim-node-1 -> ssb-sim-node-9
2026-04-20 13:10:50 | DEBUG    |     Connecting ssb-sim-node-1 -> ssb-sim-node-7...
2026-04-20 13:10:50 | DEBUG    |       Follow command: ssb-server publish --type contact --contact "@VwQlrk1I7DzKDsB018lCBSQv/66C4pbbYJTMWzI4wyY=.ed25519" --following
2026-04-20 13:10:51 | DEBUG    |         Follow successful
2026-04-20 13:10:51 | INFO     |       ssb-sim-node-1 -> ssb-sim-node-7
2026-04-20 13:10:51 | DEBUG    |     Connecting ssb-sim-node-1 -> ssb-sim-node-3...
2026-04-20 13:10:51 | DEBUG    |       Follow command: ssb-server publish --type contact --contact "@jD0ydpb8A+qT4aAYBlYImYVRa8ImHnyjRNbqUyEVPUQ=.ed25519" --following
2026-04-20 13:10:51 | DEBUG    |         Follow successful
2026-04-20 13:10:51 | INFO     |       ssb-sim-node-1 -> ssb-sim-node-3
2026-04-20 13:10:51 | DEBUG    |     Connecting ssb-sim-node-1 -> ssb-sim-node-5...
2026-04-20 13:10:51 | DEBUG    |       Follow command: ssb-server publish --type contact --contact "@tGLoWo6MyBOJW8Vpk4KQqsd/B4osXfgzwzjHUynep7Q=.ed25519" --following
2026-04-20 13:10:52 | DEBUG    |         Follow successful
2026-04-20 13:10:52 | INFO     |       ssb-sim-node-1 -> ssb-sim-node-5
2026-04-20 13:10:52 | DEBUG    |     Connected to: ssb-sim-node-9, ssb-sim-node-7, ssb-sim-node-3, ssb-sim-node-5
2026-04-20 13:10:52 | INFO     |   ssb-sim-node-2: connecting to 4 peers...
2026-04-20 13:10:52 | DEBUG    |     Mode: range, Count: 4
2026-04-20 13:10:52 | DEBUG    |     Connecting ssb-sim-node-2 -> ssb-sim-node-4...
2026-04-20 13:10:52 | DEBUG    |       Follow command: ssb-server publish --type contact --contact "@qCCwno4X2VNh4vE6hly/f6O1XFirlhKVydFbKNStqsk=.ed25519" --following
2026-04-20 13:10:52 | DEBUG    |         Follow successful
2026-04-20 13:10:52 | INFO     |       ssb-sim-node-2 -> ssb-sim-node-4
2026-04-20 13:10:52 | DEBUG    |     Connecting ssb-sim-node-2 -> ssb-sim-node-8...
2026-04-20 13:10:52 | DEBUG    |       Follow command: ssb-server publish --type contact --contact "@chOSpEKuaiAUkyshhNWnJspPPWNHQpPeRpEB6aDQkyo=.ed25519" --following
2026-04-20 13:10:53 | DEBUG    |         Follow successful
2026-04-20 13:10:53 | INFO     |       ssb-sim-node-2 -> ssb-sim-node-8
2026-04-20 13:10:53 | DEBUG    |     Connecting ssb-sim-node-2 -> ssb-sim-node-6...
2026-04-20 13:10:53 | DEBUG    |       Follow command: ssb-server publish --type contact --contact "@kjgUgOhE6XiMwvpvihWgVy2N8fMZpejE6GLuu7wnLUY=.ed25519" --following
2026-04-20 13:10:53 | DEBUG    |         Follow successful
2026-04-20 13:10:53 | INFO     |       ssb-sim-node-2 -> ssb-sim-node-6
2026-04-20 13:10:53 | DEBUG    |     Connecting ssb-sim-node-2 -> ssb-sim-node-5...
2026-04-20 13:10:54 | DEBUG    |         Gossip successful
2026-04-20 13:10:54 | DEBUG    |       Follow command: ssb-server publish --type contact --contact "@tGLoWo6MyBOJW8Vpk4KQqsd/B4osXfgzwzjHUynep7Q=.ed25519" --following
2026-04-20 13:10:54 | DEBUG    |         Follow successful
2026-04-20 13:10:54 | INFO     |       ssb-sim-node-2 -> ssb-sim-node-5
2026-04-20 13:10:54 | DEBUG    |     Connected to: ssb-sim-node-4, ssb-sim-node-8, ssb-sim-node-6, ssb-sim-node-5
2026-04-20 13:10:54 | INFO     |   ssb-sim-node-3: connecting to 3 peers...
2026-04-20 13:10:54 | DEBUG    |     Mode: range, Count: 3
2026-04-20 13:10:54 | DEBUG    |     Connecting ssb-sim-node-3 -> ssb-sim-node-6...
2026-04-20 13:10:55 | DEBUG    |         Gossip successful
2026-04-20 13:10:55 | DEBUG    |       Follow command: ssb-server publish --type contact --contact "@kjgUgOhE6XiMwvpvihWgVy2N8fMZpejE6GLuu7wnLUY=.ed25519" --following
2026-04-20 13:10:55 | DEBUG    |         Follow successful
2026-04-20 13:10:55 | INFO     |       ssb-sim-node-3 -> ssb-sim-node-6
2026-04-20 13:10:55 | DEBUG    |     Connecting ssb-sim-node-3 -> ssb-sim-node-4...
2026-04-20 13:10:55 | DEBUG    |         Gossip successful
2026-04-20 13:10:55 | DEBUG    |       Follow command: ssb-server publish --type contact --contact "@qCCwno4X2VNh4vE6hly/f6O1XFirlhKVydFbKNStqsk=.ed25519" --following
2026-04-20 13:10:56 | DEBUG    |         Follow successful
2026-04-20 13:10:56 | INFO     |       ssb-sim-node-3 -> ssb-sim-node-4
2026-04-20 13:10:56 | DEBUG    |     Connecting ssb-sim-node-3 -> ssb-sim-node-7...
2026-04-20 13:10:56 | DEBUG    |       Follow command: ssb-server publish --type contact --contact "@VwQlrk1I7DzKDsB018lCBSQv/66C4pbbYJTMWzI4wyY=.ed25519" --following
2026-04-20 13:10:56 | DEBUG    |         Follow successful
2026-04-20 13:10:56 | INFO     |       ssb-sim-node-3 -> ssb-sim-node-7
2026-04-20 13:10:56 | DEBUG    |     Connected to: ssb-sim-node-6, ssb-sim-node-4, ssb-sim-node-7
2026-04-20 13:10:56 | INFO     |   ssb-sim-node-4: connecting to 2 peers...
2026-04-20 13:10:56 | DEBUG    |     Mode: range, Count: 2
2026-04-20 13:10:56 | DEBUG    |     Connecting ssb-sim-node-4 -> ssb-sim-node-3...
2026-04-20 13:10:57 | DEBUG    |         Gossip successful
2026-04-20 13:10:57 | DEBUG    |       Follow command: ssb-server publish --type contact --contact "@jD0ydpb8A+qT4aAYBlYImYVRa8ImHnyjRNbqUyEVPUQ=.ed25519" --following
2026-04-20 13:10:57 | DEBUG    |         Follow successful
2026-04-20 13:10:57 | INFO     |       ssb-sim-node-4 -> ssb-sim-node-3
2026-04-20 13:10:57 | DEBUG    |     Connecting ssb-sim-node-4 -> ssb-sim-node-6...
2026-04-20 13:10:57 | DEBUG    |       Follow command: ssb-server publish --type contact --contact "@kjgUgOhE6XiMwvpvihWgVy2N8fMZpejE6GLuu7wnLUY=.ed25519" --following
2026-04-20 13:10:58 | DEBUG    |         Follow successful
2026-04-20 13:10:58 | INFO     |       ssb-sim-node-4 -> ssb-sim-node-6
2026-04-20 13:10:58 | DEBUG    |     Connected to: ssb-sim-node-3, ssb-sim-node-6
2026-04-20 13:10:58 | INFO     |   ssb-sim-node-5: connecting to 3 peers...
2026-04-20 13:10:58 | DEBUG    |     Mode: range, Count: 3
2026-04-20 13:10:58 | DEBUG    |     Connecting ssb-sim-node-5 -> ssb-sim-node-3...
2026-04-20 13:10:58 | DEBUG    |       Follow command: ssb-server publish --type contact --contact "@jD0ydpb8A+qT4aAYBlYImYVRa8ImHnyjRNbqUyEVPUQ=.ed25519" --following
2026-04-20 13:10:58 | DEBUG    |         Follow successful
2026-04-20 13:10:58 | INFO     |       ssb-sim-node-5 -> ssb-sim-node-3
2026-04-20 13:10:58 | DEBUG    |     Connecting ssb-sim-node-5 -> ssb-sim-node-10...
2026-04-20 13:10:59 | DEBUG    |         Gossip successful
2026-04-20 13:10:59 | DEBUG    |       Follow command: ssb-server publish --type contact --contact "@gTN5lYIkyF7T648D8RuTzAwetOj3l0cLns8uBOUlAR0=.ed25519" --following
2026-04-20 13:10:59 | DEBUG    |         Follow successful
2026-04-20 13:10:59 | INFO     |       ssb-sim-node-5 -> ssb-sim-node-10
2026-04-20 13:10:59 | DEBUG    |     Connecting ssb-sim-node-5 -> ssb-sim-node-7...
2026-04-20 13:10:59 | DEBUG    |       Follow command: ssb-server publish --type contact --contact "@VwQlrk1I7DzKDsB018lCBSQv/66C4pbbYJTMWzI4wyY=.ed25519" --following
2026-04-20 13:10:59 | DEBUG    |         Follow successful
2026-04-20 13:10:59 | INFO     |       ssb-sim-node-5 -> ssb-sim-node-7
2026-04-20 13:10:59 | DEBUG    |     Connected to: ssb-sim-node-3, ssb-sim-node-10, ssb-sim-node-7
2026-04-20 13:10:59 | INFO     |   ssb-sim-node-6: connecting to 3 peers...
2026-04-20 13:10:59 | DEBUG    |     Mode: range, Count: 3
2026-04-20 13:10:59 | DEBUG    |     Connecting ssb-sim-node-6 -> ssb-sim-node-1...
2026-04-20 13:11:00 | DEBUG    |         Gossip successful
2026-04-20 13:11:00 | DEBUG    |       Follow command: ssb-server publish --type contact --contact "@RR/YnWl4wtPS6XThh/bCR7tUb8tPdxxDJvC4H87z/Ps=.ed25519" --following
2026-04-20 13:11:00 | DEBUG    |         Follow successful
2026-04-20 13:11:00 | INFO     |       ssb-sim-node-6 -> ssb-sim-node-1
2026-04-20 13:11:00 | DEBUG    |     Connecting ssb-sim-node-6 -> ssb-sim-node-8...
2026-04-20 13:11:00 | DEBUG    |       Follow command: ssb-server publish --type contact --contact "@chOSpEKuaiAUkyshhNWnJspPPWNHQpPeRpEB6aDQkyo=.ed25519" --following
2026-04-20 13:11:01 | DEBUG    |         Follow successful
2026-04-20 13:11:01 | INFO     |       ssb-sim-node-6 -> ssb-sim-node-8
2026-04-20 13:11:01 | DEBUG    |     Connecting ssb-sim-node-6 -> ssb-sim-node-3...
2026-04-20 13:11:01 | DEBUG    |         Gossip successful
2026-04-20 13:11:01 | DEBUG    |       Follow command: ssb-server publish --type contact --contact "@jD0ydpb8A+qT4aAYBlYImYVRa8ImHnyjRNbqUyEVPUQ=.ed25519" --following
2026-04-20 13:11:02 | DEBUG    |         Follow successful
2026-04-20 13:11:02 | INFO     |       ssb-sim-node-6 -> ssb-sim-node-3
2026-04-20 13:11:02 | DEBUG    |     Connected to: ssb-sim-node-1, ssb-sim-node-8, ssb-sim-node-3
2026-04-20 13:11:02 | INFO     |   ssb-sim-node-7: connecting to 5 peers...
2026-04-20 13:11:02 | DEBUG    |     Mode: range, Count: 5
2026-04-20 13:11:02 | DEBUG    |     Connecting ssb-sim-node-7 -> ssb-sim-node-9...
2026-04-20 13:11:02 | DEBUG    |       Follow command: ssb-server publish --type contact --contact "@c66Gngdq3INowvmrC7d3DSdWALduRfx9vjFHQZwhuY0=.ed25519" --following
2026-04-20 13:11:02 | DEBUG    |         Follow successful
2026-04-20 13:11:02 | INFO     |       ssb-sim-node-7 -> ssb-sim-node-9
2026-04-20 13:11:02 | DEBUG    |     Connecting ssb-sim-node-7 -> ssb-sim-node-10...
2026-04-20 13:11:03 | DEBUG    |         Gossip successful
2026-04-20 13:11:03 | DEBUG    |       Follow command: ssb-server publish --type contact --contact "@gTN5lYIkyF7T648D8RuTzAwetOj3l0cLns8uBOUlAR0=.ed25519" --following
2026-04-20 13:11:03 | DEBUG    |         Follow successful
2026-04-20 13:11:03 | INFO     |       ssb-sim-node-7 -> ssb-sim-node-10
2026-04-20 13:11:03 | DEBUG    |     Connecting ssb-sim-node-7 -> ssb-sim-node-5...
2026-04-20 13:11:03 | DEBUG    |       Follow command: ssb-server publish --type contact --contact "@tGLoWo6MyBOJW8Vpk4KQqsd/B4osXfgzwzjHUynep7Q=.ed25519" --following
2026-04-20 13:11:03 | DEBUG    |         Follow successful
2026-04-20 13:11:03 | INFO     |       ssb-sim-node-7 -> ssb-sim-node-5
2026-04-20 13:11:03 | DEBUG    |     Connecting ssb-sim-node-7 -> ssb-sim-node-4...
2026-04-20 13:11:04 | DEBUG    |         Gossip successful
2026-04-20 13:11:04 | DEBUG    |       Follow command: ssb-server publish --type contact --contact "@qCCwno4X2VNh4vE6hly/f6O1XFirlhKVydFbKNStqsk=.ed25519" --following
2026-04-20 13:11:04 | DEBUG    |         Follow successful
2026-04-20 13:11:04 | INFO     |       ssb-sim-node-7 -> ssb-sim-node-4
2026-04-20 13:11:04 | DEBUG    |     Connecting ssb-sim-node-7 -> ssb-sim-node-6...
2026-04-20 13:11:05 | DEBUG    |         Gossip successful
2026-04-20 13:11:05 | DEBUG    |       Follow command: ssb-server publish --type contact --contact "@kjgUgOhE6XiMwvpvihWgVy2N8fMZpejE6GLuu7wnLUY=.ed25519" --following
2026-04-20 13:11:05 | DEBUG    |         Follow successful
2026-04-20 13:11:05 | INFO     |       ssb-sim-node-7 -> ssb-sim-node-6
2026-04-20 13:11:05 | DEBUG    |     Connected to: ssb-sim-node-9, ssb-sim-node-10, ssb-sim-node-5, ssb-sim-node-4, ssb-sim-node-6
2026-04-20 13:11:05 | INFO     |   ssb-sim-node-8: connecting to 3 peers...
2026-04-20 13:11:05 | DEBUG    |     Mode: range, Count: 3
2026-04-20 13:11:05 | DEBUG    |     Connecting ssb-sim-node-8 -> ssb-sim-node-1...
2026-04-20 13:11:06 | DEBUG    |         Gossip successful
2026-04-20 13:11:06 | DEBUG    |       Follow command: ssb-server publish --type contact --contact "@RR/YnWl4wtPS6XThh/bCR7tUb8tPdxxDJvC4H87z/Ps=.ed25519" --following
2026-04-20 13:11:06 | DEBUG    |         Follow successful
2026-04-20 13:11:06 | INFO     |       ssb-sim-node-8 -> ssb-sim-node-1
2026-04-20 13:11:06 | DEBUG    |     Connecting ssb-sim-node-8 -> ssb-sim-node-3...
2026-04-20 13:11:07 | DEBUG    |         Gossip successful
2026-04-20 13:11:07 | DEBUG    |       Follow command: ssb-server publish --type contact --contact "@jD0ydpb8A+qT4aAYBlYImYVRa8ImHnyjRNbqUyEVPUQ=.ed25519" --following
2026-04-20 13:11:07 | DEBUG    |         Follow successful
2026-04-20 13:11:07 | INFO     |       ssb-sim-node-8 -> ssb-sim-node-3
2026-04-20 13:11:07 | DEBUG    |     Connecting ssb-sim-node-8 -> ssb-sim-node-5...
2026-04-20 13:11:08 | DEBUG    |         Gossip successful
2026-04-20 13:11:08 | DEBUG    |       Follow command: ssb-server publish --type contact --contact "@tGLoWo6MyBOJW8Vpk4KQqsd/B4osXfgzwzjHUynep7Q=.ed25519" --following
2026-04-20 13:11:08 | DEBUG    |         Follow successful
2026-04-20 13:11:08 | INFO     |       ssb-sim-node-8 -> ssb-sim-node-5
2026-04-20 13:11:08 | DEBUG    |     Connected to: ssb-sim-node-1, ssb-sim-node-3, ssb-sim-node-5
2026-04-20 13:11:08 | INFO     |   ssb-sim-node-9: connecting to 5 peers...
2026-04-20 13:11:08 | DEBUG    |     Mode: range, Count: 5
2026-04-20 13:11:08 | DEBUG    |     Connecting ssb-sim-node-9 -> ssb-sim-node-8...
2026-04-20 13:11:08 | DEBUG    |         Gossip successful
2026-04-20 13:11:08 | DEBUG    |       Follow command: ssb-server publish --type contact --contact "@chOSpEKuaiAUkyshhNWnJspPPWNHQpPeRpEB6aDQkyo=.ed25519" --following
2026-04-20 13:11:09 | DEBUG    |         Follow successful
2026-04-20 13:11:09 | INFO     |       ssb-sim-node-9 -> ssb-sim-node-8
2026-04-20 13:11:09 | DEBUG    |     Connecting ssb-sim-node-9 -> ssb-sim-node-4...
2026-04-20 13:11:09 | DEBUG    |         Gossip successful
2026-04-20 13:11:09 | DEBUG    |       Follow command: ssb-server publish --type contact --contact "@qCCwno4X2VNh4vE6hly/f6O1XFirlhKVydFbKNStqsk=.ed25519" --following
2026-04-20 13:11:10 | DEBUG    |         Follow successful
2026-04-20 13:11:10 | INFO     |       ssb-sim-node-9 -> ssb-sim-node-4
2026-04-20 13:11:10 | DEBUG    |     Connecting ssb-sim-node-9 -> ssb-sim-node-6...
2026-04-20 13:11:10 | DEBUG    |         Gossip successful
2026-04-20 13:11:10 | DEBUG    |       Follow command: ssb-server publish --type contact --contact "@kjgUgOhE6XiMwvpvihWgVy2N8fMZpejE6GLuu7wnLUY=.ed25519" --following
2026-04-20 13:11:11 | DEBUG    |         Follow successful
2026-04-20 13:11:11 | INFO     |       ssb-sim-node-9 -> ssb-sim-node-6
2026-04-20 13:11:11 | DEBUG    |     Connecting ssb-sim-node-9 -> ssb-sim-node-2...
2026-04-20 13:11:11 | DEBUG    |         Gossip successful
2026-04-20 13:11:11 | DEBUG    |       Follow command: ssb-server publish --type contact --contact "@9+R2IYd22AdbzbQcZjypMypQsZW4oTz/UrvZ+bfUul8=.ed25519" --following
2026-04-20 13:11:12 | DEBUG    |         Follow successful
2026-04-20 13:11:12 | INFO     |       ssb-sim-node-9 -> ssb-sim-node-2
2026-04-20 13:11:12 | DEBUG    |     Connecting ssb-sim-node-9 -> ssb-sim-node-1...
2026-04-20 13:11:12 | DEBUG    |       Follow command: ssb-server publish --type contact --contact "@RR/YnWl4wtPS6XThh/bCR7tUb8tPdxxDJvC4H87z/Ps=.ed25519" --following
2026-04-20 13:11:12 | DEBUG    |         Follow successful
2026-04-20 13:11:12 | INFO     |       ssb-sim-node-9 -> ssb-sim-node-1
2026-04-20 13:11:12 | DEBUG    |     Connected to: ssb-sim-node-8, ssb-sim-node-4, ssb-sim-node-6, ssb-sim-node-2, ssb-sim-node-1
2026-04-20 13:11:12 | INFO     |   ssb-sim-node-10: connecting to 3 peers...
2026-04-20 13:11:12 | DEBUG    |     Mode: range, Count: 3
2026-04-20 13:11:12 | DEBUG    |     Connecting ssb-sim-node-10 -> ssb-sim-node-3...
2026-04-20 13:11:13 | DEBUG    |         Gossip successful
2026-04-20 13:11:13 | DEBUG    |       Follow command: ssb-server publish --type contact --contact "@jD0ydpb8A+qT4aAYBlYImYVRa8ImHnyjRNbqUyEVPUQ=.ed25519" --following
2026-04-20 13:11:13 | DEBUG    |         Follow successful
2026-04-20 13:11:13 | INFO     |       ssb-sim-node-10 -> ssb-sim-node-3
2026-04-20 13:11:13 | DEBUG    |     Connecting ssb-sim-node-10 -> ssb-sim-node-7...
2026-04-20 13:11:13 | DEBUG    |         Gossip successful
2026-04-20 13:11:13 | DEBUG    |       Follow command: ssb-server publish --type contact --contact "@VwQlrk1I7DzKDsB018lCBSQv/66C4pbbYJTMWzI4wyY=.ed25519" --following
2026-04-20 13:11:14 | DEBUG    |         Follow successful
2026-04-20 13:11:14 | INFO     |       ssb-sim-node-10 -> ssb-sim-node-7
2026-04-20 13:11:14 | DEBUG    |     Connecting ssb-sim-node-10 -> ssb-sim-node-1...
2026-04-20 13:11:14 | DEBUG    |         Gossip successful
2026-04-20 13:11:14 | DEBUG    |       Follow command: ssb-server publish --type contact --contact "@RR/YnWl4wtPS6XThh/bCR7tUb8tPdxxDJvC4H87z/Ps=.ed25519" --following
2026-04-20 13:11:15 | DEBUG    |         Follow successful
2026-04-20 13:11:15 | INFO     |       ssb-sim-node-10 -> ssb-sim-node-1
2026-04-20 13:11:15 | DEBUG    |     Connected to: ssb-sim-node-3, ssb-sim-node-7, ssb-sim-node-1
2026-04-20 13:11:15 | INFO     |   Connections complete: 35 successful, 0 failed (28.48s)
2026-04-20 13:11:15 | DEBUG    | Connection matrix:
2026-04-20 13:11:15 | DEBUG    |   ssb-sim-node-1: 4 connections -> ['ssb-sim-node-9', 'ssb-sim-node-7', 'ssb-sim-node-3', 'ssb-sim-node-5']
2026-04-20 13:11:15 | DEBUG    |   ssb-sim-node-2: 4 connections -> ['ssb-sim-node-4', 'ssb-sim-node-8', 'ssb-sim-node-6', 'ssb-sim-node-5']
2026-04-20 13:11:15 | DEBUG    |   ssb-sim-node-3: 3 connections -> ['ssb-sim-node-6', 'ssb-sim-node-4', 'ssb-sim-node-7']
2026-04-20 13:11:15 | DEBUG    |   ssb-sim-node-4: 2 connections -> ['ssb-sim-node-3', 'ssb-sim-node-6']
2026-04-20 13:11:15 | DEBUG    |   ssb-sim-node-5: 3 connections -> ['ssb-sim-node-3', 'ssb-sim-node-10', 'ssb-sim-node-7']
2026-04-20 13:11:15 | DEBUG    |   ssb-sim-node-6: 3 connections -> ['ssb-sim-node-1', 'ssb-sim-node-8', 'ssb-sim-node-3']
2026-04-20 13:11:15 | DEBUG    |   ssb-sim-node-7: 5 connections -> ['ssb-sim-node-9', 'ssb-sim-node-10', 'ssb-sim-node-5', 'ssb-sim-node-4', 'ssb-sim-node-6']
2026-04-20 13:11:15 | DEBUG    |   ssb-sim-node-8: 3 connections -> ['ssb-sim-node-1', 'ssb-sim-node-3', 'ssb-sim-node-5']
2026-04-20 13:11:15 | DEBUG    |   ssb-sim-node-9: 5 connections -> ['ssb-sim-node-8', 'ssb-sim-node-4', 'ssb-sim-node-6', 'ssb-sim-node-2', 'ssb-sim-node-1']
2026-04-20 13:11:15 | DEBUG    |   ssb-sim-node-10: 3 connections -> ['ssb-sim-node-3', 'ssb-sim-node-7', 'ssb-sim-node-1']
2026-04-20 13:11:15 | DEBUG    | --------------------------------------------------------------------------------
2026-04-20 13:11:15 | INFO     | ================================================================================
2026-04-20 13:11:15 | INFO     | SIMULATION COMPLETE - Total time: 147.94s
2026-04-20 13:11:15 | INFO     | ================================================================================
2026-04-20 13:11:15 | INFO     | Direct connections to ssb-sim-node-1: {'ssb-sim-node-10', 'ssb-sim-node-5', 'ssb-sim-node-6', 'ssb-sim-node-7', 'ssb-sim-node-3', 'ssb-sim-node-8', 'ssb-sim-node-9'}
2026-04-20 13:11:15 | INFO     | Indirect connections to ssb-sim-node-1: {'ssb-sim-node-2', 'ssb-sim-node-4'}
2026-04-20 13:11:16 | INFO     | Polling ssb-sim-node-10 for post...
2026-04-20 13:11:16 | INFO     | Polling ssb-sim-node-9 for post...
2026-04-20 13:11:16 | INFO     | Polling ssb-sim-node-5 for post...
2026-04-20 13:11:16 | INFO     | Polling ssb-sim-node-6 for post...
2026-04-20 13:11:16 | INFO     | Polling ssb-sim-node-8 for post...
2026-04-20 13:11:16 | INFO     | Polling ssb-sim-node-7 for post...
2026-04-20 13:11:16 | INFO     | Polling ssb-sim-node-3 for post...
2026-04-20 13:11:16 | INFO     | 
==================================================
2026-04-20 13:11:16 | INFO     |   SCENARIO: BASELINE
2026-04-20 13:11:16 | INFO     | ==================================================
2026-04-20 13:11:16 | INFO     |   Message ID : %UOiMxPAxz6yrWIVBIUpADokrnJBq17N9iN30IIS+MXg=.sha256
2026-04-20 13:11:16 | INFO     |   Posted at  : 13:11:15.589
2026-04-20 13:11:16 | INFO     |   Nodes down : None
2026-04-20 13:11:16 | INFO     |   Completion : 100%
2026-04-20 13:11:16 | INFO     |   Median     : 0 minutes 0 seconds 793.540 miliseconds
2026-04-20 13:11:16 | INFO     | 

2026-04-20 13:11:16 | INFO     |   NODE                      LAN                RECEIVED   ELAPSED
2026-04-20 13:11:16 | INFO     |   ------------------------ ----------------- --------- ---------------
2026-04-20 13:11:16 | INFO     |   ssb-sim-node-10           ssb-sim-lan-2      yes        0 minutes 0 seconds 736.363 miliseconds
2026-04-20 13:11:16 | INFO     |   ssb-sim-node-5            ssb-sim-lan-1      yes        0 minutes 0 seconds 776.434 miliseconds
2026-04-20 13:11:16 | INFO     |   ssb-sim-node-6            ssb-sim-lan-2      yes        0 minutes 0 seconds 793.540 miliseconds
2026-04-20 13:11:16 | INFO     |   ssb-sim-node-7            ssb-sim-lan-1      yes        0 minutes 0 seconds 797.920 miliseconds
2026-04-20 13:11:16 | INFO     |   ssb-sim-node-3            ssb-sim-lan-1      yes        0 minutes 0 seconds 799.718 miliseconds
2026-04-20 13:11:16 | INFO     |   ssb-sim-node-8            ssb-sim-lan-2      yes        0 minutes 0 seconds 793.740 miliseconds
2026-04-20 13:11:16 | INFO     |   ssb-sim-node-9            ssb-sim-lan-1      yes        0 minutes 0 seconds 763.551 miliseconds
2026-04-20 13:11:16 | INFO     | ==================================================

2026-04-20 13:11:16 | INFO     |   Plot saved: logs/baseline_1776690676.png
2026-04-20 13:11:17 | INFO     | Polling ssb-sim-node-6 for post...
2026-04-20 13:11:17 | INFO     | Polling ssb-sim-node-10 for post...
2026-04-20 13:11:17 | INFO     | Polling ssb-sim-node-7 for post...
2026-04-20 13:11:18 | INFO     | Polling ssb-sim-node-3 for post...
2026-04-20 13:11:18 | INFO     | Polling ssb-sim-node-8 for post...
2026-04-20 13:11:18 | INFO     | Polling ssb-sim-node-5 for post...
2026-04-20 13:11:18 | INFO     | Polling ssb-sim-node-9 for post...
2026-04-20 13:11:18 | INFO     | 
==================================================
2026-04-20 13:11:18 | INFO     |   SCENARIO: AUTHOR_DROPOUT
2026-04-20 13:11:18 | INFO     | ==================================================
2026-04-20 13:11:18 | INFO     |   Message ID : %PfrV66ut2sARArEfN4OXYdcOYb6UrncQnn1h81yE41Y=.sha256
2026-04-20 13:11:18 | INFO     |   Posted at  : 13:11:17.026
2026-04-20 13:11:18 | INFO     |   Nodes down : ['ssb-sim-node-1']
2026-04-20 13:11:18 | INFO     |   Completion : 100%
2026-04-20 13:11:18 | INFO     |   Median     : 0 minutes 0 seconds 983.510 miliseconds
2026-04-20 13:11:18 | INFO     | 

2026-04-20 13:11:18 | INFO     |   NODE                      LAN                RECEIVED   ELAPSED
2026-04-20 13:11:18 | INFO     |   ------------------------ ----------------- --------- ---------------
2026-04-20 13:11:18 | INFO     |   ssb-sim-node-10           ssb-sim-lan-2      yes        0 minutes 0 seconds 948.245 miliseconds
2026-04-20 13:11:18 | INFO     |   ssb-sim-node-5            ssb-sim-lan-1      yes        0 minutes 1 seconds 8.526 miliseconds
2026-04-20 13:11:18 | INFO     |   ssb-sim-node-6            ssb-sim-lan-2      yes        0 minutes 0 seconds 946.929 miliseconds
2026-04-20 13:11:18 | INFO     |   ssb-sim-node-7            ssb-sim-lan-1      yes        0 minutes 0 seconds 966.205 miliseconds
2026-04-20 13:11:18 | INFO     |   ssb-sim-node-3            ssb-sim-lan-1      yes        0 minutes 0 seconds 983.510 miliseconds
2026-04-20 13:11:18 | INFO     |   ssb-sim-node-8            ssb-sim-lan-2      yes        0 minutes 0 seconds 997.829 miliseconds
2026-04-20 13:11:18 | INFO     |   ssb-sim-node-9            ssb-sim-lan-1      yes        0 minutes 1 seconds 8.911 miliseconds
2026-04-20 13:11:18 | INFO     | ==================================================

2026-04-20 13:11:18 | INFO     |   Plot saved: logs/author_dropout_1776690678.png
2026-04-20 13:11:18 | INFO     | Restarted ssb-sim-node-1, waiting for SSB to be ready...
2026-04-20 13:11:21 | INFO     | ssb-sim-node-1 is awake
2026-04-20 13:11:21 | INFO     | Attempt to bootstrap ssb-sim-node-1 by contacting ssb-sim-node-10
2026-04-20 13:11:22 | DEBUG    | Result: 1776690682306

2026-04-20 13:11:22 | INFO     | ssb-sim-node-1 successfully contacted ssb-sim-node-10
2026-04-20 13:11:22 | INFO     | Attempt to bootstrap ssb-sim-node-1 by contacting ssb-sim-node-5
2026-04-20 13:11:22 | DEBUG    | Result: 1776690682702

2026-04-20 13:11:22 | INFO     | ssb-sim-node-1 successfully contacted ssb-sim-node-5
2026-04-20 13:11:22 | INFO     | Attempt to bootstrap ssb-sim-node-1 by contacting ssb-sim-node-6
2026-04-20 13:11:23 | DEBUG    | Result: 1776690683100

2026-04-20 13:11:23 | INFO     | ssb-sim-node-1 successfully contacted ssb-sim-node-6
2026-04-20 13:11:23 | INFO     | Attempt to bootstrap ssb-sim-node-1 by contacting ssb-sim-node-7
2026-04-20 13:11:23 | DEBUG    | Result: 1776690683481

2026-04-20 13:11:23 | INFO     | ssb-sim-node-1 successfully contacted ssb-sim-node-7
2026-04-20 13:11:23 | INFO     | Attempt to bootstrap ssb-sim-node-1 by contacting ssb-sim-node-3
2026-04-20 13:11:23 | DEBUG    | Result: 1776690683845

2026-04-20 13:11:23 | INFO     | ssb-sim-node-1 successfully contacted ssb-sim-node-3
2026-04-20 13:11:23 | INFO     | Attempt to bootstrap ssb-sim-node-1 by contacting ssb-sim-node-8
2026-04-20 13:11:24 | DEBUG    | Result: 1776690684195

2026-04-20 13:11:24 | INFO     | ssb-sim-node-1 successfully contacted ssb-sim-node-8
2026-04-20 13:11:24 | INFO     | Attempt to bootstrap ssb-sim-node-1 by contacting ssb-sim-node-9
2026-04-20 13:11:24 | DEBUG    | Result: 1776690684566

2026-04-20 13:11:24 | INFO     | ssb-sim-node-1 successfully contacted ssb-sim-node-9
2026-04-20 13:11:25 | INFO     | Waiting for cross-LAN propagation before stopping LAN nodes...
2026-04-20 13:11:29 | INFO     | Cross-LAN node ssb-sim-node-8 has the post — proceeding with LAN dropout
2026-04-20 13:11:30 | INFO     | Polling ssb-sim-node-8 for post...
2026-04-20 13:11:35 | INFO     | Polling ssb-sim-node-10 for post...
2026-04-20 13:11:35 | INFO     | Polling ssb-sim-node-6 for post...
2026-04-20 13:11:44 | INFO     | Polling ssb-sim-node-6 for post...
2026-04-20 13:11:44 | INFO     | Polling ssb-sim-node-10 for post...
2026-04-20 13:11:52 | INFO     | Polling ssb-sim-node-6 for post...
2026-04-20 13:11:52 | INFO     | Polling ssb-sim-node-10 for post...
2026-04-20 13:12:01 | INFO     | Polling ssb-sim-node-10 for post...
2026-04-20 13:12:01 | INFO     | Polling ssb-sim-node-6 for post...
2026-04-20 13:12:09 | INFO     | Polling ssb-sim-node-6 for post...
2026-04-20 13:12:09 | INFO     | Polling ssb-sim-node-10 for post...
2026-04-20 13:12:17 | INFO     | Polling ssb-sim-node-6 for post...
2026-04-20 13:12:17 | INFO     | Polling ssb-sim-node-10 for post...
2026-04-20 13:12:26 | INFO     | Polling ssb-sim-node-6 for post...
2026-04-20 13:12:26 | INFO     | Polling ssb-sim-node-10 for post...
2026-04-20 13:12:34 | INFO     | Polling ssb-sim-node-10 for post...
2026-04-20 13:12:34 | INFO     | Polling ssb-sim-node-6 for post...
2026-04-20 13:12:42 | INFO     | Polling ssb-sim-node-6 for post...
2026-04-20 13:12:42 | INFO     | Polling ssb-sim-node-10 for post...
2026-04-20 13:12:51 | INFO     | Polling ssb-sim-node-6 for post...
2026-04-20 13:12:51 | INFO     | Polling ssb-sim-node-10 for post...
2026-04-20 13:12:59 | INFO     | Polling ssb-sim-node-10 for post...
2026-04-20 13:12:59 | INFO     | Polling ssb-sim-node-6 for post...
2026-04-20 13:13:08 | INFO     | Polling ssb-sim-node-6 for post...
2026-04-20 13:13:08 | INFO     | Polling ssb-sim-node-10 for post...
2026-04-20 13:13:16 | INFO     | Polling ssb-sim-node-10 for post...
2026-04-20 13:13:16 | INFO     | Polling ssb-sim-node-6 for post...
2026-04-20 13:13:24 | INFO     | Polling ssb-sim-node-10 for post...
2026-04-20 13:13:24 | INFO     | Polling ssb-sim-node-6 for post...
2026-04-20 13:13:33 | INFO     | Polling ssb-sim-node-6 for post...
2026-04-20 13:13:33 | INFO     | Polling ssb-sim-node-10 for post...
2026-04-20 13:13:41 | INFO     | Polling ssb-sim-node-10 for post...
2026-04-20 13:13:41 | INFO     | Polling ssb-sim-node-6 for post...
2026-04-20 13:13:49 | INFO     | Polling ssb-sim-node-6 for post...
2026-04-20 13:13:49 | INFO     | Polling ssb-sim-node-10 for post...
2026-04-20 13:13:58 | INFO     | Polling ssb-sim-node-10 for post...
2026-04-20 13:13:58 | INFO     | Polling ssb-sim-node-6 for post...
2026-04-20 13:14:06 | INFO     | Polling ssb-sim-node-10 for post...
2026-04-20 13:14:06 | INFO     | Polling ssb-sim-node-6 for post...
2026-04-20 13:14:15 | INFO     | Polling ssb-sim-node-10 for post...
2026-04-20 13:14:15 | INFO     | Polling ssb-sim-node-6 for post...
2026-04-20 13:14:23 | INFO     | Polling ssb-sim-node-10 for post...
2026-04-20 13:14:23 | INFO     | Polling ssb-sim-node-6 for post...
2026-04-20 13:14:31 | INFO     | Polling ssb-sim-node-10 for post...
2026-04-20 13:14:31 | INFO     | Polling ssb-sim-node-6 for post...
2026-04-20 13:14:40 | INFO     | Polling ssb-sim-node-6 for post...
2026-04-20 13:14:40 | INFO     | Polling ssb-sim-node-10 for post...
2026-04-20 13:14:48 | INFO     | Polling ssb-sim-node-10 for post...
2026-04-20 13:14:48 | INFO     | Polling ssb-sim-node-6 for post...
2026-04-20 13:14:56 | INFO     | Polling ssb-sim-node-10 for post...
2026-04-20 13:14:56 | INFO     | Polling ssb-sim-node-6 for post...
2026-04-20 13:15:05 | INFO     | Polling ssb-sim-node-10 for post...
2026-04-20 13:15:05 | INFO     | Polling ssb-sim-node-6 for post...
2026-04-20 13:15:13 | INFO     | Polling ssb-sim-node-6 for post...
2026-04-20 13:15:13 | INFO     | Polling ssb-sim-node-10 for post...
2026-04-20 13:15:22 | INFO     | Polling ssb-sim-node-6 for post...
2026-04-20 13:15:22 | INFO     | Polling ssb-sim-node-10 for post...
2026-04-20 13:15:30 | INFO     | Polling ssb-sim-node-10 for post...
2026-04-20 13:15:30 | INFO     | Polling ssb-sim-node-6 for post...
2026-04-20 13:15:38 | INFO     | Polling ssb-sim-node-6 for post...
2026-04-20 13:15:38 | INFO     | Polling ssb-sim-node-10 for post...
2026-04-20 13:15:47 | INFO     | Polling ssb-sim-node-10 for post...
2026-04-20 13:15:47 | INFO     | Polling ssb-sim-node-6 for post...
2026-04-20 13:15:55 | INFO     | Polling ssb-sim-node-10 for post...
2026-04-20 13:15:55 | INFO     | Polling ssb-sim-node-6 for post...
2026-04-20 13:16:03 | INFO     | Polling ssb-sim-node-6 for post...
2026-04-20 13:16:03 | INFO     | Polling ssb-sim-node-10 for post...
2026-04-20 13:16:12 | INFO     | Polling ssb-sim-node-6 for post...
2026-04-20 13:16:12 | INFO     | Polling ssb-sim-node-10 for post...
2026-04-20 13:16:20 | INFO     | Polling ssb-sim-node-10 for post...
2026-04-20 13:16:20 | INFO     | Polling ssb-sim-node-6 for post...
2026-04-20 13:16:29 | INFO     | Polling ssb-sim-node-6 for post...
2026-04-20 13:16:29 | INFO     | Polling ssb-sim-node-10 for post...
2026-04-20 13:16:32 | INFO     | Restarted ssb-sim-node-1, waiting for SSB to be ready...
2026-04-20 13:16:35 | INFO     | ssb-sim-node-1 is awake
2026-04-20 13:16:35 | INFO     | Attempt to bootstrap ssb-sim-node-1 by contacting ssb-sim-node-10
2026-04-20 13:16:36 | DEBUG    | Result: 1776690995956

2026-04-20 13:16:36 | INFO     | ssb-sim-node-1 successfully contacted ssb-sim-node-10
2026-04-20 13:16:36 | INFO     | Attempt to bootstrap ssb-sim-node-1 by contacting ssb-sim-node-6
2026-04-20 13:16:36 | DEBUG    | Result: 1776690996321

2026-04-20 13:16:36 | INFO     | ssb-sim-node-1 successfully contacted ssb-sim-node-6
2026-04-20 13:16:36 | INFO     | Attempt to bootstrap ssb-sim-node-1 by contacting ssb-sim-node-8
2026-04-20 13:16:36 | DEBUG    | Result: 1776690996680

2026-04-20 13:16:36 | INFO     | ssb-sim-node-1 successfully contacted ssb-sim-node-8
2026-04-20 13:16:36 | INFO     | Restarted ssb-sim-node-5, waiting for SSB to be ready...
2026-04-20 13:16:39 | INFO     | ssb-sim-node-5 is awake
2026-04-20 13:16:40 | INFO     | Attempt to bootstrap ssb-sim-node-5 by contacting ssb-sim-node-10
2026-04-20 13:16:40 | DEBUG    | Result: 1776691000466

2026-04-20 13:16:40 | INFO     | ssb-sim-node-5 successfully contacted ssb-sim-node-10
2026-04-20 13:16:40 | INFO     | Attempt to bootstrap ssb-sim-node-5 by contacting ssb-sim-node-6
2026-04-20 13:16:40 | DEBUG    | Result: 1776691000817

2026-04-20 13:16:40 | INFO     | ssb-sim-node-5 successfully contacted ssb-sim-node-6
2026-04-20 13:16:40 | INFO     | Attempt to bootstrap ssb-sim-node-5 by contacting ssb-sim-node-8
2026-04-20 13:16:41 | DEBUG    | Result: 1776691001184

2026-04-20 13:16:41 | INFO     | ssb-sim-node-5 successfully contacted ssb-sim-node-8
2026-04-20 13:16:41 | INFO     | Restarted ssb-sim-node-7, waiting for SSB to be ready...
2026-04-20 13:16:44 | INFO     | ssb-sim-node-7 is awake
2026-04-20 13:16:44 | INFO     | Attempt to bootstrap ssb-sim-node-7 by contacting ssb-sim-node-10
2026-04-20 13:16:45 | DEBUG    | Result: 1776691005000

2026-04-20 13:16:45 | INFO     | ssb-sim-node-7 successfully contacted ssb-sim-node-10
2026-04-20 13:16:45 | INFO     | Attempt to bootstrap ssb-sim-node-7 by contacting ssb-sim-node-6
2026-04-20 13:16:45 | DEBUG    | Result: 1776691005341

2026-04-20 13:16:45 | INFO     | ssb-sim-node-7 successfully contacted ssb-sim-node-6
2026-04-20 13:16:45 | INFO     | Attempt to bootstrap ssb-sim-node-7 by contacting ssb-sim-node-8
2026-04-20 13:16:45 | DEBUG    | Result: 1776691005686

2026-04-20 13:16:45 | INFO     | ssb-sim-node-7 successfully contacted ssb-sim-node-8
2026-04-20 13:16:45 | INFO     | Restarted ssb-sim-node-3, waiting for SSB to be ready...
2026-04-20 13:16:48 | INFO     | ssb-sim-node-3 is awake
2026-04-20 13:16:49 | INFO     | Attempt to bootstrap ssb-sim-node-3 by contacting ssb-sim-node-10
2026-04-20 13:16:49 | DEBUG    | Result: 1776691009552

2026-04-20 13:16:49 | INFO     | ssb-sim-node-3 successfully contacted ssb-sim-node-10
2026-04-20 13:16:49 | INFO     | Attempt to bootstrap ssb-sim-node-3 by contacting ssb-sim-node-6
2026-04-20 13:16:49 | DEBUG    | Result: 1776691009909

2026-04-20 13:16:49 | INFO     | ssb-sim-node-3 successfully contacted ssb-sim-node-6
2026-04-20 13:16:49 | INFO     | Attempt to bootstrap ssb-sim-node-3 by contacting ssb-sim-node-8
2026-04-20 13:16:50 | DEBUG    | Result: 1776691010262

2026-04-20 13:16:50 | INFO     | ssb-sim-node-3 successfully contacted ssb-sim-node-8
2026-04-20 13:16:50 | INFO     | Restarted ssb-sim-node-9, waiting for SSB to be ready...
2026-04-20 13:16:53 | INFO     | ssb-sim-node-9 is awake
2026-04-20 13:16:53 | INFO     | Attempt to bootstrap ssb-sim-node-9 by contacting ssb-sim-node-10
2026-04-20 13:16:54 | DEBUG    | Result: 1776691014236

2026-04-20 13:16:54 | INFO     | ssb-sim-node-9 successfully contacted ssb-sim-node-10
2026-04-20 13:16:54 | INFO     | Attempt to bootstrap ssb-sim-node-9 by contacting ssb-sim-node-6
2026-04-20 13:16:54 | DEBUG    | Result: 1776691014599

2026-04-20 13:16:54 | INFO     | ssb-sim-node-9 successfully contacted ssb-sim-node-6
2026-04-20 13:16:54 | INFO     | Attempt to bootstrap ssb-sim-node-9 by contacting ssb-sim-node-8
2026-04-20 13:16:54 | DEBUG    | Result: 1776691014944

2026-04-20 13:16:54 | INFO     | ssb-sim-node-9 successfully contacted ssb-sim-node-8
2026-04-20 13:16:55 | INFO     | Polling ssb-sim-node-5 for post...
2026-04-20 13:16:55 | INFO     | Polling ssb-sim-node-7 for post...
2026-04-20 13:16:55 | INFO     | Polling ssb-sim-node-3 for post...
2026-04-20 13:16:55 | INFO     | Polling ssb-sim-node-9 for post...
2026-04-20 13:16:55 | INFO     | 
==================================================
2026-04-20 13:16:55 | INFO     |   SCENARIO: SAME_LAN_DROPOUT
2026-04-20 13:16:55 | INFO     | ==================================================
2026-04-20 13:16:55 | INFO     |   Message ID : %Tg6/QaVN5au/GOkYka/g/BCqdGzjLh8Ntb2FMk6wAFg=.sha256
2026-04-20 13:16:55 | INFO     |   Posted at  : 13:11:24.944
2026-04-20 13:16:55 | INFO     |   Nodes down : {'ssb-sim-node-1', 'ssb-sim-node-5', 'ssb-sim-node-7', 'ssb-sim-node-3', 'ssb-sim-node-9'}
2026-04-20 13:16:55 | INFO     |   Completion : 33%
2026-04-20 13:16:55 | INFO     |   Median     : 0 minutes 5 seconds 990.935 miliseconds
2026-04-20 13:16:55 | INFO     | 

2026-04-20 13:16:55 | INFO     |   NODE                      LAN                RECEIVED   ELAPSED
2026-04-20 13:16:55 | INFO     |   ------------------------ ----------------- --------- ---------------
2026-04-20 13:16:55 | INFO     |   ssb-sim-node-8            ssb-sim-lan-2      yes        0 minutes 5 seconds 990.935 miliseconds
2026-04-20 13:16:55 | INFO     |   ssb-sim-node-10           ssb-sim-lan-2      no         —
2026-04-20 13:16:55 | INFO     |   ssb-sim-node-6            ssb-sim-lan-2      no         —
2026-04-20 13:16:55 | INFO     | ==================================================

2026-04-20 13:16:55 | INFO     |   Plot saved: logs/same_lan_dropout_1776691015.png
2026-04-20 13:16:55 | INFO     | 
==================================================
2026-04-20 13:16:55 | INFO     |   SCENARIO: SAME_LAN_CATCHUP
2026-04-20 13:16:55 | INFO     | ==================================================
2026-04-20 13:16:55 | INFO     |   Message ID : %Tg6/QaVN5au/GOkYka/g/BCqdGzjLh8Ntb2FMk6wAFg=.sha256
2026-04-20 13:16:55 | INFO     |   Posted at  : 13:16:54.996
2026-04-20 13:16:55 | INFO     |   Nodes down : {'ssb-sim-node-1', 'ssb-sim-node-5', 'ssb-sim-node-7', 'ssb-sim-node-3', 'ssb-sim-node-9'}
2026-04-20 13:16:55 | INFO     |   Completion : 100%
2026-04-20 13:16:55 | INFO     |   Median     : 0 minutes 0 seconds 429.558 miliseconds
2026-04-20 13:16:55 | INFO     | 

2026-04-20 13:16:55 | INFO     |   NODE                      LAN                RECEIVED   ELAPSED
2026-04-20 13:16:55 | INFO     |   ------------------------ ----------------- --------- ---------------
2026-04-20 13:16:55 | INFO     |   ssb-sim-node-5            ssb-sim-lan-1      yes        0 minutes 0 seconds 418.867 miliseconds
2026-04-20 13:16:55 | INFO     |   ssb-sim-node-7            ssb-sim-lan-1      yes        0 minutes 0 seconds 426.939 miliseconds
2026-04-20 13:16:55 | INFO     |   ssb-sim-node-3            ssb-sim-lan-1      yes        0 minutes 0 seconds 432.177 miliseconds
2026-04-20 13:16:55 | INFO     |   ssb-sim-node-9            ssb-sim-lan-1      yes        0 minutes 0 seconds 432.422 miliseconds
2026-04-20 13:16:55 | INFO     | ==================================================

2026-04-20 13:16:55 | INFO     |   Plot saved: logs/same_lan_catchup_1776691015.png
2026-04-20 13:16:59 | INFO     | Polling ssb-sim-node-7 for post...
2026-04-20 13:17:02 | INFO     | Polling ssb-sim-node-5 for post...
2026-04-20 13:17:02 | INFO     | Polling ssb-sim-node-10 for post...
2026-04-20 13:17:02 | INFO     | Polling ssb-sim-node-9 for post...
2026-04-20 13:17:10 | INFO     | Polling ssb-sim-node-9 for post...
2026-04-20 13:17:10 | INFO     | Polling ssb-sim-node-10 for post...
2026-04-20 13:17:19 | INFO     | Polling ssb-sim-node-10 for post...
2026-04-20 13:17:27 | INFO     | Polling ssb-sim-node-10 for post...
2026-04-20 13:17:35 | INFO     | Polling ssb-sim-node-10 for post...
2026-04-20 13:17:44 | INFO     | Polling ssb-sim-node-10 for post...
2026-04-20 13:17:52 | INFO     | Polling ssb-sim-node-10 for post...
2026-04-20 13:18:00 | INFO     | Polling ssb-sim-node-10 for post...
2026-04-20 13:18:09 | INFO     | Polling ssb-sim-node-10 for post...
2026-04-20 13:18:17 | INFO     | Polling ssb-sim-node-10 for post...
2026-04-20 13:18:25 | INFO     | Polling ssb-sim-node-10 for post...
2026-04-20 13:18:34 | INFO     | Polling ssb-sim-node-10 for post...
2026-04-20 13:18:42 | INFO     | Polling ssb-sim-node-10 for post...
2026-04-20 13:18:50 | INFO     | Polling ssb-sim-node-10 for post...
2026-04-20 13:18:59 | INFO     | Polling ssb-sim-node-10 for post...
2026-04-20 13:19:07 | INFO     | Polling ssb-sim-node-10 for post...
2026-04-20 13:19:16 | INFO     | Polling ssb-sim-node-10 for post...
2026-04-20 13:19:24 | INFO     | Polling ssb-sim-node-10 for post...
2026-04-20 13:19:32 | INFO     | Polling ssb-sim-node-10 for post...
2026-04-20 13:19:41 | INFO     | Polling ssb-sim-node-10 for post...
2026-04-20 13:19:49 | INFO     | Polling ssb-sim-node-10 for post...
2026-04-20 13:19:57 | INFO     | Polling ssb-sim-node-10 for post...
2026-04-20 13:20:06 | INFO     | Polling ssb-sim-node-10 for post...
2026-04-20 13:20:14 | INFO     | Polling ssb-sim-node-10 for post...
2026-04-20 13:20:22 | INFO     | Polling ssb-sim-node-10 for post...
2026-04-20 13:20:31 | INFO     | Polling ssb-sim-node-10 for post...
2026-04-20 13:20:39 | INFO     | Polling ssb-sim-node-10 for post...
2026-04-20 13:20:47 | INFO     | Polling ssb-sim-node-10 for post...
2026-04-20 13:20:56 | INFO     | Polling ssb-sim-node-10 for post...
2026-04-20 13:21:04 | INFO     | Polling ssb-sim-node-10 for post...
2026-04-20 13:21:13 | INFO     | Polling ssb-sim-node-10 for post...
2026-04-20 13:21:21 | INFO     | Polling ssb-sim-node-10 for post...
2026-04-20 13:21:29 | INFO     | Polling ssb-sim-node-10 for post...
2026-04-20 13:21:38 | INFO     | Polling ssb-sim-node-10 for post...
2026-04-20 13:21:46 | INFO     | Polling ssb-sim-node-10 for post...
2026-04-20 13:21:54 | INFO     | Polling ssb-sim-node-10 for post...
2026-04-20 13:21:59 | INFO     | Restarted ssb-sim-node-8, waiting for SSB to be ready...
2026-04-20 13:22:02 | INFO     | ssb-sim-node-8 is awake
2026-04-20 13:22:02 | INFO     | Attempt to bootstrap ssb-sim-node-8 by contacting ssb-sim-node-10
2026-04-20 13:22:03 | DEBUG    | Result: 1776691323024

2026-04-20 13:22:03 | INFO     | ssb-sim-node-8 successfully contacted ssb-sim-node-10
2026-04-20 13:22:03 | INFO     | Attempt to bootstrap ssb-sim-node-8 by contacting ssb-sim-node-5
2026-04-20 13:22:03 | DEBUG    | Result: 1776691323421

2026-04-20 13:22:03 | INFO     | ssb-sim-node-8 successfully contacted ssb-sim-node-5
2026-04-20 13:22:03 | INFO     | Attempt to bootstrap ssb-sim-node-8 by contacting ssb-sim-node-7
2026-04-20 13:22:03 | DEBUG    | Result: 1776691323777

2026-04-20 13:22:03 | INFO     | ssb-sim-node-8 successfully contacted ssb-sim-node-7
2026-04-20 13:22:03 | INFO     | Attempt to bootstrap ssb-sim-node-8 by contacting ssb-sim-node-9
2026-04-20 13:22:04 | DEBUG    | Result: 1776691324150

2026-04-20 13:22:04 | INFO     | ssb-sim-node-8 successfully contacted ssb-sim-node-9
2026-04-20 13:22:04 | INFO     | Restarted ssb-sim-node-6, waiting for SSB to be ready...
2026-04-20 13:22:07 | INFO     | ssb-sim-node-6 is awake
2026-04-20 13:22:07 | INFO     | Attempt to bootstrap ssb-sim-node-6 by contacting ssb-sim-node-10
2026-04-20 13:22:08 | DEBUG    | Result: 1776691327985

2026-04-20 13:22:08 | INFO     | ssb-sim-node-6 successfully contacted ssb-sim-node-10
2026-04-20 13:22:08 | INFO     | Attempt to bootstrap ssb-sim-node-6 by contacting ssb-sim-node-5
2026-04-20 13:22:08 | DEBUG    | Result: 1776691328329

2026-04-20 13:22:08 | INFO     | ssb-sim-node-6 successfully contacted ssb-sim-node-5
2026-04-20 13:22:08 | INFO     | Attempt to bootstrap ssb-sim-node-6 by contacting ssb-sim-node-7
2026-04-20 13:22:08 | DEBUG    | Result: 1776691328679

2026-04-20 13:22:08 | INFO     | ssb-sim-node-6 successfully contacted ssb-sim-node-7
2026-04-20 13:22:08 | INFO     | Attempt to bootstrap ssb-sim-node-6 by contacting ssb-sim-node-9
2026-04-20 13:22:09 | DEBUG    | Result: 1776691329032

2026-04-20 13:22:09 | INFO     | ssb-sim-node-6 successfully contacted ssb-sim-node-9
2026-04-20 13:22:09 | INFO     | Restarted ssb-sim-node-3, waiting for SSB to be ready...
2026-04-20 13:22:11 | INFO     | ssb-sim-node-3 is awake
2026-04-20 13:22:12 | INFO     | Attempt to bootstrap ssb-sim-node-3 by contacting ssb-sim-node-10
2026-04-20 13:22:12 | DEBUG    | Result: 1776691332814

2026-04-20 13:22:12 | INFO     | ssb-sim-node-3 successfully contacted ssb-sim-node-10
2026-04-20 13:22:12 | INFO     | Attempt to bootstrap ssb-sim-node-3 by contacting ssb-sim-node-5
2026-04-20 13:22:13 | DEBUG    | Result: 1776691333167

2026-04-20 13:22:13 | INFO     | ssb-sim-node-3 successfully contacted ssb-sim-node-5
2026-04-20 13:22:13 | INFO     | Attempt to bootstrap ssb-sim-node-3 by contacting ssb-sim-node-7
2026-04-20 13:22:13 | DEBUG    | Result: 1776691333507

2026-04-20 13:22:13 | INFO     | ssb-sim-node-3 successfully contacted ssb-sim-node-7
2026-04-20 13:22:13 | INFO     | Attempt to bootstrap ssb-sim-node-3 by contacting ssb-sim-node-9
2026-04-20 13:22:13 | DEBUG    | Result: 1776691333845

2026-04-20 13:22:13 | INFO     | ssb-sim-node-3 successfully contacted ssb-sim-node-9
2026-04-20 13:22:16 | INFO     | Polling ssb-sim-node-3 for post...
2026-04-20 13:22:19 | INFO     | Polling ssb-sim-node-6 for post...
2026-04-20 13:22:19 | INFO     | Polling ssb-sim-node-8 for post...
2026-04-20 13:22:27 | INFO     | Polling ssb-sim-node-8 for post...
2026-04-20 13:22:27 | INFO     | Polling ssb-sim-node-6 for post...
2026-04-20 13:22:36 | INFO     | Polling ssb-sim-node-6 for post...
2026-04-20 13:22:36 | INFO     | Polling ssb-sim-node-8 for post...
2026-04-20 13:22:44 | INFO     | Polling ssb-sim-node-6 for post...
2026-04-20 13:22:44 | INFO     | Polling ssb-sim-node-8 for post...
2026-04-20 13:22:52 | INFO     | Polling ssb-sim-node-8 for post...
2026-04-20 13:22:52 | INFO     | Polling ssb-sim-node-6 for post...
2026-04-20 13:23:01 | INFO     | Polling ssb-sim-node-6 for post...
2026-04-20 13:23:01 | INFO     | Polling ssb-sim-node-8 for post...
2026-04-20 13:23:09 | INFO     | Polling ssb-sim-node-6 for post...
2026-04-20 13:23:09 | INFO     | Polling ssb-sim-node-8 for post...
2026-04-20 13:23:17 | INFO     | Polling ssb-sim-node-6 for post...
2026-04-20 13:23:17 | INFO     | Polling ssb-sim-node-8 for post...
2026-04-20 13:23:26 | INFO     | Polling ssb-sim-node-8 for post...
2026-04-20 13:23:26 | INFO     | Polling ssb-sim-node-6 for post...
2026-04-20 13:23:34 | INFO     | Polling ssb-sim-node-6 for post...
2026-04-20 13:23:34 | INFO     | Polling ssb-sim-node-8 for post...
2026-04-20 13:23:42 | INFO     | Polling ssb-sim-node-8 for post...
2026-04-20 13:23:42 | INFO     | Polling ssb-sim-node-6 for post...
2026-04-20 13:23:51 | INFO     | Polling ssb-sim-node-6 for post...
2026-04-20 13:23:51 | INFO     | Polling ssb-sim-node-8 for post...
2026-04-20 13:23:59 | INFO     | Polling ssb-sim-node-8 for post...
2026-04-20 13:23:59 | INFO     | Polling ssb-sim-node-6 for post...
2026-04-20 13:24:08 | INFO     | Polling ssb-sim-node-8 for post...
2026-04-20 13:24:08 | INFO     | Polling ssb-sim-node-6 for post...
2026-04-20 13:24:16 | INFO     | Polling ssb-sim-node-8 for post...
2026-04-20 13:24:16 | INFO     | Polling ssb-sim-node-6 for post...
2026-04-20 13:24:24 | INFO     | Polling ssb-sim-node-8 for post...
2026-04-20 13:24:24 | INFO     | Polling ssb-sim-node-6 for post...
2026-04-20 13:24:33 | INFO     | Polling ssb-sim-node-6 for post...
2026-04-20 13:24:33 | INFO     | Polling ssb-sim-node-8 for post...
2026-04-20 13:24:41 | INFO     | Polling ssb-sim-node-6 for post...
2026-04-20 13:24:41 | INFO     | Polling ssb-sim-node-8 for post...
2026-04-20 13:24:50 | INFO     | Polling ssb-sim-node-6 for post...
2026-04-20 13:24:50 | INFO     | Polling ssb-sim-node-8 for post...
2026-04-20 13:24:58 | INFO     | Polling ssb-sim-node-6 for post...
2026-04-20 13:24:58 | INFO     | Polling ssb-sim-node-8 for post...
2026-04-20 13:25:06 | INFO     | Polling ssb-sim-node-6 for post...
2026-04-20 13:25:06 | INFO     | Polling ssb-sim-node-8 for post...
2026-04-20 13:25:15 | INFO     | Polling ssb-sim-node-8 for post...
2026-04-20 13:25:15 | INFO     | Polling ssb-sim-node-6 for post...
2026-04-20 13:25:23 | INFO     | Polling ssb-sim-node-8 for post...
2026-04-20 13:25:23 | INFO     | Polling ssb-sim-node-6 for post...
2026-04-20 13:25:31 | INFO     | Polling ssb-sim-node-8 for post...
2026-04-20 13:25:31 | INFO     | Polling ssb-sim-node-6 for post...
2026-04-20 13:25:40 | INFO     | Polling ssb-sim-node-6 for post...
2026-04-20 13:25:40 | INFO     | Polling ssb-sim-node-8 for post...
2026-04-20 13:25:48 | INFO     | Polling ssb-sim-node-8 for post...
2026-04-20 13:25:48 | INFO     | Polling ssb-sim-node-6 for post...
2026-04-20 13:25:56 | INFO     | Polling ssb-sim-node-6 for post...
2026-04-20 13:25:56 | INFO     | Polling ssb-sim-node-8 for post...
2026-04-20 13:26:05 | INFO     | Polling ssb-sim-node-8 for post...
2026-04-20 13:26:05 | INFO     | Polling ssb-sim-node-6 for post...
2026-04-20 13:26:13 | INFO     | Polling ssb-sim-node-6 for post...
2026-04-20 13:26:13 | INFO     | Polling ssb-sim-node-8 for post...
2026-04-20 13:26:22 | INFO     | Polling ssb-sim-node-6 for post...
2026-04-20 13:26:22 | INFO     | Polling ssb-sim-node-8 for post...
2026-04-20 13:26:30 | INFO     | Polling ssb-sim-node-6 for post...
2026-04-20 13:26:30 | INFO     | Polling ssb-sim-node-8 for post...
2026-04-20 13:26:38 | INFO     | Polling ssb-sim-node-6 for post...
2026-04-20 13:26:38 | INFO     | Polling ssb-sim-node-8 for post...
2026-04-20 13:26:47 | INFO     | Polling ssb-sim-node-6 for post...
2026-04-20 13:26:47 | INFO     | Polling ssb-sim-node-8 for post...
2026-04-20 13:26:55 | INFO     | Polling ssb-sim-node-6 for post...
2026-04-20 13:26:55 | INFO     | Polling ssb-sim-node-8 for post...
2026-04-20 13:27:03 | INFO     | Polling ssb-sim-node-6 for post...
2026-04-20 13:27:03 | INFO     | Polling ssb-sim-node-8 for post...
2026-04-20 13:27:12 | INFO     | Polling ssb-sim-node-8 for post...
2026-04-20 13:27:12 | INFO     | Polling ssb-sim-node-6 for post...
2026-04-20 13:27:16 | INFO     | 
==================================================
2026-04-20 13:27:16 | INFO     |   SCENARIO: RANDOM_DROPOUT
2026-04-20 13:27:16 | INFO     | ==================================================
2026-04-20 13:27:16 | INFO     |   Message ID : %04R50sYXbhLCmgoqAJb1ZdrYVCtOlmqTMoefRHiW/g8=.sha256
2026-04-20 13:27:16 | INFO     |   Posted at  : 13:16:56.760
2026-04-20 13:27:16 | INFO     |   Nodes down : {'ssb-sim-node-8', 'ssb-sim-node-6', 'ssb-sim-node-3'}
2026-04-20 13:27:16 | INFO     |   Completion : 75%
2026-04-20 13:27:16 | INFO     |   Median     : 0 minutes 5 seconds 558.705 miliseconds
2026-04-20 13:27:16 | INFO     | 

2026-04-20 13:27:16 | INFO     |   NODE                      LAN                RECEIVED   ELAPSED
2026-04-20 13:27:16 | INFO     |   ------------------------ ----------------- --------- ---------------
2026-04-20 13:27:16 | INFO     |   ssb-sim-node-9            ssb-sim-lan-1      yes        0 minutes 13 seconds 945.083 miliseconds
2026-04-20 13:27:16 | INFO     |   ssb-sim-node-7            ssb-sim-lan-1      yes        0 minutes 3 seconds 110.260 miliseconds
2026-04-20 13:27:16 | INFO     |   ssb-sim-node-10           ssb-sim-lan-2      no         —
2026-04-20 13:27:16 | INFO     |   ssb-sim-node-5            ssb-sim-lan-1      yes        0 minutes 5 seconds 558.705 miliseconds
2026-04-20 13:27:16 | INFO     | ==================================================

2026-04-20 13:27:16 | INFO     |   Plot saved: logs/random_dropout_1776691636.png
2026-04-20 13:27:16 | INFO     | 
==================================================
2026-04-20 13:27:16 | INFO     |   SCENARIO: RANDOM_DROPOUT_CATCHUP
2026-04-20 13:27:16 | INFO     | ==================================================
2026-04-20 13:27:16 | INFO     |   Message ID : %04R50sYXbhLCmgoqAJb1ZdrYVCtOlmqTMoefRHiW/g8=.sha256
2026-04-20 13:27:16 | INFO     |   Posted at  : 13:21:59.210
2026-04-20 13:27:16 | INFO     |   Nodes down : {'ssb-sim-node-8', 'ssb-sim-node-6', 'ssb-sim-node-3'}
2026-04-20 13:27:16 | INFO     |   Completion : 33%
2026-04-20 13:27:16 | INFO     |   Median     : 0 minutes 17 seconds 425.476 miliseconds
2026-04-20 13:27:16 | INFO     | 

2026-04-20 13:27:16 | INFO     |   NODE                      LAN                RECEIVED   ELAPSED
2026-04-20 13:27:16 | INFO     |   ------------------------ ----------------- --------- ---------------
2026-04-20 13:27:16 | INFO     |   ssb-sim-node-8            ssb-sim-lan-2      no         —
2026-04-20 13:27:16 | INFO     |   ssb-sim-node-6            ssb-sim-lan-2      no         —
2026-04-20 13:27:16 | INFO     |   ssb-sim-node-3            ssb-sim-lan-1      yes        0 minutes 17 seconds 425.476 miliseconds
2026-04-20 13:27:16 | INFO     | ==================================================

2026-04-20 13:27:16 | INFO     |   Plot saved: logs/random_dropout_catchup_1776691636.png
