2026-04-26 18:25:43 | DEBUG    | Logging initialized. File: logs\ssb_sim_20260426_182543.log
2026-04-26 18:25:43 | INFO     | ================================================================================
2026-04-26 18:25:43 | INFO     | SSB NETWORK SIMULATOR INITIALIZED
2026-04-26 18:25:43 | INFO     | ================================================================================
2026-04-26 18:25:43 | INFO     | Configuration:
2026-04-26 18:25:43 | INFO     |   - Number of nodes: 10
2026-04-26 18:25:43 | INFO     |   - Friends mode: range
2026-04-26 18:25:43 | INFO     |   - Friends range: 2-5
2026-04-26 18:25:43 | INFO     |   - Random seed: 57040
2026-04-26 18:25:43 | INFO     |   - Log file: logs\ssb_sim_20260426_182543.log
2026-04-26 18:25:43 | INFO     | ================================================================================
2026-04-26 18:25:43 | INFO     | Starting network simulation...
2026-04-26 18:25:43 | INFO     | Cleaning up existing containers and networks...
2026-04-26 18:25:43 | DEBUG    | Searching for existing containers...
2026-04-26 18:25:43 | INFO     |   Removing container: ssb-sim-node-10
2026-04-26 18:25:44 | DEBUG    |     Cleared /root/.ssb in ssb-sim-node-10
2026-04-26 18:25:56 | INFO     |   Removing container: ssb-sim-node-9
2026-04-26 18:25:56 | DEBUG    |     Cleared /root/.ssb in ssb-sim-node-9
2026-04-26 18:26:07 | INFO     |   Removing container: ssb-sim-node-8
2026-04-26 18:26:07 | DEBUG    |     Cleared /root/.ssb in ssb-sim-node-8
2026-04-26 18:26:18 | INFO     |   Removing container: ssb-sim-node-7
2026-04-26 18:26:18 | DEBUG    |     Cleared /root/.ssb in ssb-sim-node-7
2026-04-26 18:26:29 | INFO     |   Removing container: ssb-sim-node-6
2026-04-26 18:26:29 | DEBUG    |     Cleared /root/.ssb in ssb-sim-node-6
2026-04-26 18:26:39 | INFO     |   Removing container: ssb-sim-node-5
2026-04-26 18:26:40 | DEBUG    |     Cleared /root/.ssb in ssb-sim-node-5
2026-04-26 18:26:50 | INFO     |   Removing container: ssb-sim-node-4
2026-04-26 18:26:50 | DEBUG    |     Cleared /root/.ssb in ssb-sim-node-4
2026-04-26 18:27:01 | INFO     |   Removing container: ssb-sim-node-3
2026-04-26 18:27:01 | DEBUG    |     Cleared /root/.ssb in ssb-sim-node-3
2026-04-26 18:27:11 | INFO     |   Removing container: ssb-sim-node-2
2026-04-26 18:27:11 | DEBUG    |     Cleared /root/.ssb in ssb-sim-node-2
2026-04-26 18:27:22 | INFO     |   Removing container: ssb-sim-node-1
2026-04-26 18:27:22 | DEBUG    |     Cleared /root/.ssb in ssb-sim-node-1
2026-04-26 18:27:32 | INFO     |   Removing container: ssb-sim-router
2026-04-26 18:27:32 | DEBUG    |     Cleared /root/.ssb in ssb-sim-router
2026-04-26 18:27:43 | DEBUG    | Searching for existing networks...
2026-04-26 18:27:43 | INFO     |   Removing network: ssb-sim-lan-1
2026-04-26 18:27:43 | DEBUG    |     Network ID: 2938ebe2efeb3cd60ac95f5c8f307b71c967607ce8dee233f3f215957e33309a
2026-04-26 18:27:43 | DEBUG    |     Removed ssb-sim-lan-1
2026-04-26 18:27:43 | INFO     |   Removing network: ssb-sim-lan-2
2026-04-26 18:27:43 | DEBUG    |     Network ID: 7ff535912cc980423e4385c771a64e3c965ff1a9d94d7ec86c547374400e7185
2026-04-26 18:27:43 | DEBUG    |     Removed ssb-sim-lan-2
2026-04-26 18:27:43 | INFO     | Cleanup complete: 11 containers, 2 networks removed (120.10s)
2026-04-26 18:27:43 | DEBUG    | --------------------------------------------------------------------------------
2026-04-26 18:27:43 | INFO     | Creating Docker networks...
2026-04-26 18:27:43 | DEBUG    | Creating 2 LANs for 10 nodes
2026-04-26 18:27:43 | DEBUG    | Creating network: ssb-sim-lan-1 (10.10.1.0/24)
2026-04-26 18:27:43 | INFO     |   Created ssb-sim-lan-1 (10.10.1.0/24)
2026-04-26 18:27:43 | DEBUG    |     Network ID: 541f4f7e911fc56d6d611d6a38254cb457605d27f6bf89e3d3bd46d45e88ba80
2026-04-26 18:27:43 | DEBUG    | Creating network: ssb-sim-lan-2 (10.10.2.0/24)
2026-04-26 18:27:43 | INFO     |   Created ssb-sim-lan-2 (10.10.2.0/24)
2026-04-26 18:27:43 | DEBUG    |     Network ID: f53ec483c74f8094c0ffb08030c9a51d702693faf8d3dcd5749f030a42260f86
2026-04-26 18:27:43 | INFO     | Created 2 networks (0.14s)
2026-04-26 18:27:43 | DEBUG    | --------------------------------------------------------------------------------
2026-04-26 18:27:43 | INFO     | Creating router container...
2026-04-26 18:27:44 | INFO     |   Attaching router to ssb-sim-lan-2
2026-04-26 18:27:44 | INFO     | Router attached to 2 networks
2026-04-26 18:27:44 | INFO     | Getting router IPs on each LAN...
2026-04-26 18:27:44 | DEBUG    |   Router IP on ssb-sim-lan-1: 10.10.1.2
2026-04-26 18:27:44 | DEBUG    |   Router IP on ssb-sim-lan-2: 10.10.2.2
2026-04-26 18:27:44 | INFO     | Creating 10 SSB nodes...
2026-04-26 18:27:44 | INFO     |   Creating ssb-sim-node-1...
2026-04-26 18:27:44 | DEBUG    |     Network: ssb-sim-lan-1
2026-04-26 18:27:44 | INFO     |     Created in 0.44s
2026-04-26 18:27:44 | DEBUG    |     Container ID: 8d3e3faaf60aa8b05fc69401e6292977a065d04ecc3a155b242189d963e5f007
2026-04-26 18:27:44 | INFO     |   Creating ssb-sim-node-2...
2026-04-26 18:27:44 | DEBUG    |     Network: ssb-sim-lan-2
2026-04-26 18:27:45 | INFO     |     Created in 0.58s
2026-04-26 18:27:45 | DEBUG    |     Container ID: c2d98d3a539758b4ced1f37861d25e2742e975e3b65b9c25560e9d8915a10e20
2026-04-26 18:27:45 | INFO     |   Creating ssb-sim-node-3...
2026-04-26 18:27:45 | DEBUG    |     Network: ssb-sim-lan-1
2026-04-26 18:27:46 | INFO     |     Created in 0.70s
2026-04-26 18:27:46 | DEBUG    |     Container ID: 6ab0acd58d857aebf92338b416be91fa6dee3271490045dccdfa1716b582d1c6
2026-04-26 18:27:46 | INFO     |   Creating ssb-sim-node-4...
2026-04-26 18:27:46 | DEBUG    |     Network: ssb-sim-lan-2
2026-04-26 18:27:47 | INFO     |     Created in 0.80s
2026-04-26 18:27:47 | DEBUG    |     Container ID: fab6a2853aad6a44b9e55633fad0a0791a8042c4c737c6c322e99bccf39ac151
2026-04-26 18:27:47 | INFO     |   Creating ssb-sim-node-5...
2026-04-26 18:27:47 | DEBUG    |     Network: ssb-sim-lan-1
2026-04-26 18:27:51 | INFO     |     Created in 4.47s
2026-04-26 18:27:51 | DEBUG    |     Container ID: a1ea463f9223780a71569ca167bc5dd71e25e39cc973fe769c50438bff1cf2ae
2026-04-26 18:27:51 | INFO     |   Creating ssb-sim-node-6...
2026-04-26 18:27:51 | DEBUG    |     Network: ssb-sim-lan-2
2026-04-26 18:27:52 | INFO     |     Created in 0.81s
2026-04-26 18:27:52 | DEBUG    |     Container ID: 81001794c8cab9a56fecdf1c9a0978442e584cc664a281cd33a85f19df0f7c03
2026-04-26 18:27:52 | INFO     |   Creating ssb-sim-node-7...
2026-04-26 18:27:52 | DEBUG    |     Network: ssb-sim-lan-1
2026-04-26 18:27:53 | INFO     |     Created in 1.18s
2026-04-26 18:27:53 | DEBUG    |     Container ID: 5c79750a24367b45ff383dc43e8df2fc95e069a429a0318aecc8da6fbc71efe6
2026-04-26 18:27:53 | INFO     |   Creating ssb-sim-node-8...
2026-04-26 18:27:53 | DEBUG    |     Network: ssb-sim-lan-2
2026-04-26 18:27:54 | INFO     |     Created in 1.33s
2026-04-26 18:27:54 | DEBUG    |     Container ID: cc1ac18b6b28d665f19101df4ffe15e22e720d88ea99f9a720338ce1c2764065
2026-04-26 18:27:54 | INFO     |   Creating ssb-sim-node-9...
2026-04-26 18:27:54 | DEBUG    |     Network: ssb-sim-lan-1
2026-04-26 18:27:56 | INFO     |     Created in 2.03s
2026-04-26 18:27:56 | DEBUG    |     Container ID: 956a48c7ce1f64eb4db901d6f0d607fc8ef2a9032e099ae9d4a3d5c58fdd8014
2026-04-26 18:27:56 | INFO     |   Creating ssb-sim-node-10...
2026-04-26 18:27:56 | DEBUG    |     Network: ssb-sim-lan-2
2026-04-26 18:27:59 | INFO     |     Created in 2.36s
2026-04-26 18:27:59 | DEBUG    |     Container ID: 04c095aea4667b1d4492ab9c283d235889b780dd7bc061e17374204e389cd6b2
2026-04-26 18:27:59 | INFO     | Created 10 nodes (14.70s)
2026-04-26 18:27:59 | DEBUG    | --------------------------------------------------------------------------------
2026-04-26 18:27:59 | INFO     | Writing SSB config to nodes...
2026-04-26 18:27:59 | INFO     |   ssb-sim-node-1: config written (10.10.1.3)
2026-04-26 18:28:00 | INFO     |   ssb-sim-node-2: config written (10.10.2.3)
2026-04-26 18:28:01 | INFO     |   ssb-sim-node-3: config written (10.10.1.4)
2026-04-26 18:28:01 | INFO     |   ssb-sim-node-4: config written (10.10.2.4)
2026-04-26 18:28:02 | INFO     |   ssb-sim-node-5: config written (10.10.1.5)
2026-04-26 18:28:02 | INFO     |   ssb-sim-node-6: config written (10.10.2.5)
2026-04-26 18:28:02 | INFO     |   ssb-sim-node-7: config written (10.10.1.6)
2026-04-26 18:28:03 | INFO     |   ssb-sim-node-8: config written (10.10.2.6)
2026-04-26 18:28:03 | INFO     |   ssb-sim-node-9: config written (10.10.1.7)
2026-04-26 18:28:03 | INFO     |   ssb-sim-node-10: config written (10.10.2.7)
2026-04-26 18:28:03 | INFO     | Node config complete
2026-04-26 18:28:03 | INFO     | Configuring gateway route on nodes...
2026-04-26 18:28:03 | DEBUG    |     ssb-sim-node-1: route to 10.10.2.0/24 via 10.10.1.2
2026-04-26 18:28:04 | DEBUG    |     ssb-sim-node-2: route to 10.10.1.0/24 via 10.10.2.2
2026-04-26 18:28:04 | DEBUG    |     ssb-sim-node-3: route to 10.10.2.0/24 via 10.10.1.2
2026-04-26 18:28:04 | DEBUG    |     ssb-sim-node-4: route to 10.10.1.0/24 via 10.10.2.2
2026-04-26 18:28:04 | DEBUG    |     ssb-sim-node-5: route to 10.10.2.0/24 via 10.10.1.2
2026-04-26 18:28:04 | DEBUG    |     ssb-sim-node-6: route to 10.10.1.0/24 via 10.10.2.2
2026-04-26 18:28:05 | DEBUG    |     ssb-sim-node-7: route to 10.10.2.0/24 via 10.10.1.2
2026-04-26 18:28:05 | DEBUG    |     ssb-sim-node-8: route to 10.10.1.0/24 via 10.10.2.2
2026-04-26 18:28:05 | DEBUG    |     ssb-sim-node-9: route to 10.10.2.0/24 via 10.10.1.2
2026-04-26 18:28:05 | DEBUG    |     ssb-sim-node-10: route to 10.10.1.0/24 via 10.10.2.2
2026-04-26 18:28:05 | INFO     | Debugging container status...
2026-04-26 18:28:05 | DEBUG    | ssb-sim-node-1 status: running
2026-04-26 18:28:05 | DEBUG    | ssb-sim-node-2 status: running
2026-04-26 18:28:05 | DEBUG    | ssb-sim-node-3 status: running
2026-04-26 18:28:05 | DEBUG    | ssb-sim-node-4 status: running
2026-04-26 18:28:05 | DEBUG    | ssb-sim-node-5 status: running
2026-04-26 18:28:05 | DEBUG    | ssb-sim-node-6 status: running
2026-04-26 18:28:05 | DEBUG    | ssb-sim-node-7 status: running
2026-04-26 18:28:05 | DEBUG    | ssb-sim-node-8 status: running
2026-04-26 18:28:05 | DEBUG    | ssb-sim-node-9 status: running
2026-04-26 18:28:05 | DEBUG    | ssb-sim-node-10 status: running
2026-04-26 18:28:05 | INFO     | Waiting for nodes to be ready (timeout: 60s)...
2026-04-26 18:28:07 | INFO     | ssb-sim-node-10 is ready (1/10)
2026-04-26 18:28:07 | INFO     | ssb-sim-node-4 is ready (2/10)
2026-04-26 18:28:07 | INFO     | ssb-sim-node-6 is ready (3/10)
2026-04-26 18:28:07 | INFO     | ssb-sim-node-3 is ready (4/10)
2026-04-26 18:28:07 | INFO     | ssb-sim-node-2 is ready (5/10)
2026-04-26 18:28:07 | INFO     | ssb-sim-node-1 is ready (6/10)
2026-04-26 18:28:07 | INFO     | ssb-sim-node-7 is ready (7/10)
2026-04-26 18:28:07 | INFO     | ssb-sim-node-9 is ready (8/10)
2026-04-26 18:28:07 | INFO     | ssb-sim-node-8 is ready (9/10)
2026-04-26 18:28:07 | INFO     | ssb-sim-node-5 is ready (10/10)
2026-04-26 18:28:07 | INFO     | All 10 nodes ready (1.93s)
2026-04-26 18:28:07 | DEBUG    | --------------------------------------------------------------------------------
2026-04-26 18:28:07 | INFO     |   Establishing connections (mode: range)...
2026-04-26 18:28:07 | INFO     |   Gathering node information...
2026-04-26 18:28:07 | DEBUG    | Getting info for ssb-sim-node-1...
2026-04-26 18:28:08 | DEBUG    |   ID: @a9lsZnszubPoNhYBKdNdqlAq8VoiB1/D02oManVaJ48=.ed25519
2026-04-26 18:28:08 | DEBUG    |   Address: net:10.10.1.3:8008~shs:a9lsZnszubPoNhYBKdNdqlAq8VoiB1/D02oManVaJ48=
2026-04-26 18:28:08 | DEBUG    |   Got info for ssb-sim-node-1
2026-04-26 18:28:08 | DEBUG    | Getting info for ssb-sim-node-2...
2026-04-26 18:28:08 | DEBUG    |   ID: @+4oBgcSK8SvwHXuVb3f3ubBY6eipyEeefT3UJAHPODs=.ed25519
2026-04-26 18:28:08 | DEBUG    |   Address: net:10.10.2.3:8008~shs:+4oBgcSK8SvwHXuVb3f3ubBY6eipyEeefT3UJAHPODs=
2026-04-26 18:28:08 | DEBUG    |   Got info for ssb-sim-node-2
2026-04-26 18:28:08 | DEBUG    | Getting info for ssb-sim-node-3...
2026-04-26 18:28:09 | DEBUG    |   ID: @QLyVUxFJOg85odG8WTXGlctbHF0wbjcugPEZAsoBXd4=.ed25519
2026-04-26 18:28:09 | DEBUG    |   Address: net:10.10.1.4:8008~shs:QLyVUxFJOg85odG8WTXGlctbHF0wbjcugPEZAsoBXd4=
2026-04-26 18:28:09 | DEBUG    |   Got info for ssb-sim-node-3
2026-04-26 18:28:09 | DEBUG    | Getting info for ssb-sim-node-4...
2026-04-26 18:28:09 | DEBUG    |   ID: @Kyes9bkf0XT92/1nbCGMl1qZuTCCyzVR+vqEB/3Gy4U=.ed25519
2026-04-26 18:28:09 | DEBUG    |   Address: net:10.10.2.4:8008~shs:Kyes9bkf0XT92/1nbCGMl1qZuTCCyzVR+vqEB/3Gy4U=
2026-04-26 18:28:09 | DEBUG    |   Got info for ssb-sim-node-4
2026-04-26 18:28:09 | DEBUG    | Getting info for ssb-sim-node-5...
2026-04-26 18:28:10 | DEBUG    |   ID: @4l6TtUzHNVwz78NKh0nPwDpxolyZpD+ZoHbXZdbTZJk=.ed25519
2026-04-26 18:28:10 | DEBUG    |   Address: net:10.10.1.5:8008~shs:4l6TtUzHNVwz78NKh0nPwDpxolyZpD+ZoHbXZdbTZJk=
2026-04-26 18:28:10 | DEBUG    |   Got info for ssb-sim-node-5
2026-04-26 18:28:10 | DEBUG    | Getting info for ssb-sim-node-6...
2026-04-26 18:28:10 | DEBUG    |   ID: @3ykCvaRumKn1yBwQS0yTG4bXW1Iam8QwA24Jm601iTo=.ed25519
2026-04-26 18:28:10 | DEBUG    |   Address: net:10.10.2.5:8008~shs:3ykCvaRumKn1yBwQS0yTG4bXW1Iam8QwA24Jm601iTo=
2026-04-26 18:28:10 | DEBUG    |   Got info for ssb-sim-node-6
2026-04-26 18:28:10 | DEBUG    | Getting info for ssb-sim-node-7...
2026-04-26 18:28:11 | DEBUG    |   ID: @ARKQj33lqn3CVlbXSF2mtU8yAZeWmDtqUo5hja3sWho=.ed25519
2026-04-26 18:28:11 | DEBUG    |   Address: net:10.10.1.6:8008~shs:ARKQj33lqn3CVlbXSF2mtU8yAZeWmDtqUo5hja3sWho=
2026-04-26 18:28:11 | DEBUG    |   Got info for ssb-sim-node-7
2026-04-26 18:28:11 | DEBUG    | Getting info for ssb-sim-node-8...
2026-04-26 18:28:11 | DEBUG    |   ID: @Rd98raDUTy802hkhAGUfnVbNDCiIgkhC+0MIvCDnQOI=.ed25519
2026-04-26 18:28:11 | DEBUG    |   Address: net:10.10.2.6:8008~shs:Rd98raDUTy802hkhAGUfnVbNDCiIgkhC+0MIvCDnQOI=
2026-04-26 18:28:11 | DEBUG    |   Got info for ssb-sim-node-8
2026-04-26 18:28:11 | DEBUG    | Getting info for ssb-sim-node-9...
2026-04-26 18:28:12 | DEBUG    |   ID: @i7T15pBwsuC+ZPlv+TBYTF2QPtPbrWSmGRZ5wOaVvMA=.ed25519
2026-04-26 18:28:12 | DEBUG    |   Address: net:10.10.1.7:8008~shs:i7T15pBwsuC+ZPlv+TBYTF2QPtPbrWSmGRZ5wOaVvMA=
2026-04-26 18:28:12 | DEBUG    |   Got info for ssb-sim-node-9
2026-04-26 18:28:12 | DEBUG    | Getting info for ssb-sim-node-10...
2026-04-26 18:28:12 | DEBUG    |   ID: @heGOOs8Q4enLee7UtJeyUlu0g/aonlh55rP3sQmAbiA=.ed25519
2026-04-26 18:28:12 | DEBUG    |   Address: net:10.10.2.7:8008~shs:heGOOs8Q4enLee7UtJeyUlu0g/aonlh55rP3sQmAbiA=
2026-04-26 18:28:12 | DEBUG    |   Got info for ssb-sim-node-10
2026-04-26 18:28:12 | INFO     |   Creating peer connections...
2026-04-26 18:28:12 | INFO     |   ssb-sim-node-1: connecting to 4 peers...
2026-04-26 18:28:12 | DEBUG    |     Mode: range, Count: 4
2026-04-26 18:28:12 | DEBUG    |     Connecting ssb-sim-node-1 -> ssb-sim-node-3...
2026-04-26 18:28:12 | DEBUG    |       Follow command: ssb-server publish --type contact --contact "@QLyVUxFJOg85odG8WTXGlctbHF0wbjcugPEZAsoBXd4=.ed25519" --following
2026-04-26 18:28:12 | DEBUG    |         Follow successful
2026-04-26 18:28:12 | INFO     |       ssb-sim-node-1 -> ssb-sim-node-3
2026-04-26 18:28:12 | DEBUG    |     Connecting ssb-sim-node-1 -> ssb-sim-node-7...
2026-04-26 18:28:12 | DEBUG    |       Follow command: ssb-server publish --type contact --contact "@ARKQj33lqn3CVlbXSF2mtU8yAZeWmDtqUo5hja3sWho=.ed25519" --following
2026-04-26 18:28:13 | DEBUG    |         Follow successful
2026-04-26 18:28:13 | INFO     |       ssb-sim-node-1 -> ssb-sim-node-7
2026-04-26 18:28:13 | DEBUG    |     Connecting ssb-sim-node-1 -> ssb-sim-node-4...
2026-04-26 18:28:13 | DEBUG    |         Gossip successful
2026-04-26 18:28:13 | DEBUG    |       Follow command: ssb-server publish --type contact --contact "@Kyes9bkf0XT92/1nbCGMl1qZuTCCyzVR+vqEB/3Gy4U=.ed25519" --following
2026-04-26 18:28:14 | DEBUG    |         Follow successful
2026-04-26 18:28:14 | INFO     |       ssb-sim-node-1 -> ssb-sim-node-4
2026-04-26 18:28:14 | DEBUG    |     Connecting ssb-sim-node-1 -> ssb-sim-node-8...
2026-04-26 18:28:14 | DEBUG    |         Gossip successful
2026-04-26 18:28:14 | DEBUG    |       Follow command: ssb-server publish --type contact --contact "@Rd98raDUTy802hkhAGUfnVbNDCiIgkhC+0MIvCDnQOI=.ed25519" --following
2026-04-26 18:28:15 | DEBUG    |         Follow successful
2026-04-26 18:28:15 | INFO     |       ssb-sim-node-1 -> ssb-sim-node-8
2026-04-26 18:28:15 | DEBUG    |     Connected to: ssb-sim-node-3, ssb-sim-node-7, ssb-sim-node-4, ssb-sim-node-8
2026-04-26 18:28:15 | INFO     |   ssb-sim-node-2: connecting to 4 peers...
2026-04-26 18:28:15 | DEBUG    |     Mode: range, Count: 4
2026-04-26 18:28:15 | DEBUG    |     Connecting ssb-sim-node-2 -> ssb-sim-node-1...
2026-04-26 18:28:15 | DEBUG    |         Gossip successful
2026-04-26 18:28:15 | DEBUG    |       Follow command: ssb-server publish --type contact --contact "@a9lsZnszubPoNhYBKdNdqlAq8VoiB1/D02oManVaJ48=.ed25519" --following
2026-04-26 18:28:16 | DEBUG    |         Follow successful
2026-04-26 18:28:16 | INFO     |       ssb-sim-node-2 -> ssb-sim-node-1
2026-04-26 18:28:16 | DEBUG    |     Connecting ssb-sim-node-2 -> ssb-sim-node-7...
2026-04-26 18:28:16 | DEBUG    |         Gossip successful
2026-04-26 18:28:16 | DEBUG    |       Follow command: ssb-server publish --type contact --contact "@ARKQj33lqn3CVlbXSF2mtU8yAZeWmDtqUo5hja3sWho=.ed25519" --following
2026-04-26 18:28:17 | DEBUG    |         Follow successful
2026-04-26 18:28:17 | INFO     |       ssb-sim-node-2 -> ssb-sim-node-7
2026-04-26 18:28:17 | DEBUG    |     Connecting ssb-sim-node-2 -> ssb-sim-node-4...
2026-04-26 18:28:17 | DEBUG    |       Follow command: ssb-server publish --type contact --contact "@Kyes9bkf0XT92/1nbCGMl1qZuTCCyzVR+vqEB/3Gy4U=.ed25519" --following
2026-04-26 18:28:17 | DEBUG    |         Follow successful
2026-04-26 18:28:17 | INFO     |       ssb-sim-node-2 -> ssb-sim-node-4
2026-04-26 18:28:17 | DEBUG    |     Connecting ssb-sim-node-2 -> ssb-sim-node-10...
2026-04-26 18:28:17 | DEBUG    |       Follow command: ssb-server publish --type contact --contact "@heGOOs8Q4enLee7UtJeyUlu0g/aonlh55rP3sQmAbiA=.ed25519" --following
2026-04-26 18:28:18 | DEBUG    |         Follow successful
2026-04-26 18:28:18 | INFO     |       ssb-sim-node-2 -> ssb-sim-node-10
2026-04-26 18:28:18 | DEBUG    |     Connected to: ssb-sim-node-1, ssb-sim-node-7, ssb-sim-node-4, ssb-sim-node-10
2026-04-26 18:28:18 | INFO     |   ssb-sim-node-3: connecting to 3 peers...
2026-04-26 18:28:18 | DEBUG    |     Mode: range, Count: 3
2026-04-26 18:28:18 | DEBUG    |     Connecting ssb-sim-node-3 -> ssb-sim-node-6...
2026-04-26 18:28:18 | DEBUG    |         Gossip successful
2026-04-26 18:28:18 | DEBUG    |       Follow command: ssb-server publish --type contact --contact "@3ykCvaRumKn1yBwQS0yTG4bXW1Iam8QwA24Jm601iTo=.ed25519" --following
2026-04-26 18:28:19 | DEBUG    |         Follow successful
2026-04-26 18:28:19 | INFO     |       ssb-sim-node-3 -> ssb-sim-node-6
2026-04-26 18:28:19 | DEBUG    |     Connecting ssb-sim-node-3 -> ssb-sim-node-5...
2026-04-26 18:28:19 | DEBUG    |       Follow command: ssb-server publish --type contact --contact "@4l6TtUzHNVwz78NKh0nPwDpxolyZpD+ZoHbXZdbTZJk=.ed25519" --following
2026-04-26 18:28:20 | DEBUG    |         Follow successful
2026-04-26 18:28:20 | INFO     |       ssb-sim-node-3 -> ssb-sim-node-5
2026-04-26 18:28:20 | DEBUG    |     Connecting ssb-sim-node-3 -> ssb-sim-node-8...
2026-04-26 18:28:20 | DEBUG    |         Gossip successful
2026-04-26 18:28:20 | DEBUG    |       Follow command: ssb-server publish --type contact --contact "@Rd98raDUTy802hkhAGUfnVbNDCiIgkhC+0MIvCDnQOI=.ed25519" --following
2026-04-26 18:28:20 | DEBUG    |         Follow successful
2026-04-26 18:28:20 | INFO     |       ssb-sim-node-3 -> ssb-sim-node-8
2026-04-26 18:28:20 | DEBUG    |     Connected to: ssb-sim-node-6, ssb-sim-node-5, ssb-sim-node-8
2026-04-26 18:28:20 | INFO     |   ssb-sim-node-4: connecting to 4 peers...
2026-04-26 18:28:20 | DEBUG    |     Mode: range, Count: 4
2026-04-26 18:28:20 | DEBUG    |     Connecting ssb-sim-node-4 -> ssb-sim-node-5...
2026-04-26 18:28:21 | DEBUG    |         Gossip successful
2026-04-26 18:28:21 | DEBUG    |       Follow command: ssb-server publish --type contact --contact "@4l6TtUzHNVwz78NKh0nPwDpxolyZpD+ZoHbXZdbTZJk=.ed25519" --following
2026-04-26 18:28:21 | DEBUG    |         Follow successful
2026-04-26 18:28:21 | INFO     |       ssb-sim-node-4 -> ssb-sim-node-5
2026-04-26 18:28:21 | DEBUG    |     Connecting ssb-sim-node-4 -> ssb-sim-node-8...
2026-04-26 18:28:21 | DEBUG    |       Follow command: ssb-server publish --type contact --contact "@Rd98raDUTy802hkhAGUfnVbNDCiIgkhC+0MIvCDnQOI=.ed25519" --following
2026-04-26 18:28:22 | DEBUG    |         Follow successful
2026-04-26 18:28:22 | INFO     |       ssb-sim-node-4 -> ssb-sim-node-8
2026-04-26 18:28:22 | DEBUG    |     Connecting ssb-sim-node-4 -> ssb-sim-node-6...
2026-04-26 18:28:22 | DEBUG    |       Follow command: ssb-server publish --type contact --contact "@3ykCvaRumKn1yBwQS0yTG4bXW1Iam8QwA24Jm601iTo=.ed25519" --following
2026-04-26 18:28:23 | DEBUG    |         Follow successful
2026-04-26 18:28:23 | INFO     |       ssb-sim-node-4 -> ssb-sim-node-6
2026-04-26 18:28:23 | DEBUG    |     Connecting ssb-sim-node-4 -> ssb-sim-node-1...
2026-04-26 18:28:23 | DEBUG    |         Gossip successful
2026-04-26 18:28:23 | DEBUG    |       Follow command: ssb-server publish --type contact --contact "@a9lsZnszubPoNhYBKdNdqlAq8VoiB1/D02oManVaJ48=.ed25519" --following
2026-04-26 18:28:24 | DEBUG    |         Follow successful
2026-04-26 18:28:24 | INFO     |       ssb-sim-node-4 -> ssb-sim-node-1
2026-04-26 18:28:24 | DEBUG    |     Connected to: ssb-sim-node-5, ssb-sim-node-8, ssb-sim-node-6, ssb-sim-node-1
2026-04-26 18:28:24 | INFO     |   ssb-sim-node-5: connecting to 3 peers...
2026-04-26 18:28:24 | DEBUG    |     Mode: range, Count: 3
2026-04-26 18:28:24 | DEBUG    |     Connecting ssb-sim-node-5 -> ssb-sim-node-6...
2026-04-26 18:28:24 | DEBUG    |         Gossip successful
2026-04-26 18:28:24 | DEBUG    |       Follow command: ssb-server publish --type contact --contact "@3ykCvaRumKn1yBwQS0yTG4bXW1Iam8QwA24Jm601iTo=.ed25519" --following
2026-04-26 18:28:25 | DEBUG    |         Follow successful
2026-04-26 18:28:25 | INFO     |       ssb-sim-node-5 -> ssb-sim-node-6
2026-04-26 18:28:25 | DEBUG    |     Connecting ssb-sim-node-5 -> ssb-sim-node-7...
2026-04-26 18:28:25 | DEBUG    |       Follow command: ssb-server publish --type contact --contact "@ARKQj33lqn3CVlbXSF2mtU8yAZeWmDtqUo5hja3sWho=.ed25519" --following
2026-04-26 18:28:25 | DEBUG    |         Follow successful
2026-04-26 18:28:25 | INFO     |       ssb-sim-node-5 -> ssb-sim-node-7
2026-04-26 18:28:25 | DEBUG    |     Connecting ssb-sim-node-5 -> ssb-sim-node-10...
2026-04-26 18:28:26 | DEBUG    |         Gossip successful
2026-04-26 18:28:26 | DEBUG    |       Follow command: ssb-server publish --type contact --contact "@heGOOs8Q4enLee7UtJeyUlu0g/aonlh55rP3sQmAbiA=.ed25519" --following
2026-04-26 18:28:26 | DEBUG    |         Follow successful
2026-04-26 18:28:26 | INFO     |       ssb-sim-node-5 -> ssb-sim-node-10
2026-04-26 18:28:26 | DEBUG    |     Connected to: ssb-sim-node-6, ssb-sim-node-7, ssb-sim-node-10
2026-04-26 18:28:26 | INFO     |   ssb-sim-node-6: connecting to 2 peers...
2026-04-26 18:28:26 | DEBUG    |     Mode: range, Count: 2
2026-04-26 18:28:26 | DEBUG    |     Connecting ssb-sim-node-6 -> ssb-sim-node-1...
2026-04-26 18:28:27 | DEBUG    |         Gossip successful
2026-04-26 18:28:27 | DEBUG    |       Follow command: ssb-server publish --type contact --contact "@a9lsZnszubPoNhYBKdNdqlAq8VoiB1/D02oManVaJ48=.ed25519" --following
2026-04-26 18:28:27 | DEBUG    |         Follow successful
2026-04-26 18:28:27 | INFO     |       ssb-sim-node-6 -> ssb-sim-node-1
2026-04-26 18:28:27 | DEBUG    |     Connecting ssb-sim-node-6 -> ssb-sim-node-7...
2026-04-26 18:28:28 | DEBUG    |         Gossip successful
2026-04-26 18:28:28 | DEBUG    |       Follow command: ssb-server publish --type contact --contact "@ARKQj33lqn3CVlbXSF2mtU8yAZeWmDtqUo5hja3sWho=.ed25519" --following
2026-04-26 18:28:28 | DEBUG    |         Follow successful
2026-04-26 18:28:28 | INFO     |       ssb-sim-node-6 -> ssb-sim-node-7
2026-04-26 18:28:28 | DEBUG    |     Connected to: ssb-sim-node-1, ssb-sim-node-7
2026-04-26 18:28:28 | INFO     |   ssb-sim-node-7: connecting to 3 peers...
2026-04-26 18:28:28 | DEBUG    |     Mode: range, Count: 3
2026-04-26 18:28:28 | DEBUG    |     Connecting ssb-sim-node-7 -> ssb-sim-node-6...
2026-04-26 18:28:29 | DEBUG    |         Gossip successful
2026-04-26 18:28:29 | DEBUG    |       Follow command: ssb-server publish --type contact --contact "@3ykCvaRumKn1yBwQS0yTG4bXW1Iam8QwA24Jm601iTo=.ed25519" --following
2026-04-26 18:28:29 | DEBUG    |         Follow successful
2026-04-26 18:28:29 | INFO     |       ssb-sim-node-7 -> ssb-sim-node-6
2026-04-26 18:28:29 | DEBUG    |     Connecting ssb-sim-node-7 -> ssb-sim-node-4...
2026-04-26 18:28:30 | DEBUG    |         Gossip successful
2026-04-26 18:28:30 | DEBUG    |       Follow command: ssb-server publish --type contact --contact "@Kyes9bkf0XT92/1nbCGMl1qZuTCCyzVR+vqEB/3Gy4U=.ed25519" --following
2026-04-26 18:28:30 | DEBUG    |         Follow successful
2026-04-26 18:28:30 | INFO     |       ssb-sim-node-7 -> ssb-sim-node-4
2026-04-26 18:28:30 | DEBUG    |     Connecting ssb-sim-node-7 -> ssb-sim-node-3...
2026-04-26 18:28:30 | DEBUG    |       Follow command: ssb-server publish --type contact --contact "@QLyVUxFJOg85odG8WTXGlctbHF0wbjcugPEZAsoBXd4=.ed25519" --following
2026-04-26 18:28:31 | DEBUG    |         Follow successful
2026-04-26 18:28:31 | INFO     |       ssb-sim-node-7 -> ssb-sim-node-3
2026-04-26 18:28:31 | DEBUG    |     Connected to: ssb-sim-node-6, ssb-sim-node-4, ssb-sim-node-3
2026-04-26 18:28:31 | INFO     |   ssb-sim-node-8: connecting to 2 peers...
2026-04-26 18:28:31 | DEBUG    |     Mode: range, Count: 2
2026-04-26 18:28:31 | DEBUG    |     Connecting ssb-sim-node-8 -> ssb-sim-node-9...
2026-04-26 18:28:31 | DEBUG    |         Gossip successful
2026-04-26 18:28:31 | DEBUG    |       Follow command: ssb-server publish --type contact --contact "@i7T15pBwsuC+ZPlv+TBYTF2QPtPbrWSmGRZ5wOaVvMA=.ed25519" --following
2026-04-26 18:28:31 | DEBUG    |         Follow successful
2026-04-26 18:28:31 | INFO     |       ssb-sim-node-8 -> ssb-sim-node-9
2026-04-26 18:28:31 | DEBUG    |     Connecting ssb-sim-node-8 -> ssb-sim-node-6...
2026-04-26 18:28:31 | DEBUG    |       Follow command: ssb-server publish --type contact --contact "@3ykCvaRumKn1yBwQS0yTG4bXW1Iam8QwA24Jm601iTo=.ed25519" --following
2026-04-26 18:28:32 | DEBUG    |         Follow successful
2026-04-26 18:28:32 | INFO     |       ssb-sim-node-8 -> ssb-sim-node-6
2026-04-26 18:28:32 | DEBUG    |     Connected to: ssb-sim-node-9, ssb-sim-node-6
2026-04-26 18:28:32 | INFO     |   ssb-sim-node-9: connecting to 2 peers...
2026-04-26 18:28:32 | DEBUG    |     Mode: range, Count: 2
2026-04-26 18:28:32 | DEBUG    |     Connecting ssb-sim-node-9 -> ssb-sim-node-7...
2026-04-26 18:28:32 | DEBUG    |       Follow command: ssb-server publish --type contact --contact "@ARKQj33lqn3CVlbXSF2mtU8yAZeWmDtqUo5hja3sWho=.ed25519" --following
2026-04-26 18:28:32 | DEBUG    |         Follow successful
2026-04-26 18:28:32 | INFO     |       ssb-sim-node-9 -> ssb-sim-node-7
2026-04-26 18:28:32 | DEBUG    |     Connecting ssb-sim-node-9 -> ssb-sim-node-1...
2026-04-26 18:28:32 | DEBUG    |       Follow command: ssb-server publish --type contact --contact "@a9lsZnszubPoNhYBKdNdqlAq8VoiB1/D02oManVaJ48=.ed25519" --following
2026-04-26 18:28:33 | DEBUG    |         Follow successful
2026-04-26 18:28:33 | INFO     |       ssb-sim-node-9 -> ssb-sim-node-1
2026-04-26 18:28:33 | DEBUG    |     Connected to: ssb-sim-node-7, ssb-sim-node-1
2026-04-26 18:28:33 | INFO     |   ssb-sim-node-10: connecting to 5 peers...
2026-04-26 18:28:33 | DEBUG    |     Mode: range, Count: 5
2026-04-26 18:28:33 | DEBUG    |     Connecting ssb-sim-node-10 -> ssb-sim-node-6...
2026-04-26 18:28:33 | DEBUG    |       Follow command: ssb-server publish --type contact --contact "@3ykCvaRumKn1yBwQS0yTG4bXW1Iam8QwA24Jm601iTo=.ed25519" --following
2026-04-26 18:28:33 | DEBUG    |         Follow successful
2026-04-26 18:28:33 | INFO     |       ssb-sim-node-10 -> ssb-sim-node-6
2026-04-26 18:28:33 | DEBUG    |     Connecting ssb-sim-node-10 -> ssb-sim-node-1...
2026-04-26 18:28:34 | DEBUG    |         Gossip successful
2026-04-26 18:28:34 | DEBUG    |       Follow command: ssb-server publish --type contact --contact "@a9lsZnszubPoNhYBKdNdqlAq8VoiB1/D02oManVaJ48=.ed25519" --following
2026-04-26 18:28:34 | DEBUG    |         Follow successful
2026-04-26 18:28:34 | INFO     |       ssb-sim-node-10 -> ssb-sim-node-1
2026-04-26 18:28:34 | DEBUG    |     Connecting ssb-sim-node-10 -> ssb-sim-node-8...
2026-04-26 18:28:34 | DEBUG    |       Follow command: ssb-server publish --type contact --contact "@Rd98raDUTy802hkhAGUfnVbNDCiIgkhC+0MIvCDnQOI=.ed25519" --following
2026-04-26 18:28:35 | DEBUG    |         Follow successful
2026-04-26 18:28:35 | INFO     |       ssb-sim-node-10 -> ssb-sim-node-8
2026-04-26 18:28:35 | DEBUG    |     Connecting ssb-sim-node-10 -> ssb-sim-node-2...
2026-04-26 18:28:35 | DEBUG    |       Follow command: ssb-server publish --type contact --contact "@+4oBgcSK8SvwHXuVb3f3ubBY6eipyEeefT3UJAHPODs=.ed25519" --following
2026-04-26 18:28:35 | DEBUG    |         Follow successful
2026-04-26 18:28:35 | INFO     |       ssb-sim-node-10 -> ssb-sim-node-2
2026-04-26 18:28:35 | DEBUG    |     Connecting ssb-sim-node-10 -> ssb-sim-node-5...
2026-04-26 18:28:36 | DEBUG    |         Gossip successful
2026-04-26 18:28:36 | DEBUG    |       Follow command: ssb-server publish --type contact --contact "@4l6TtUzHNVwz78NKh0nPwDpxolyZpD+ZoHbXZdbTZJk=.ed25519" --following
2026-04-26 18:28:36 | DEBUG    |         Follow successful
2026-04-26 18:28:36 | INFO     |       ssb-sim-node-10 -> ssb-sim-node-5
2026-04-26 18:28:36 | DEBUG    |     Connected to: ssb-sim-node-6, ssb-sim-node-1, ssb-sim-node-8, ssb-sim-node-2, ssb-sim-node-5
2026-04-26 18:28:36 | INFO     |   Connections complete: 32 successful, 0 failed (28.93s)
2026-04-26 18:28:36 | DEBUG    | Connection matrix:
2026-04-26 18:28:36 | DEBUG    |   ssb-sim-node-1: 4 connections -> ['ssb-sim-node-3', 'ssb-sim-node-7', 'ssb-sim-node-4', 'ssb-sim-node-8']
2026-04-26 18:28:36 | DEBUG    |   ssb-sim-node-2: 4 connections -> ['ssb-sim-node-1', 'ssb-sim-node-7', 'ssb-sim-node-4', 'ssb-sim-node-10']
2026-04-26 18:28:36 | DEBUG    |   ssb-sim-node-3: 3 connections -> ['ssb-sim-node-6', 'ssb-sim-node-5', 'ssb-sim-node-8']
2026-04-26 18:28:36 | DEBUG    |   ssb-sim-node-4: 4 connections -> ['ssb-sim-node-5', 'ssb-sim-node-8', 'ssb-sim-node-6', 'ssb-sim-node-1']
2026-04-26 18:28:36 | DEBUG    |   ssb-sim-node-5: 3 connections -> ['ssb-sim-node-6', 'ssb-sim-node-7', 'ssb-sim-node-10']
2026-04-26 18:28:36 | DEBUG    |   ssb-sim-node-6: 2 connections -> ['ssb-sim-node-1', 'ssb-sim-node-7']
2026-04-26 18:28:36 | DEBUG    |   ssb-sim-node-7: 3 connections -> ['ssb-sim-node-6', 'ssb-sim-node-4', 'ssb-sim-node-3']
2026-04-26 18:28:36 | DEBUG    |   ssb-sim-node-8: 2 connections -> ['ssb-sim-node-9', 'ssb-sim-node-6']
2026-04-26 18:28:36 | DEBUG    |   ssb-sim-node-9: 2 connections -> ['ssb-sim-node-7', 'ssb-sim-node-1']
2026-04-26 18:28:36 | DEBUG    |   ssb-sim-node-10: 5 connections -> ['ssb-sim-node-6', 'ssb-sim-node-1', 'ssb-sim-node-8', 'ssb-sim-node-2', 'ssb-sim-node-5']
2026-04-26 18:28:36 | DEBUG    | --------------------------------------------------------------------------------
2026-04-26 18:28:36 | INFO     | ================================================================================
2026-04-26 18:28:36 | INFO     | SIMULATION COMPLETE - Total time: 173.16s
2026-04-26 18:28:36 | INFO     | ================================================================================
2026-04-26 18:28:36 | INFO     | Direct connections to ssb-sim-node-1: {'ssb-sim-node-10', 'ssb-sim-node-6', 'ssb-sim-node-2', 'ssb-sim-node-7', 'ssb-sim-node-3', 'ssb-sim-node-9', 'ssb-sim-node-8', 'ssb-sim-node-4'}
2026-04-26 18:28:36 | INFO     | Indirect connections to ssb-sim-node-1: {'ssb-sim-node-5'}
2026-04-26 18:28:38 | INFO     | Polling ssb-sim-node-4 for post...
2026-04-26 18:28:38 | INFO     | Polling ssb-sim-node-6 for post...
2026-04-26 18:28:38 | INFO     | Polling ssb-sim-node-3 for post...
2026-04-26 18:28:38 | INFO     | Polling ssb-sim-node-7 for post...
2026-04-26 18:28:38 | INFO     | Polling ssb-sim-node-10 for post...
2026-04-26 18:28:38 | INFO     | Polling ssb-sim-node-9 for post...
2026-04-26 18:28:38 | INFO     | Polling ssb-sim-node-8 for post...
2026-04-26 18:28:38 | INFO     | Polling ssb-sim-node-2 for post...
2026-04-26 18:28:38 | INFO     | 
==================================================
2026-04-26 18:28:38 | INFO     |   SCENARIO: BASELINE
2026-04-26 18:28:38 | INFO     | ==================================================
2026-04-26 18:28:38 | INFO     |   Message ID : %m7e76+hK7l3FhDfKhfDme4/sorziJZApePYpr1gZX6c=.sha256
2026-04-26 18:28:38 | INFO     |   Posted at  : 18:28:37.117
2026-04-26 18:28:38 | INFO     |   Nodes down : None
2026-04-26 18:28:38 | INFO     |   Completion : 100%
2026-04-26 18:28:38 | INFO     |   Median     : 0 minutes 1 seconds 220.671 miliseconds
2026-04-26 18:28:38 | INFO     | 

2026-04-26 18:28:38 | INFO     |   NODE                      LAN                RECEIVED   ELAPSED
2026-04-26 18:28:38 | INFO     |   ------------------------ ----------------- --------- ---------------
2026-04-26 18:28:38 | INFO     |   ssb-sim-node-10           ssb-sim-lan-2      yes        0 minutes 1 seconds 229.365 miliseconds
2026-04-26 18:28:38 | INFO     |   ssb-sim-node-6            ssb-sim-lan-2      yes        0 minutes 1 seconds 149.022 miliseconds
2026-04-26 18:28:38 | INFO     |   ssb-sim-node-2            ssb-sim-lan-2      yes        0 minutes 1 seconds 655.192 miliseconds
2026-04-26 18:28:38 | INFO     |   ssb-sim-node-7            ssb-sim-lan-1      yes        0 minutes 1 seconds 211.976 miliseconds
2026-04-26 18:28:38 | INFO     |   ssb-sim-node-3            ssb-sim-lan-1      yes        0 minutes 1 seconds 166.889 miliseconds
2026-04-26 18:28:38 | INFO     |   ssb-sim-node-9            ssb-sim-lan-1      yes        0 minutes 1 seconds 245.627 miliseconds
2026-04-26 18:28:38 | INFO     |   ssb-sim-node-8            ssb-sim-lan-2      yes        0 minutes 1 seconds 250.923 miliseconds
2026-04-26 18:28:38 | INFO     |   ssb-sim-node-4            ssb-sim-lan-2      yes        0 minutes 1 seconds 75.817 miliseconds
2026-04-26 18:28:38 | INFO     | ==================================================

2026-04-26 18:28:39 | INFO     |   Plot saved: logs\baseline_1777224519.png
2026-04-26 18:28:41 | INFO     | Polling ssb-sim-node-4 for post...
2026-04-26 18:28:41 | INFO     | Polling ssb-sim-node-6 for post...
2026-04-26 18:28:41 | INFO     | Polling ssb-sim-node-10 for post...
2026-04-26 18:28:41 | INFO     | Polling ssb-sim-node-3 for post...
2026-04-26 18:28:41 | INFO     | Polling ssb-sim-node-7 for post...
2026-04-26 18:28:41 | INFO     | Polling ssb-sim-node-8 for post...
2026-04-26 18:28:41 | INFO     | Polling ssb-sim-node-2 for post...
2026-04-26 18:28:46 | INFO     | Polling ssb-sim-node-9 for post...
2026-04-26 18:28:54 | INFO     | Polling ssb-sim-node-9 for post...
2026-04-26 18:29:03 | INFO     | Polling ssb-sim-node-9 for post...
2026-04-26 18:29:11 | INFO     | Polling ssb-sim-node-9 for post...
2026-04-26 18:29:19 | INFO     | Polling ssb-sim-node-9 for post...
2026-04-26 18:29:28 | INFO     | Polling ssb-sim-node-9 for post...
2026-04-26 18:29:36 | INFO     | Polling ssb-sim-node-9 for post...
2026-04-26 18:29:44 | INFO     | Polling ssb-sim-node-9 for post...
2026-04-26 18:29:53 | INFO     | Polling ssb-sim-node-9 for post...
2026-04-26 18:30:01 | INFO     | Polling ssb-sim-node-9 for post...
2026-04-26 18:30:09 | INFO     | Polling ssb-sim-node-9 for post...
2026-04-26 18:30:18 | INFO     | Polling ssb-sim-node-9 for post...
2026-04-26 18:30:26 | INFO     | Polling ssb-sim-node-9 for post...
2026-04-26 18:30:35 | INFO     | Polling ssb-sim-node-9 for post...
2026-04-26 18:30:43 | INFO     | Polling ssb-sim-node-9 for post...
2026-04-26 18:30:51 | INFO     | Polling ssb-sim-node-9 for post...
2026-04-26 18:31:00 | INFO     | Polling ssb-sim-node-9 for post...
2026-04-26 18:31:08 | INFO     | Polling ssb-sim-node-9 for post...
2026-04-26 18:31:16 | INFO     | Polling ssb-sim-node-9 for post...
2026-04-26 18:31:25 | INFO     | Polling ssb-sim-node-9 for post...
2026-04-26 18:31:33 | INFO     | Polling ssb-sim-node-9 for post...
2026-04-26 18:31:42 | INFO     | Polling ssb-sim-node-9 for post...
2026-04-26 18:31:50 | INFO     | Polling ssb-sim-node-9 for post...
2026-04-26 18:31:58 | INFO     | Polling ssb-sim-node-9 for post...
2026-04-26 18:32:07 | INFO     | Polling ssb-sim-node-9 for post...
2026-04-26 18:32:15 | INFO     | Polling ssb-sim-node-9 for post...
2026-04-26 18:32:23 | INFO     | Polling ssb-sim-node-9 for post...
2026-04-26 18:32:32 | INFO     | Polling ssb-sim-node-9 for post...
2026-04-26 18:32:40 | INFO     | Polling ssb-sim-node-9 for post...
2026-04-26 18:32:49 | INFO     | Polling ssb-sim-node-9 for post...
2026-04-26 18:32:57 | INFO     | Polling ssb-sim-node-9 for post...
2026-04-26 18:33:05 | INFO     | Polling ssb-sim-node-9 for post...
2026-04-26 18:33:14 | INFO     | Polling ssb-sim-node-9 for post...
2026-04-26 18:33:22 | INFO     | Polling ssb-sim-node-9 for post...
2026-04-26 18:33:30 | INFO     | Polling ssb-sim-node-9 for post...
2026-04-26 18:33:39 | INFO     | Polling ssb-sim-node-9 for post...
2026-04-26 18:33:42 | INFO     | 
==================================================
2026-04-26 18:33:42 | INFO     |   SCENARIO: AUTHOR_DROPOUT
2026-04-26 18:33:42 | INFO     | ==================================================
2026-04-26 18:33:42 | INFO     |   Message ID : %szxgB8pV/lBgbAd4pEN/HshkbChq0rft5buJRgI7qeE=.sha256
2026-04-26 18:33:42 | INFO     |   Posted at  : 18:28:39.865
2026-04-26 18:33:42 | INFO     |   Nodes down : ['ssb-sim-node-1']
2026-04-26 18:33:42 | INFO     |   Completion : 88%
2026-04-26 18:33:42 | INFO     |   Median     : 0 minutes 1 seconds 509.604 miliseconds
2026-04-26 18:33:42 | INFO     | 

2026-04-26 18:33:42 | INFO     |   NODE                      LAN                RECEIVED   ELAPSED
2026-04-26 18:33:42 | INFO     |   ------------------------ ----------------- --------- ---------------
2026-04-26 18:33:42 | INFO     |   ssb-sim-node-10           ssb-sim-lan-2      yes        0 minutes 1 seconds 447.609 miliseconds
2026-04-26 18:33:42 | INFO     |   ssb-sim-node-6            ssb-sim-lan-2      yes        0 minutes 1 seconds 431.782 miliseconds
2026-04-26 18:33:42 | INFO     |   ssb-sim-node-2            ssb-sim-lan-2      yes        0 minutes 1 seconds 625.972 miliseconds
2026-04-26 18:33:42 | INFO     |   ssb-sim-node-7            ssb-sim-lan-1      yes        0 minutes 1 seconds 556.578 miliseconds
2026-04-26 18:33:42 | INFO     |   ssb-sim-node-3            ssb-sim-lan-1      yes        0 minutes 1 seconds 509.604 miliseconds
2026-04-26 18:33:42 | INFO     |   ssb-sim-node-9            ssb-sim-lan-1      no         —
2026-04-26 18:33:42 | INFO     |   ssb-sim-node-8            ssb-sim-lan-2      yes        0 minutes 1 seconds 593.363 miliseconds
2026-04-26 18:33:42 | INFO     |   ssb-sim-node-4            ssb-sim-lan-2      yes        0 minutes 1 seconds 420.871 miliseconds
2026-04-26 18:33:42 | INFO     | ==================================================

2026-04-26 18:33:42 | INFO     |   Plot saved: logs\author_dropout_1777224822.png
2026-04-26 18:33:43 | INFO     | Restarted ssb-sim-node-1, waiting for SSB to be ready...
2026-04-26 18:33:45 | INFO     | ssb-sim-node-1 is awake
2026-04-26 18:33:46 | INFO     | Attempt to bootstrap ssb-sim-node-1 by contacting ssb-sim-node-10
2026-04-26 18:33:46 | INFO     | ssb-sim-node-1 successfully contacted ssb-sim-node-10
2026-04-26 18:33:46 | INFO     | Attempt to bootstrap ssb-sim-node-1 by contacting ssb-sim-node-6
2026-04-26 18:33:47 | INFO     | ssb-sim-node-1 successfully contacted ssb-sim-node-6
2026-04-26 18:33:47 | INFO     | Attempt to bootstrap ssb-sim-node-1 by contacting ssb-sim-node-2
2026-04-26 18:33:47 | INFO     | ssb-sim-node-1 successfully contacted ssb-sim-node-2
2026-04-26 18:33:47 | INFO     | Attempt to bootstrap ssb-sim-node-1 by contacting ssb-sim-node-7
2026-04-26 18:33:47 | INFO     | ssb-sim-node-1 successfully contacted ssb-sim-node-7
2026-04-26 18:33:47 | INFO     | Attempt to bootstrap ssb-sim-node-1 by contacting ssb-sim-node-3
2026-04-26 18:33:48 | INFO     | ssb-sim-node-1 successfully contacted ssb-sim-node-3
2026-04-26 18:33:48 | INFO     | Attempt to bootstrap ssb-sim-node-1 by contacting ssb-sim-node-9
2026-04-26 18:33:48 | INFO     | ssb-sim-node-1 successfully contacted ssb-sim-node-9
2026-04-26 18:33:48 | INFO     | Attempt to bootstrap ssb-sim-node-1 by contacting ssb-sim-node-8
2026-04-26 18:33:48 | INFO     | ssb-sim-node-1 successfully contacted ssb-sim-node-8
2026-04-26 18:33:48 | INFO     | Attempt to bootstrap ssb-sim-node-1 by contacting ssb-sim-node-4
2026-04-26 18:33:49 | INFO     | ssb-sim-node-1 successfully contacted ssb-sim-node-4
2026-04-26 18:33:49 | INFO     | Attempt to bootstrap ssb-sim-node-1 by contacting ssb-sim-node-1
2026-04-26 18:33:49 | INFO     | ssb-sim-node-1 successfully contacted ssb-sim-node-1
2026-04-26 18:33:49 | INFO     | ssb-sim-node-1: requested replication of @heGOOs8Q4enLee7UtJe... (exit 0)
2026-04-26 18:33:50 | INFO     | ssb-sim-node-1: requested replication of @3ykCvaRumKn1yBwQS0y... (exit 0)
2026-04-26 18:33:50 | INFO     | ssb-sim-node-1: requested replication of @+4oBgcSK8SvwHXuVb3f... (exit 0)
2026-04-26 18:33:50 | INFO     | ssb-sim-node-1: requested replication of @ARKQj33lqn3CVlbXSF2... (exit 0)
2026-04-26 18:33:51 | INFO     | ssb-sim-node-1: requested replication of @QLyVUxFJOg85odG8WTX... (exit 0)
2026-04-26 18:33:51 | INFO     | ssb-sim-node-1: requested replication of @i7T15pBwsuC+ZPlv+TB... (exit 0)
2026-04-26 18:33:51 | INFO     | ssb-sim-node-1: requested replication of @Rd98raDUTy802hkhAGU... (exit 0)
2026-04-26 18:33:52 | INFO     | ssb-sim-node-1: requested replication of @Kyes9bkf0XT92/1nbCG... (exit 0)
2026-04-26 18:33:52 | INFO     | ssb-sim-node-1: requested replication of @a9lsZnszubPoNhYBKdN... (exit 0)
2026-04-26 18:33:52 | INFO     | Waiting for cross-LAN propagation before stopping LAN nodes...
2026-04-26 18:33:58 | INFO     | Cross-LAN node ssb-sim-node-10 has the post — proceeding with LAN dropout
2026-04-26 18:34:00 | INFO     | Polling ssb-sim-node-6 for post...
2026-04-26 18:34:00 | INFO     | Polling ssb-sim-node-4 for post...
2026-04-26 18:34:00 | INFO     | Polling ssb-sim-node-10 for post...
2026-04-26 18:34:00 | INFO     | Polling ssb-sim-node-2 for post...
2026-04-26 18:34:05 | INFO     | Polling ssb-sim-node-8 for post...
2026-04-26 18:34:14 | INFO     | Polling ssb-sim-node-8 for post...
2026-04-26 18:34:22 | INFO     | Polling ssb-sim-node-8 for post...
2026-04-26 18:34:30 | INFO     | Polling ssb-sim-node-8 for post...
2026-04-26 18:34:39 | INFO     | Polling ssb-sim-node-8 for post...
2026-04-26 18:34:47 | INFO     | Polling ssb-sim-node-8 for post...
2026-04-26 18:34:55 | INFO     | Polling ssb-sim-node-8 for post...
2026-04-26 18:35:04 | INFO     | Polling ssb-sim-node-8 for post...
2026-04-26 18:35:12 | INFO     | Polling ssb-sim-node-8 for post...
2026-04-26 18:35:20 | INFO     | Polling ssb-sim-node-8 for post...
2026-04-26 18:35:29 | INFO     | Polling ssb-sim-node-8 for post...
2026-04-26 18:35:37 | INFO     | Polling ssb-sim-node-8 for post...
2026-04-26 18:35:45 | INFO     | Polling ssb-sim-node-8 for post...
2026-04-26 18:35:54 | INFO     | Polling ssb-sim-node-8 for post...
2026-04-26 18:36:02 | INFO     | Polling ssb-sim-node-8 for post...
2026-04-26 18:36:10 | INFO     | Polling ssb-sim-node-8 for post...
2026-04-26 18:36:19 | INFO     | Polling ssb-sim-node-8 for post...
2026-04-26 18:36:27 | INFO     | Polling ssb-sim-node-8 for post...
2026-04-26 18:36:35 | INFO     | Polling ssb-sim-node-8 for post...
2026-04-26 18:36:44 | INFO     | Polling ssb-sim-node-8 for post...
2026-04-26 18:36:52 | INFO     | Polling ssb-sim-node-8 for post...
2026-04-26 18:37:01 | INFO     | Polling ssb-sim-node-8 for post...
2026-04-26 18:37:09 | INFO     | Polling ssb-sim-node-8 for post...
2026-04-26 18:37:17 | INFO     | Polling ssb-sim-node-8 for post...
2026-04-26 18:37:26 | INFO     | Polling ssb-sim-node-8 for post...
2026-04-26 18:37:34 | INFO     | Polling ssb-sim-node-8 for post...
2026-04-26 18:37:42 | INFO     | Polling ssb-sim-node-8 for post...
2026-04-26 18:37:51 | INFO     | Polling ssb-sim-node-8 for post...
2026-04-26 18:37:59 | INFO     | Polling ssb-sim-node-8 for post...
2026-04-26 18:38:07 | INFO     | Polling ssb-sim-node-8 for post...
2026-04-26 18:38:16 | INFO     | Polling ssb-sim-node-8 for post...
2026-04-26 18:38:24 | INFO     | Polling ssb-sim-node-8 for post...
2026-04-26 18:38:33 | INFO     | Polling ssb-sim-node-8 for post...
2026-04-26 18:38:41 | INFO     | Polling ssb-sim-node-8 for post...
2026-04-26 18:38:49 | INFO     | Polling ssb-sim-node-8 for post...
2026-04-26 18:38:58 | INFO     | Polling ssb-sim-node-8 for post...
2026-04-26 18:39:01 | INFO     | Restarted ssb-sim-node-7, waiting for SSB to be ready...
2026-04-26 18:39:03 | INFO     | ssb-sim-node-7 is awake
2026-04-26 18:39:04 | INFO     | Attempt to bootstrap ssb-sim-node-7 by contacting ssb-sim-node-10
2026-04-26 18:39:04 | INFO     | ssb-sim-node-7 successfully contacted ssb-sim-node-10
2026-04-26 18:39:04 | INFO     | Attempt to bootstrap ssb-sim-node-7 by contacting ssb-sim-node-6
2026-04-26 18:39:05 | INFO     | ssb-sim-node-7 successfully contacted ssb-sim-node-6
2026-04-26 18:39:05 | INFO     | Attempt to bootstrap ssb-sim-node-7 by contacting ssb-sim-node-2
2026-04-26 18:39:05 | INFO     | ssb-sim-node-7 successfully contacted ssb-sim-node-2
2026-04-26 18:39:05 | INFO     | Attempt to bootstrap ssb-sim-node-7 by contacting ssb-sim-node-8
2026-04-26 18:39:05 | INFO     | ssb-sim-node-7 successfully contacted ssb-sim-node-8
2026-04-26 18:39:05 | INFO     | Attempt to bootstrap ssb-sim-node-7 by contacting ssb-sim-node-4
2026-04-26 18:39:06 | INFO     | ssb-sim-node-7 successfully contacted ssb-sim-node-4
2026-04-26 18:39:06 | INFO     | Attempt to bootstrap ssb-sim-node-7 by contacting ssb-sim-node-1
2026-04-26 18:39:06 | INFO     | ssb-sim-node-7 successfully contacted ssb-sim-node-1
2026-04-26 18:39:06 | INFO     | ssb-sim-node-7: requested replication of @a9lsZnszubPoNhYBKdN... (exit 0)
2026-04-26 18:39:07 | INFO     | Restarted ssb-sim-node-1, waiting for SSB to be ready...
2026-04-26 18:39:09 | INFO     | ssb-sim-node-1 is awake
2026-04-26 18:39:10 | INFO     | Attempt to bootstrap ssb-sim-node-1 by contacting ssb-sim-node-10
2026-04-26 18:39:10 | INFO     | ssb-sim-node-1 successfully contacted ssb-sim-node-10
2026-04-26 18:39:10 | INFO     | Attempt to bootstrap ssb-sim-node-1 by contacting ssb-sim-node-6
2026-04-26 18:39:11 | INFO     | ssb-sim-node-1 successfully contacted ssb-sim-node-6
2026-04-26 18:39:11 | INFO     | Attempt to bootstrap ssb-sim-node-1 by contacting ssb-sim-node-2
2026-04-26 18:39:11 | INFO     | ssb-sim-node-1 successfully contacted ssb-sim-node-2
2026-04-26 18:39:11 | INFO     | Attempt to bootstrap ssb-sim-node-1 by contacting ssb-sim-node-8
2026-04-26 18:39:11 | INFO     | ssb-sim-node-1 successfully contacted ssb-sim-node-8
2026-04-26 18:39:11 | INFO     | Attempt to bootstrap ssb-sim-node-1 by contacting ssb-sim-node-4
2026-04-26 18:39:12 | INFO     | ssb-sim-node-1 successfully contacted ssb-sim-node-4
2026-04-26 18:39:12 | INFO     | Attempt to bootstrap ssb-sim-node-1 by contacting ssb-sim-node-1
2026-04-26 18:39:12 | INFO     | ssb-sim-node-1 successfully contacted ssb-sim-node-1
2026-04-26 18:39:12 | INFO     | ssb-sim-node-1: requested replication of @a9lsZnszubPoNhYBKdN... (exit 0)
2026-04-26 18:39:12 | INFO     | Restarted ssb-sim-node-5, waiting for SSB to be ready...
2026-04-26 18:39:15 | INFO     | ssb-sim-node-5 is awake
2026-04-26 18:39:16 | INFO     | Attempt to bootstrap ssb-sim-node-5 by contacting ssb-sim-node-10
2026-04-26 18:39:16 | INFO     | ssb-sim-node-5 successfully contacted ssb-sim-node-10
2026-04-26 18:39:16 | INFO     | Attempt to bootstrap ssb-sim-node-5 by contacting ssb-sim-node-6
2026-04-26 18:39:16 | INFO     | ssb-sim-node-5 successfully contacted ssb-sim-node-6
2026-04-26 18:39:16 | INFO     | Attempt to bootstrap ssb-sim-node-5 by contacting ssb-sim-node-2
2026-04-26 18:39:17 | INFO     | ssb-sim-node-5 successfully contacted ssb-sim-node-2
2026-04-26 18:39:17 | INFO     | Attempt to bootstrap ssb-sim-node-5 by contacting ssb-sim-node-8
2026-04-26 18:39:17 | INFO     | ssb-sim-node-5 successfully contacted ssb-sim-node-8
2026-04-26 18:39:17 | INFO     | Attempt to bootstrap ssb-sim-node-5 by contacting ssb-sim-node-4
2026-04-26 18:39:17 | INFO     | ssb-sim-node-5 successfully contacted ssb-sim-node-4
2026-04-26 18:39:17 | INFO     | Attempt to bootstrap ssb-sim-node-5 by contacting ssb-sim-node-1
2026-04-26 18:39:18 | INFO     | ssb-sim-node-5 successfully contacted ssb-sim-node-1
2026-04-26 18:39:18 | INFO     | ssb-sim-node-5: requested replication of @a9lsZnszubPoNhYBKdN... (exit 0)
2026-04-26 18:39:18 | INFO     | Restarted ssb-sim-node-3, waiting for SSB to be ready...
2026-04-26 18:39:21 | INFO     | ssb-sim-node-3 is awake
2026-04-26 18:39:22 | INFO     | Attempt to bootstrap ssb-sim-node-3 by contacting ssb-sim-node-10
2026-04-26 18:39:22 | INFO     | ssb-sim-node-3 successfully contacted ssb-sim-node-10
2026-04-26 18:39:22 | INFO     | Attempt to bootstrap ssb-sim-node-3 by contacting ssb-sim-node-6
2026-04-26 18:39:22 | INFO     | ssb-sim-node-3 successfully contacted ssb-sim-node-6
2026-04-26 18:39:22 | INFO     | Attempt to bootstrap ssb-sim-node-3 by contacting ssb-sim-node-2
2026-04-26 18:39:23 | INFO     | ssb-sim-node-3 successfully contacted ssb-sim-node-2
2026-04-26 18:39:23 | INFO     | Attempt to bootstrap ssb-sim-node-3 by contacting ssb-sim-node-8
2026-04-26 18:39:23 | INFO     | ssb-sim-node-3 successfully contacted ssb-sim-node-8
2026-04-26 18:39:23 | INFO     | Attempt to bootstrap ssb-sim-node-3 by contacting ssb-sim-node-4
2026-04-26 18:39:23 | INFO     | ssb-sim-node-3 successfully contacted ssb-sim-node-4
2026-04-26 18:39:23 | INFO     | Attempt to bootstrap ssb-sim-node-3 by contacting ssb-sim-node-1
2026-04-26 18:39:23 | INFO     | ssb-sim-node-3 successfully contacted ssb-sim-node-1
2026-04-26 18:39:24 | INFO     | ssb-sim-node-3: requested replication of @a9lsZnszubPoNhYBKdN... (exit 0)
2026-04-26 18:39:24 | INFO     | Restarted ssb-sim-node-9, waiting for SSB to be ready...
2026-04-26 18:39:27 | INFO     | ssb-sim-node-9 is awake
2026-04-26 18:39:27 | INFO     | Attempt to bootstrap ssb-sim-node-9 by contacting ssb-sim-node-10
2026-04-26 18:39:28 | INFO     | ssb-sim-node-9 successfully contacted ssb-sim-node-10
2026-04-26 18:39:28 | INFO     | Attempt to bootstrap ssb-sim-node-9 by contacting ssb-sim-node-6
2026-04-26 18:39:28 | INFO     | ssb-sim-node-9 successfully contacted ssb-sim-node-6
2026-04-26 18:39:28 | INFO     | Attempt to bootstrap ssb-sim-node-9 by contacting ssb-sim-node-2
2026-04-26 18:39:28 | INFO     | ssb-sim-node-9 successfully contacted ssb-sim-node-2
2026-04-26 18:39:28 | INFO     | Attempt to bootstrap ssb-sim-node-9 by contacting ssb-sim-node-8
2026-04-26 18:39:29 | INFO     | ssb-sim-node-9 successfully contacted ssb-sim-node-8
2026-04-26 18:39:29 | INFO     | Attempt to bootstrap ssb-sim-node-9 by contacting ssb-sim-node-4
2026-04-26 18:39:29 | INFO     | ssb-sim-node-9 successfully contacted ssb-sim-node-4
2026-04-26 18:39:29 | INFO     | Attempt to bootstrap ssb-sim-node-9 by contacting ssb-sim-node-1
2026-04-26 18:39:29 | INFO     | ssb-sim-node-9 successfully contacted ssb-sim-node-1
2026-04-26 18:39:30 | INFO     | ssb-sim-node-9: requested replication of @a9lsZnszubPoNhYBKdN... (exit 0)
2026-04-26 18:39:30 | INFO     | Polling ssb-sim-node-9 for post...
2026-04-26 18:39:30 | INFO     | Polling ssb-sim-node-3 for post...
2026-04-26 18:39:30 | INFO     | Polling ssb-sim-node-5 for post...
2026-04-26 18:39:30 | INFO     | Polling ssb-sim-node-7 for post...
2026-04-26 18:39:30 | INFO     | 
==================================================
2026-04-26 18:39:30 | INFO     |   SCENARIO: SAME_LAN_DROPOUT
2026-04-26 18:39:30 | INFO     | ==================================================
2026-04-26 18:39:30 | INFO     |   Message ID : %zy0qnFwfaWYRXzGK4ly/LJzcNHdID+GbMl7/wa9wrgM=.sha256
2026-04-26 18:39:30 | INFO     |   Posted at  : 18:33:52.710
2026-04-26 18:39:30 | INFO     |   Nodes down : {'ssb-sim-node-7', 'ssb-sim-node-1', 'ssb-sim-node-5', 'ssb-sim-node-3', 'ssb-sim-node-9'}
2026-04-26 18:39:30 | INFO     |   Completion : 80%
2026-04-26 18:39:30 | INFO     |   Median     : 0 minutes 7 seconds 952.068 miliseconds
2026-04-26 18:39:30 | INFO     | 

2026-04-26 18:39:30 | INFO     |   NODE                      LAN                RECEIVED   ELAPSED
2026-04-26 18:39:30 | INFO     |   ------------------------ ----------------- --------- ---------------
2026-04-26 18:39:30 | INFO     |   ssb-sim-node-10           ssb-sim-lan-2      yes        0 minutes 7 seconds 955.376 miliseconds
2026-04-26 18:39:30 | INFO     |   ssb-sim-node-6            ssb-sim-lan-2      yes        0 minutes 7 seconds 934.410 miliseconds
2026-04-26 18:39:30 | INFO     |   ssb-sim-node-2            ssb-sim-lan-2      yes        0 minutes 7 seconds 955.854 miliseconds
2026-04-26 18:39:30 | INFO     |   ssb-sim-node-8            ssb-sim-lan-2      no         —
2026-04-26 18:39:30 | INFO     |   ssb-sim-node-4            ssb-sim-lan-2      yes        0 minutes 7 seconds 948.760 miliseconds
2026-04-26 18:39:30 | INFO     | ==================================================

2026-04-26 18:39:30 | INFO     |   Plot saved: logs\same_lan_dropout_1777225170.png
2026-04-26 18:39:30 | INFO     | 
==================================================
2026-04-26 18:39:30 | INFO     |   SCENARIO: SAME_LAN_CATCHUP
2026-04-26 18:39:30 | INFO     | ==================================================
2026-04-26 18:39:30 | INFO     |   Message ID : %zy0qnFwfaWYRXzGK4ly/LJzcNHdID+GbMl7/wa9wrgM=.sha256
2026-04-26 18:39:30 | INFO     |   Posted at  : 18:39:30.171
2026-04-26 18:39:30 | INFO     |   Nodes down : {'ssb-sim-node-7', 'ssb-sim-node-1', 'ssb-sim-node-5', 'ssb-sim-node-3', 'ssb-sim-node-9'}
2026-04-26 18:39:30 | INFO     |   Completion : 100%
2026-04-26 18:39:30 | INFO     |   Median     : 0 minutes 0 seconds 459.596 miliseconds
2026-04-26 18:39:30 | INFO     | 

2026-04-26 18:39:30 | INFO     |   NODE                      LAN                RECEIVED   ELAPSED
2026-04-26 18:39:30 | INFO     |   ------------------------ ----------------- --------- ---------------
2026-04-26 18:39:30 | INFO     |   ssb-sim-node-3            ssb-sim-lan-1      yes        0 minutes 0 seconds 459.435 miliseconds
2026-04-26 18:39:30 | INFO     |   ssb-sim-node-7            ssb-sim-lan-1      yes        0 minutes 0 seconds 492.440 miliseconds
2026-04-26 18:39:30 | INFO     |   ssb-sim-node-9            ssb-sim-lan-1      yes        0 minutes 0 seconds 447.876 miliseconds
2026-04-26 18:39:30 | INFO     |   ssb-sim-node-5            ssb-sim-lan-1      yes        0 minutes 0 seconds 459.756 miliseconds
2026-04-26 18:39:30 | INFO     | ==================================================

2026-04-26 18:39:31 | INFO     |   Plot saved: logs\same_lan_catchup_1777225171.png
2026-04-26 18:39:33 | INFO     | Polling ssb-sim-node-9 for post...
2026-04-26 18:39:38 | INFO     | Polling ssb-sim-node-10 for post...
2026-04-26 18:39:38 | INFO     | Polling ssb-sim-node-6 for post...
2026-04-26 18:39:38 | INFO     | Polling ssb-sim-node-2 for post...
2026-04-26 18:39:41 | INFO     | Polling ssb-sim-node-10 for post...
2026-04-26 18:39:41 | INFO     | Polling ssb-sim-node-6 for post...
2026-04-26 18:39:41 | INFO     | Polling ssb-sim-node-2 for post...
2026-04-26 18:39:42 | INFO     | Restarted ssb-sim-node-3, waiting for SSB to be ready...
2026-04-26 18:39:44 | INFO     | ssb-sim-node-3 is awake
2026-04-26 18:39:45 | INFO     | Attempt to bootstrap ssb-sim-node-3 by contacting ssb-sim-node-10
2026-04-26 18:39:45 | INFO     | ssb-sim-node-3 successfully contacted ssb-sim-node-10
2026-04-26 18:39:45 | INFO     | Attempt to bootstrap ssb-sim-node-3 by contacting ssb-sim-node-6
2026-04-26 18:39:46 | INFO     | ssb-sim-node-3 successfully contacted ssb-sim-node-6
2026-04-26 18:39:46 | INFO     | Attempt to bootstrap ssb-sim-node-3 by contacting ssb-sim-node-2
2026-04-26 18:39:46 | INFO     | ssb-sim-node-3 successfully contacted ssb-sim-node-2
2026-04-26 18:39:46 | INFO     | Attempt to bootstrap ssb-sim-node-3 by contacting ssb-sim-node-9
2026-04-26 18:39:46 | INFO     | ssb-sim-node-3 successfully contacted ssb-sim-node-9
2026-04-26 18:39:46 | INFO     | Attempt to bootstrap ssb-sim-node-3 by contacting ssb-sim-node-1
2026-04-26 18:39:47 | INFO     | ssb-sim-node-3 successfully contacted ssb-sim-node-1
2026-04-26 18:39:47 | INFO     | ssb-sim-node-3: requested replication of @a9lsZnszubPoNhYBKdN... (exit 0)
2026-04-26 18:39:47 | INFO     | Restarted ssb-sim-node-7, waiting for SSB to be ready...
2026-04-26 18:39:50 | INFO     | ssb-sim-node-7 is awake
2026-04-26 18:39:50 | INFO     | Attempt to bootstrap ssb-sim-node-7 by contacting ssb-sim-node-10
2026-04-26 18:39:51 | INFO     | ssb-sim-node-7 successfully contacted ssb-sim-node-10
2026-04-26 18:39:51 | INFO     | Attempt to bootstrap ssb-sim-node-7 by contacting ssb-sim-node-6
2026-04-26 18:39:51 | INFO     | ssb-sim-node-7 successfully contacted ssb-sim-node-6
2026-04-26 18:39:51 | INFO     | Attempt to bootstrap ssb-sim-node-7 by contacting ssb-sim-node-2
2026-04-26 18:39:51 | INFO     | ssb-sim-node-7 successfully contacted ssb-sim-node-2
2026-04-26 18:39:51 | INFO     | Attempt to bootstrap ssb-sim-node-7 by contacting ssb-sim-node-9
2026-04-26 18:39:52 | INFO     | ssb-sim-node-7 successfully contacted ssb-sim-node-9
2026-04-26 18:39:52 | INFO     | Attempt to bootstrap ssb-sim-node-7 by contacting ssb-sim-node-1
2026-04-26 18:39:52 | INFO     | ssb-sim-node-7 successfully contacted ssb-sim-node-1
2026-04-26 18:39:52 | INFO     | ssb-sim-node-7: requested replication of @a9lsZnszubPoNhYBKdN... (exit 0)
2026-04-26 18:39:52 | INFO     | Restarted ssb-sim-node-4, waiting for SSB to be ready...
2026-04-26 18:39:55 | INFO     | ssb-sim-node-4 is awake
2026-04-26 18:39:56 | INFO     | Attempt to bootstrap ssb-sim-node-4 by contacting ssb-sim-node-10
2026-04-26 18:39:56 | INFO     | ssb-sim-node-4 successfully contacted ssb-sim-node-10
2026-04-26 18:39:56 | INFO     | Attempt to bootstrap ssb-sim-node-4 by contacting ssb-sim-node-6
2026-04-26 18:39:56 | INFO     | ssb-sim-node-4 successfully contacted ssb-sim-node-6
2026-04-26 18:39:56 | INFO     | Attempt to bootstrap ssb-sim-node-4 by contacting ssb-sim-node-2
2026-04-26 18:39:57 | INFO     | ssb-sim-node-4 successfully contacted ssb-sim-node-2
2026-04-26 18:39:57 | INFO     | Attempt to bootstrap ssb-sim-node-4 by contacting ssb-sim-node-9
2026-04-26 18:39:57 | INFO     | ssb-sim-node-4 successfully contacted ssb-sim-node-9
2026-04-26 18:39:57 | INFO     | Attempt to bootstrap ssb-sim-node-4 by contacting ssb-sim-node-1
2026-04-26 18:39:57 | INFO     | ssb-sim-node-4 successfully contacted ssb-sim-node-1
2026-04-26 18:39:58 | INFO     | ssb-sim-node-4: requested replication of @a9lsZnszubPoNhYBKdN... (exit 0)
2026-04-26 18:39:58 | INFO     | Restarted ssb-sim-node-8, waiting for SSB to be ready...
2026-04-26 18:40:01 | INFO     | ssb-sim-node-8 is awake
2026-04-26 18:40:01 | INFO     | Attempt to bootstrap ssb-sim-node-8 by contacting ssb-sim-node-10
2026-04-26 18:40:01 | INFO     | ssb-sim-node-8 successfully contacted ssb-sim-node-10
2026-04-26 18:40:01 | INFO     | Attempt to bootstrap ssb-sim-node-8 by contacting ssb-sim-node-6
2026-04-26 18:40:02 | INFO     | ssb-sim-node-8 successfully contacted ssb-sim-node-6
2026-04-26 18:40:02 | INFO     | Attempt to bootstrap ssb-sim-node-8 by contacting ssb-sim-node-2
2026-04-26 18:40:02 | INFO     | ssb-sim-node-8 successfully contacted ssb-sim-node-2
2026-04-26 18:40:02 | INFO     | Attempt to bootstrap ssb-sim-node-8 by contacting ssb-sim-node-9
2026-04-26 18:40:02 | INFO     | ssb-sim-node-8 successfully contacted ssb-sim-node-9
2026-04-26 18:40:02 | INFO     | Attempt to bootstrap ssb-sim-node-8 by contacting ssb-sim-node-1
2026-04-26 18:40:03 | INFO     | ssb-sim-node-8 successfully contacted ssb-sim-node-1
2026-04-26 18:40:03 | INFO     | ssb-sim-node-8: requested replication of @a9lsZnszubPoNhYBKdN... (exit 0)
2026-04-26 18:40:04 | INFO     | Polling ssb-sim-node-8 for post...
2026-04-26 18:40:04 | INFO     | Polling ssb-sim-node-3 for post...
2026-04-26 18:40:04 | INFO     | Polling ssb-sim-node-4 for post...
2026-04-26 18:40:04 | INFO     | Polling ssb-sim-node-7 for post...
2026-04-26 18:40:04 | INFO     | 
==================================================
2026-04-26 18:40:04 | INFO     |   SCENARIO: RANDOM_DROPOUT
2026-04-26 18:40:04 | INFO     | ==================================================
2026-04-26 18:40:04 | INFO     |   Message ID : %fYQx2/jaqIKH2Mk5J/ntC9XRHcLGs570aaLvtOEkd0E=.sha256
2026-04-26 18:40:04 | INFO     |   Posted at  : 18:39:32.794
2026-04-26 18:40:04 | INFO     |   Nodes down : {'ssb-sim-node-3', 'ssb-sim-node-7', 'ssb-sim-node-4', 'ssb-sim-node-8'}
2026-04-26 18:40:04 | INFO     |   Completion : 100%
2026-04-26 18:40:04 | INFO     |   Median     : 0 minutes 9 seconds 57.165 miliseconds
2026-04-26 18:40:04 | INFO     | 

2026-04-26 18:40:04 | INFO     |   NODE                      LAN                RECEIVED   ELAPSED
2026-04-26 18:40:04 | INFO     |   ------------------------ ----------------- --------- ---------------
2026-04-26 18:40:04 | INFO     |   ssb-sim-node-2            ssb-sim-lan-2      yes        0 minutes 9 seconds 61.694 miliseconds
2026-04-26 18:40:04 | INFO     |   ssb-sim-node-10           ssb-sim-lan-2      yes        0 minutes 9 seconds 54.993 miliseconds
2026-04-26 18:40:04 | INFO     |   ssb-sim-node-6            ssb-sim-lan-2      yes        0 minutes 9 seconds 59.336 miliseconds
2026-04-26 18:40:04 | INFO     |   ssb-sim-node-9            ssb-sim-lan-1      yes        0 minutes 0 seconds 637.612 miliseconds
2026-04-26 18:40:04 | INFO     | ==================================================

2026-04-26 18:40:04 | INFO     |   Plot saved: logs\random_dropout_1777225204.png
2026-04-26 18:40:04 | INFO     | 
==================================================
2026-04-26 18:40:04 | INFO     |   SCENARIO: RANDOM_DROPOUT_CATCHUP
2026-04-26 18:40:04 | INFO     | ==================================================
2026-04-26 18:40:04 | INFO     |   Message ID : %fYQx2/jaqIKH2Mk5J/ntC9XRHcLGs570aaLvtOEkd0E=.sha256
2026-04-26 18:40:04 | INFO     |   Posted at  : 18:39:41.856
2026-04-26 18:40:04 | INFO     |   Nodes down : {'ssb-sim-node-3', 'ssb-sim-node-7', 'ssb-sim-node-4', 'ssb-sim-node-8'}
2026-04-26 18:40:04 | INFO     |   Completion : 100%
2026-04-26 18:40:04 | INFO     |   Median     : 0 minutes 22 seconds 189.653 miliseconds
2026-04-26 18:40:04 | INFO     | 

2026-04-26 18:40:04 | INFO     |   NODE                      LAN                RECEIVED   ELAPSED
2026-04-26 18:40:04 | INFO     |   ------------------------ ----------------- --------- ---------------
2026-04-26 18:40:04 | INFO     |   ssb-sim-node-3            ssb-sim-lan-1      yes        0 minutes 22 seconds 187.822 miliseconds
2026-04-26 18:40:04 | INFO     |   ssb-sim-node-7            ssb-sim-lan-1      yes        0 minutes 22 seconds 191.845 miliseconds
2026-04-26 18:40:04 | INFO     |   ssb-sim-node-4            ssb-sim-lan-2      yes        0 minutes 22 seconds 191.484 miliseconds
2026-04-26 18:40:04 | INFO     |   ssb-sim-node-8            ssb-sim-lan-2      yes        0 minutes 22 seconds 187.275 miliseconds
2026-04-26 18:40:04 | INFO     | ==================================================

2026-04-26 18:40:04 | INFO     |   Plot saved: logs\random_dropout_catchup_1777225204.png
2026-04-26 18:40:15 | INFO     | ssb-sim-node-1: disconnected from ssb-sim-lan-1
2026-04-26 18:40:15 | INFO     | ssb-sim-node-1: connected to ssb-sim-lan-2, new IP address 
2026-04-26 18:40:15 | INFO     |   ssb-sim-node-1: config written ()
2026-04-26 18:40:17 | INFO     | ssb-sim-node-1: ssb-server is up on 
2026-04-26 18:40:21 | INFO     | ssb-sim-node-1: re-gossiped to ssb-sim-node-10 at 
2026-04-26 18:40:22 | INFO     | Polling ssb-sim-node-6 for post...
2026-04-26 18:40:22 | INFO     | Polling ssb-sim-node-8 for post...
2026-04-26 18:40:22 | INFO     | Polling ssb-sim-node-7 for post...
2026-04-26 18:40:22 | INFO     | Polling ssb-sim-node-2 for post...
2026-04-26 18:40:22 | INFO     | Polling ssb-sim-node-10 for post...
2026-04-26 18:40:22 | INFO     | Polling ssb-sim-node-4 for post...
2026-04-26 18:40:26 | INFO     | Polling ssb-sim-node-9 for post...
2026-04-26 18:40:27 | INFO     | Polling ssb-sim-node-3 for post...
2026-04-26 18:40:27 | INFO     | 
==================================================
2026-04-26 18:40:27 | INFO     |   SCENARIO: LAN_MIGRATION
2026-04-26 18:40:27 | INFO     | ==================================================
2026-04-26 18:40:27 | INFO     |   Message ID : %GGwICnd5FCom9sldjUbr2NYi17kYTqy3/VJBy/5z2XM=.sha256
2026-04-26 18:40:27 | INFO     |   Posted at  : 18:40:21.287
2026-04-26 18:40:27 | INFO     |   Nodes down : []
2026-04-26 18:40:27 | INFO     |   Completion : 100%
2026-04-26 18:40:27 | INFO     |   Median     : 0 minutes 0 seconds 817.068 miliseconds
2026-04-26 18:40:27 | INFO     | 

2026-04-26 18:40:27 | INFO     |   NODE                      LAN                RECEIVED   ELAPSED
2026-04-26 18:40:27 | INFO     |   ------------------------ ----------------- --------- ---------------
2026-04-26 18:40:27 | INFO     |   ssb-sim-node-10           ssb-sim-lan-2      yes        0 minutes 0 seconds 823.198 miliseconds
2026-04-26 18:40:27 | INFO     |   ssb-sim-node-6            ssb-sim-lan-2      yes        0 minutes 0 seconds 786.996 miliseconds
2026-04-26 18:40:27 | INFO     |   ssb-sim-node-2            ssb-sim-lan-2      yes        0 minutes 0 seconds 810.937 miliseconds
2026-04-26 18:40:27 | INFO     |   ssb-sim-node-7            ssb-sim-lan-1      yes        0 minutes 0 seconds 799.762 miliseconds
2026-04-26 18:40:27 | INFO     |   ssb-sim-node-3            ssb-sim-lan-1      yes        0 minutes 5 seconds 804.965 miliseconds
2026-04-26 18:40:27 | INFO     |   ssb-sim-node-9            ssb-sim-lan-1      yes        0 minutes 4 seconds 714.240 miliseconds
2026-04-26 18:40:27 | INFO     |   ssb-sim-node-8            ssb-sim-lan-2      yes        0 minutes 0 seconds 798.304 miliseconds
2026-04-26 18:40:27 | INFO     |   ssb-sim-node-4            ssb-sim-lan-2      yes        0 minutes 0 seconds 827.247 miliseconds
2026-04-26 18:40:27 | INFO     | ==================================================

2026-04-26 18:40:27 | INFO     |   Plot saved: logs\lan_migration_1777225227.png
