2026-02-09 20:20:01 | DEBUG    | Logging initialized. File: logs\ssb_sim_20260209_202001.log
2026-02-09 20:20:01 | INFO     | ================================================================================
2026-02-09 20:20:01 | INFO     | SSB NETWORK SIMULATOR INITIALIZED
2026-02-09 20:20:01 | INFO     | ================================================================================
2026-02-09 20:20:01 | INFO     | Configuration:
2026-02-09 20:20:01 | INFO     |   - Number of nodes: 10
2026-02-09 20:20:01 | INFO     |   - Friends mode: range
2026-02-09 20:20:01 | INFO     |   - Friends range: 2-5
2026-02-09 20:20:01 | INFO     |   - Base port: 8000
2026-02-09 20:20:01 | INFO     |   - Host IP: 192.168.1.7
2026-02-09 20:20:01 | INFO     |   - Log file: logs\ssb_sim_20260209_202001.log
2026-02-09 20:20:01 | INFO     | ================================================================================
2026-02-09 20:20:01 | INFO     | Starting network simulation...
2026-02-09 20:20:01 | INFO     | Cleaning up existing containers and networks...
2026-02-09 20:20:01 | DEBUG    | Searching for existing containers...
2026-02-09 20:20:01 | DEBUG    | Searching for existing networks...
2026-02-09 20:20:01 | INFO     | Cleanup complete: 0 containers, 0 networks removed (0.02s)
2026-02-09 20:20:01 | DEBUG    | --------------------------------------------------------------------------------
2026-02-09 20:20:01 | INFO     | Creating Docker networks...
2026-02-09 20:20:01 | DEBUG    | Creating 2 LANs for 10 nodes
2026-02-09 20:20:01 | DEBUG    | Creating network: ssb-sim-lan-1 (10.10.1.0/24)
2026-02-09 20:20:01 | INFO     |   Created ssb-sim-lan-1 (10.10.1.0/24)
2026-02-09 20:20:01 | DEBUG    |     Network ID: ca2bdb7767916306a0c9a47bfa8d5b3bc50a6bea8a0f959130d3d6646017c70d
2026-02-09 20:20:01 | DEBUG    | Creating network: ssb-sim-lan-2 (10.10.2.0/24)
2026-02-09 20:20:01 | INFO     |   Created ssb-sim-lan-2 (10.10.2.0/24)
2026-02-09 20:20:01 | DEBUG    |     Network ID: efe5845317ef11789776902f002526fe9c6fb8b2b7ccdbead16228f38e702281
2026-02-09 20:20:01 | INFO     | Created 2 networks (0.14s)
2026-02-09 20:20:01 | DEBUG    | --------------------------------------------------------------------------------
2026-02-09 20:20:01 | INFO     | Creating 10 SSB nodes...
2026-02-09 20:20:01 | INFO     |   Creating ssb-sim-node-1...
2026-02-09 20:20:01 | DEBUG    |     Port mapping: 8000 -> 8008
2026-02-09 20:20:01 | DEBUG    |     Network: ssb-sim-lan-1
2026-02-09 20:20:01 | DEBUG    |     Data directory: data\node-1
2026-02-09 20:20:02 | INFO     |     Created in 0.56s
2026-02-09 20:20:02 | DEBUG    |     Container ID: 7662a1f8a6993f6103cf7fd057df191a38d5cf9e27d63dd7941beb6c6242480b
2026-02-09 20:20:02 | INFO     |   Creating ssb-sim-node-2...
2026-02-09 20:20:02 | DEBUG    |     Port mapping: 8001 -> 8008
2026-02-09 20:20:02 | DEBUG    |     Network: ssb-sim-lan-2
2026-02-09 20:20:02 | DEBUG    |     Data directory: data\node-2
2026-02-09 20:20:02 | INFO     |     Created in 0.44s
2026-02-09 20:20:02 | DEBUG    |     Container ID: 2025f9a5040cd9a137a404e80f12bbaaa9ddd03baa0958ada07c511daa8d84e2
2026-02-09 20:20:02 | INFO     |   Creating ssb-sim-node-3...
2026-02-09 20:20:02 | DEBUG    |     Port mapping: 8002 -> 8008
2026-02-09 20:20:02 | DEBUG    |     Network: ssb-sim-lan-1
2026-02-09 20:20:02 | DEBUG    |     Data directory: data\node-3
2026-02-09 20:20:03 | INFO     |     Created in 0.60s
2026-02-09 20:20:03 | DEBUG    |     Container ID: 5f92d50017e5738f22e7a02a1cd2e7e26621ae2ca1dc2543f1f7ac8509d2f1a9
2026-02-09 20:20:03 | INFO     |   Creating ssb-sim-node-4...
2026-02-09 20:20:03 | DEBUG    |     Port mapping: 8003 -> 8008
2026-02-09 20:20:03 | DEBUG    |     Network: ssb-sim-lan-2
2026-02-09 20:20:03 | DEBUG    |     Data directory: data\node-4
2026-02-09 20:20:04 | INFO     |     Created in 0.65s
2026-02-09 20:20:04 | DEBUG    |     Container ID: 2e10d37d6594af466352c232d1e8c7aa05c6702904d4a5cd191495ed65ac362f
2026-02-09 20:20:04 | INFO     |   Creating ssb-sim-node-5...
2026-02-09 20:20:04 | DEBUG    |     Port mapping: 8004 -> 8008
2026-02-09 20:20:04 | DEBUG    |     Network: ssb-sim-lan-1
2026-02-09 20:20:04 | DEBUG    |     Data directory: data\node-5
2026-02-09 20:20:05 | INFO     |     Created in 1.05s
2026-02-09 20:20:05 | DEBUG    |     Container ID: d2861cc888dd26eeeaa334839783f123795391107b2e4a304a6f6fcc3340da0c
2026-02-09 20:20:05 | INFO     |   Creating ssb-sim-node-6...
2026-02-09 20:20:05 | DEBUG    |     Port mapping: 8005 -> 8008
2026-02-09 20:20:05 | DEBUG    |     Network: ssb-sim-lan-2
2026-02-09 20:20:05 | DEBUG    |     Data directory: data\node-6
2026-02-09 20:20:06 | INFO     |     Created in 1.02s
2026-02-09 20:20:06 | DEBUG    |     Container ID: 5f3a1343e4b8b3beb52b4e00fbc942531f21bba2a2e544cad3bf1d039d58c2ea
2026-02-09 20:20:06 | INFO     |   Creating ssb-sim-node-7...
2026-02-09 20:20:06 | DEBUG    |     Port mapping: 8006 -> 8008
2026-02-09 20:20:06 | DEBUG    |     Network: ssb-sim-lan-1
2026-02-09 20:20:06 | DEBUG    |     Data directory: data\node-7
2026-02-09 20:20:06 | INFO     |     Created in 0.65s
2026-02-09 20:20:06 | DEBUG    |     Container ID: 80f16162300c2e10d64d58aba3b668ffcdaba166a9574f51d15efea087d0a82a
2026-02-09 20:20:06 | INFO     |   Creating ssb-sim-node-8...
2026-02-09 20:20:06 | DEBUG    |     Port mapping: 8007 -> 8008
2026-02-09 20:20:06 | DEBUG    |     Network: ssb-sim-lan-2
2026-02-09 20:20:06 | DEBUG    |     Data directory: data\node-8
2026-02-09 20:20:07 | INFO     |     Created in 0.80s
2026-02-09 20:20:07 | DEBUG    |     Container ID: a92d3555f146bb260a36bd3c3d61e9c037f70269f8f9efd4181018c31ee839bc
2026-02-09 20:20:07 | INFO     |   Creating ssb-sim-node-9...
2026-02-09 20:20:07 | DEBUG    |     Port mapping: 8008 -> 8008
2026-02-09 20:20:07 | DEBUG    |     Network: ssb-sim-lan-1
2026-02-09 20:20:07 | DEBUG    |     Data directory: data\node-9
2026-02-09 20:20:08 | INFO     |     Created in 1.10s
2026-02-09 20:20:08 | DEBUG    |     Container ID: 2a7a6dd72be854e97f0af4d8ae356e646e3d4ab8d3ce7c48403bd820eea6d0c9
2026-02-09 20:20:08 | INFO     |   Creating ssb-sim-node-10...
2026-02-09 20:20:08 | DEBUG    |     Port mapping: 8009 -> 8008
2026-02-09 20:20:08 | DEBUG    |     Network: ssb-sim-lan-2
2026-02-09 20:20:08 | DEBUG    |     Data directory: data\node-10
2026-02-09 20:20:10 | INFO     |     Created in 2.23s
2026-02-09 20:20:10 | DEBUG    |     Container ID: d8a03fc6ba677ea7d80aade78d4b6c97b0a06194ae7d132563a99a654c8ff241
2026-02-09 20:20:10 | INFO     | Created 10 nodes (9.12s)
2026-02-09 20:20:10 | DEBUG    | --------------------------------------------------------------------------------
2026-02-09 20:20:10 | INFO     | Waiting for nodes to be ready (timeout: 60s)...
2026-02-09 20:20:10 | DEBUG    | Checking if ssb-sim-node-1 is ready...
2026-02-09 20:20:12 | INFO     |     ssb-sim-node-1 is ready (1/10)
2026-02-09 20:20:12 | DEBUG    |     Response: {
  "id": "@5v9CenF0N+MWs2hxKvYh4D/65kBaRKi+t+KRVHcAOdM=.ed25519"
}...
2026-02-09 20:20:12 | DEBUG    | Checking if ssb-sim-node-2 is ready...
2026-02-09 20:20:14 | INFO     |     ssb-sim-node-2 is ready (2/10)
2026-02-09 20:20:14 | DEBUG    |     Response: {
  "id": "@NsuRwart/ml4txegrJHbBWiCV8C2TzCLmK3r7gsQfFQ=.ed25519"
}...
2026-02-09 20:20:14 | DEBUG    | Checking if ssb-sim-node-3 is ready...
2026-02-09 20:20:15 | INFO     |     ssb-sim-node-3 is ready (3/10)
2026-02-09 20:20:15 | DEBUG    |     Response: {
  "id": "@Y8kJc1gFC2QNPV8Qo4h9D5BQ121qCCrWlTdz/0KTJgY=.ed25519"
}...
2026-02-09 20:20:15 | DEBUG    | Checking if ssb-sim-node-4 is ready...
2026-02-09 20:20:15 | INFO     |     ssb-sim-node-4 is ready (4/10)
2026-02-09 20:20:15 | DEBUG    |     Response: {
  "id": "@ViMbCyqdxjo8oUpxelT5wC6JzIZD0FJCWkbNXLRut2g=.ed25519"
}...
2026-02-09 20:20:15 | DEBUG    | Checking if ssb-sim-node-5 is ready...
2026-02-09 20:20:16 | INFO     |     ssb-sim-node-5 is ready (5/10)
2026-02-09 20:20:16 | DEBUG    |     Response: {
  "id": "@+BnlmOCAoxZVNa2AehTpi9jChRk6Xms3UGpRwfojcVA=.ed25519"
}...
2026-02-09 20:20:16 | DEBUG    | Checking if ssb-sim-node-6 is ready...
2026-02-09 20:20:16 | INFO     |     ssb-sim-node-6 is ready (6/10)
2026-02-09 20:20:16 | DEBUG    |     Response: {
  "id": "@sN9oDEyaeK3DJ+9n/4PsJ579mo+/MIQ592t9tUr0RTI=.ed25519"
}...
2026-02-09 20:20:16 | DEBUG    | Checking if ssb-sim-node-7 is ready...
2026-02-09 20:20:16 | INFO     |     ssb-sim-node-7 is ready (7/10)
2026-02-09 20:20:16 | DEBUG    |     Response: {
  "id": "@u79tStUepSn834q3+pH8gGotKW6cWSGmwVcntuX/SYg=.ed25519"
}...
2026-02-09 20:20:16 | DEBUG    | Checking if ssb-sim-node-8 is ready...
2026-02-09 20:20:17 | INFO     |     ssb-sim-node-8 is ready (8/10)
2026-02-09 20:20:17 | DEBUG    |     Response: {
  "id": "@U8rpWYKn/90a/UVU/J2KjGJJtgFELF4uf+wee6ULW7g=.ed25519"
}...
2026-02-09 20:20:17 | DEBUG    | Checking if ssb-sim-node-9 is ready...
2026-02-09 20:20:17 | INFO     |     ssb-sim-node-9 is ready (9/10)
2026-02-09 20:20:17 | DEBUG    |     Response: {
  "id": "@ztUkNNqPR0d5xMhsqGb0YFDanIK3WV8uiPWZK51qfr4=.ed25519"
}...
2026-02-09 20:20:17 | DEBUG    | Checking if ssb-sim-node-10 is ready...
2026-02-09 20:20:18 | INFO     |     ssb-sim-node-10 is ready (10/10)
2026-02-09 20:20:18 | DEBUG    |     Response: {
  "id": "@oqsByyPNxj0DSGFjQNu+hL65phDdiUnWh31UFTl/aZ8=.ed25519"
}...
2026-02-09 20:20:18 | INFO     | All 10 nodes ready (7.26s)
2026-02-09 20:20:18 | DEBUG    | --------------------------------------------------------------------------------
2026-02-09 20:20:18 | INFO     | ================================================================================
2026-02-09 20:20:18 | INFO     | SIMULATION COMPLETE - Total time: 16.53s
2026-02-09 20:20:18 | INFO     | ================================================================================
