2026-02-09 20:01:26 | DEBUG    | Logging initialized. File: logs\ssb_sim_20260209_200126.log
2026-02-09 20:01:26 | INFO     | ================================================================================
2026-02-09 20:01:26 | INFO     | SSB NETWORK SIMULATOR INITIALIZED
2026-02-09 20:01:26 | INFO     | ================================================================================
2026-02-09 20:01:26 | INFO     | Configuration:
2026-02-09 20:01:26 | INFO     |   - Number of nodes: 10
2026-02-09 20:01:26 | INFO     |   - Friends mode: range
2026-02-09 20:01:26 | INFO     |   - Friends range: 2-5
2026-02-09 20:01:26 | INFO     |   - Base port: 8000
2026-02-09 20:01:26 | INFO     |   - Host IP: 192.168.1.7
2026-02-09 20:01:26 | INFO     |   - Log file: logs\ssb_sim_20260209_200126.log
2026-02-09 20:01:26 | INFO     | ================================================================================
2026-02-09 20:01:26 | INFO     | Starting network simulation...
2026-02-09 20:01:26 | INFO     | Cleaning up existing containers and networks...
2026-02-09 20:01:26 | DEBUG    | Searching for existing containers...
2026-02-09 20:01:26 | DEBUG    | Searching for existing networks...
2026-02-09 20:01:26 | INFO     | Cleanup complete: 0 containers, 0 networks removed (0.01s)
2026-02-09 20:01:26 | DEBUG    | --------------------------------------------------------------------------------
2026-02-09 20:01:26 | INFO     | Creating Docker networks...
2026-02-09 20:01:26 | DEBUG    | Creating 2 LANs for 10 nodes
2026-02-09 20:01:26 | DEBUG    | Creating network: ssb-sim-lan-1 (10.10.1.0/24)
2026-02-09 20:01:26 | INFO     |   Created ssb-sim-lan-1 (10.10.1.0/24)
2026-02-09 20:01:26 | DEBUG    |     Network ID: f8501f8345ebba45ab07feee2efff870d41b4f4b2e1b6a5950348ddef2733920
2026-02-09 20:01:26 | DEBUG    | Creating network: ssb-sim-lan-2 (10.10.2.0/24)
2026-02-09 20:01:26 | INFO     |   Created ssb-sim-lan-2 (10.10.2.0/24)
2026-02-09 20:01:26 | DEBUG    |     Network ID: a25070a5ad0ec9798b8d0725e03a796d2fc09f389678d3e0e5183b71e9665a5f
2026-02-09 20:01:26 | INFO     | Created 2 networks (0.11s)
2026-02-09 20:01:26 | DEBUG    | --------------------------------------------------------------------------------
2026-02-09 20:01:26 | INFO     | Creating 10 SSB nodes...
2026-02-09 20:01:26 | INFO     |   Creating ssb-sim-node-1...
2026-02-09 20:01:26 | DEBUG    |     Port mapping: 8000 -> 8008
2026-02-09 20:01:26 | DEBUG    |     Network: ssb-sim-lan-1
2026-02-09 20:01:26 | DEBUG    |     Data directory: data\node-1
2026-02-09 20:01:27 | INFO     |     Created in 0.79s
2026-02-09 20:01:27 | DEBUG    |     Container ID: e2ee4657444afa99e7fce3597c9841cc8cc0685fceef2d6b2b163df095f7843f
2026-02-09 20:01:27 | INFO     |   Creating ssb-sim-node-2...
2026-02-09 20:01:27 | DEBUG    |     Port mapping: 8001 -> 8008
2026-02-09 20:01:27 | DEBUG    |     Network: ssb-sim-lan-2
2026-02-09 20:01:27 | DEBUG    |     Data directory: data\node-2
2026-02-09 20:01:27 | INFO     |     Created in 0.54s
2026-02-09 20:01:27 | DEBUG    |     Container ID: 3d37e4444a9a5532c87f34a930165ee9653e3af84b69e0ba3eddcaac4fcbca8b
2026-02-09 20:01:27 | INFO     |   Creating ssb-sim-node-3...
2026-02-09 20:01:27 | DEBUG    |     Port mapping: 8002 -> 8008
2026-02-09 20:01:27 | DEBUG    |     Network: ssb-sim-lan-1
2026-02-09 20:01:27 | DEBUG    |     Data directory: data\node-3
2026-02-09 20:01:28 | INFO     |     Created in 0.69s
2026-02-09 20:01:28 | DEBUG    |     Container ID: b689d8c707092d396c1ae6b36983ab8068319e101308c7fd2621ae14b4b210bc
2026-02-09 20:01:28 | INFO     |   Creating ssb-sim-node-4...
2026-02-09 20:01:28 | DEBUG    |     Port mapping: 8003 -> 8008
2026-02-09 20:01:28 | DEBUG    |     Network: ssb-sim-lan-2
2026-02-09 20:01:28 | DEBUG    |     Data directory: data\node-4
2026-02-09 20:01:29 | INFO     |     Created in 0.92s
2026-02-09 20:01:29 | DEBUG    |     Container ID: 3aa6693b77ea9b25986c0ff760f9b19bd8cd0cdc41c7ded3ec23bfad9718cedc
2026-02-09 20:01:29 | INFO     |   Creating ssb-sim-node-5...
2026-02-09 20:01:29 | DEBUG    |     Port mapping: 8004 -> 8008
2026-02-09 20:01:29 | DEBUG    |     Network: ssb-sim-lan-1
2026-02-09 20:01:29 | DEBUG    |     Data directory: data\node-5
2026-02-09 20:01:30 | INFO     |     Created in 0.96s
2026-02-09 20:01:30 | DEBUG    |     Container ID: b202830cc60f99bb18d88bd30a8cec0d0938a4dd084368b842a99871a85180bb
2026-02-09 20:01:30 | INFO     |   Creating ssb-sim-node-6...
2026-02-09 20:01:30 | DEBUG    |     Port mapping: 8005 -> 8008
2026-02-09 20:01:30 | DEBUG    |     Network: ssb-sim-lan-2
2026-02-09 20:01:30 | DEBUG    |     Data directory: data\node-6
2026-02-09 20:01:31 | INFO     |     Created in 1.47s
2026-02-09 20:01:31 | DEBUG    |     Container ID: e2bf606197a765fed32ecf854a21d22f8912e83a2e4fca54ae13f442dcb5bb1a
2026-02-09 20:01:31 | INFO     |   Creating ssb-sim-node-7...
2026-02-09 20:01:31 | DEBUG    |     Port mapping: 8006 -> 8008
2026-02-09 20:01:31 | DEBUG    |     Network: ssb-sim-lan-1
2026-02-09 20:01:31 | DEBUG    |     Data directory: data\node-7
2026-02-09 20:01:32 | INFO     |     Created in 0.82s
2026-02-09 20:01:32 | DEBUG    |     Container ID: 6cdbc68a80c59632b9ada8e74404e3c63413d4ebd67ce8168a0634232ecfafb1
2026-02-09 20:01:32 | INFO     |   Creating ssb-sim-node-8...
2026-02-09 20:01:32 | DEBUG    |     Port mapping: 8007 -> 8008
2026-02-09 20:01:32 | DEBUG    |     Network: ssb-sim-lan-2
2026-02-09 20:01:32 | DEBUG    |     Data directory: data\node-8
2026-02-09 20:01:34 | INFO     |     Created in 1.60s
2026-02-09 20:01:34 | DEBUG    |     Container ID: 9d33492957435d11e1795fcf4bdbd5bf22c9bfa617769ecd9bf5da5774885cb2
2026-02-09 20:01:34 | INFO     |   Creating ssb-sim-node-9...
2026-02-09 20:01:34 | DEBUG    |     Port mapping: 8008 -> 8008
2026-02-09 20:01:34 | DEBUG    |     Network: ssb-sim-lan-1
2026-02-09 20:01:34 | DEBUG    |     Data directory: data\node-9
2026-02-09 20:01:35 | INFO     |     Created in 1.52s
2026-02-09 20:01:35 | DEBUG    |     Container ID: 37aed78265a299b99f11059dc707b98e289503e783952b4dc74745e7bfe1da0d
2026-02-09 20:01:35 | INFO     |   Creating ssb-sim-node-10...
2026-02-09 20:01:35 | DEBUG    |     Port mapping: 8009 -> 8008
2026-02-09 20:01:35 | DEBUG    |     Network: ssb-sim-lan-2
2026-02-09 20:01:35 | DEBUG    |     Data directory: data\node-10
2026-02-09 20:01:36 | INFO     |     Created in 1.26s
2026-02-09 20:01:36 | DEBUG    |     Container ID: 411433b654235a11dad708f9cb6372e610c63697cfe87c45bc3da98912b0745a
2026-02-09 20:01:36 | INFO     | Created 10 nodes (10.58s)
2026-02-09 20:01:36 | DEBUG    | --------------------------------------------------------------------------------
2026-02-09 20:01:36 | INFO     | ================================================================================
2026-02-09 20:01:36 | INFO     | SIMULATION COMPLETE - Total time: 10.70s
2026-02-09 20:01:36 | INFO     | ================================================================================
