2026-02-08 18:55:24 | DEBUG    | Logging initialized. File: logs\ssb_sim_20260208_185524.log
2026-02-08 18:55:24 | INFO     | ================================================================================
2026-02-08 18:55:24 | INFO     | SSB NETWORK SIMULATOR INITIALIZED
2026-02-08 18:55:24 | INFO     | ================================================================================
2026-02-08 18:55:24 | INFO     | Configuration:
2026-02-08 18:55:24 | INFO     |   - Number of nodes: 10
2026-02-08 18:55:24 | INFO     |   - Friends mode: range
2026-02-08 18:55:24 | INFO     |   - Friends range: 2-5
2026-02-08 18:55:24 | INFO     |   - Base port: 8000
2026-02-08 18:55:24 | INFO     |   - Host IP: 192.168.1.7
2026-02-08 18:55:24 | INFO     |   - Log file: logs\ssb_sim_20260208_185524.log
2026-02-08 18:55:24 | INFO     | ================================================================================
2026-02-08 18:55:24 | INFO     | Starting network simulation...
2026-02-08 18:55:24 | INFO     | 🧹 Cleaning up existing containers and networks...
2026-02-08 18:55:24 | DEBUG    | Searching for existing containers...
2026-02-08 18:55:24 | DEBUG    | Searching for existing networks...
2026-02-08 18:55:24 | INFO     | ✅ Cleanup complete: 0 containers, 0 networks removed (0.02s)
2026-02-08 18:55:24 | DEBUG    | --------------------------------------------------------------------------------
2026-02-08 18:55:24 | INFO     | ================================================================================
2026-02-08 18:55:24 | INFO     | SIMULATION COMPLETE - Total time: 0.02s
2026-02-08 18:55:24 | INFO     | ================================================================================
