2026-02-09 20:53:03 | DEBUG    | Logging initialized. File: logs\ssb_sim_20260209_205303.log
2026-02-09 20:53:03 | INFO     | ================================================================================
2026-02-09 20:53:03 | INFO     | SSB NETWORK SIMULATOR INITIALIZED
2026-02-09 20:53:03 | INFO     | ================================================================================
2026-02-09 20:53:03 | INFO     | Configuration:
2026-02-09 20:53:03 | INFO     |   - Number of nodes: 10
2026-02-09 20:53:03 | INFO     |   - Friends mode: range
2026-02-09 20:53:03 | INFO     |   - Friends range: 2-5
2026-02-09 20:53:03 | INFO     |   - Base port: 8000
2026-02-09 20:53:03 | INFO     |   - Host IP: 192.168.1.7
2026-02-09 20:53:03 | INFO     |   - Log file: logs\ssb_sim_20260209_205303.log
2026-02-09 20:53:03 | INFO     | ================================================================================
2026-02-09 20:53:03 | INFO     | Starting network simulation...
2026-02-09 20:53:03 | INFO     | Cleaning up existing containers and networks...
2026-02-09 20:53:03 | DEBUG    | Searching for existing containers...
2026-02-09 20:53:03 | INFO     |   Removing container: ssb-sim-node-10
2026-02-09 20:53:03 | DEBUG    |     Container ID: b271481f72ac2a1852d254b61b6ce20b434403847a13832429562f8198c2a42b
2026-02-09 20:53:14 | DEBUG    |     Stopped ssb-sim-node-10
2026-02-09 20:53:14 | DEBUG    |     Removed ssb-sim-node-10
2026-02-09 20:53:14 | INFO     |   Removing container: ssb-sim-node-9
2026-02-09 20:53:14 | DEBUG    |     Container ID: 8c8907841c663ea93e58b612237726cbee7944f60d0bf29c77a20301dbcc0b41
2026-02-09 20:53:25 | DEBUG    |     Stopped ssb-sim-node-9
2026-02-09 20:53:25 | DEBUG    |     Removed ssb-sim-node-9
2026-02-09 20:53:25 | INFO     |   Removing container: ssb-sim-node-8
2026-02-09 20:53:25 | DEBUG    |     Container ID: 33a8cf89acfd4241cef85b072c4d486b51f153c4a2a49fdeeb19d2d40a0d4345
2026-02-09 20:53:35 | DEBUG    |     Stopped ssb-sim-node-8
2026-02-09 20:53:35 | DEBUG    |     Removed ssb-sim-node-8
2026-02-09 20:53:35 | INFO     |   Removing container: ssb-sim-node-7
2026-02-09 20:53:35 | DEBUG    |     Container ID: 40bdb52882ea3b7a37b3767f9cbd3a9c1b8db5094861fb0b2924048006466e51
2026-02-09 20:53:46 | DEBUG    |     Stopped ssb-sim-node-7
2026-02-09 20:53:46 | DEBUG    |     Removed ssb-sim-node-7
2026-02-09 20:53:46 | INFO     |   Removing container: ssb-sim-node-6
2026-02-09 20:53:46 | DEBUG    |     Container ID: d14f0562aaf778fe5e6cfa9874e9bc6f35b048992ed9ddec4e78158a476509b1
2026-02-09 20:53:56 | DEBUG    |     Stopped ssb-sim-node-6
2026-02-09 20:53:56 | DEBUG    |     Removed ssb-sim-node-6
2026-02-09 20:53:56 | INFO     |   Removing container: ssb-sim-node-5
2026-02-09 20:53:56 | DEBUG    |     Container ID: 812688066dd537cc2cd46a62ff81f639971778c0c2f0fa8806cebc031acffb27
2026-02-09 20:54:07 | DEBUG    |     Stopped ssb-sim-node-5
2026-02-09 20:54:07 | DEBUG    |     Removed ssb-sim-node-5
2026-02-09 20:54:07 | INFO     |   Removing container: ssb-sim-node-4
2026-02-09 20:54:07 | DEBUG    |     Container ID: 6521c46bb147c0cdad777bfbb69e11f55ed466534b7ba120db4cc7097b437726
2026-02-09 20:54:17 | DEBUG    |     Stopped ssb-sim-node-4
2026-02-09 20:54:17 | DEBUG    |     Removed ssb-sim-node-4
2026-02-09 20:54:17 | INFO     |   Removing container: ssb-sim-node-3
2026-02-09 20:54:17 | DEBUG    |     Container ID: 405c85321a0c06f16e0f3513add78a2a7bab92f07b9a60c7269a63f25c8863e5
2026-02-09 20:54:28 | DEBUG    |     Stopped ssb-sim-node-3
2026-02-09 20:54:28 | DEBUG    |     Removed ssb-sim-node-3
2026-02-09 20:54:28 | INFO     |   Removing container: ssb-sim-node-2
2026-02-09 20:54:28 | DEBUG    |     Container ID: 812ab39bda18c121f2eec62ddf12590af571481e9d5432ec540c87ee5f4a32aa
2026-02-09 20:54:38 | DEBUG    |     Stopped ssb-sim-node-2
2026-02-09 20:54:38 | DEBUG    |     Removed ssb-sim-node-2
2026-02-09 20:54:38 | INFO     |   Removing container: ssb-sim-node-1
2026-02-09 20:54:38 | DEBUG    |     Container ID: 0f3a247ff548e364b1036d513d7248dccfd030c90c6ed8fbb82510585b1c1c55
2026-02-09 20:54:49 | DEBUG    |     Stopped ssb-sim-node-1
2026-02-09 20:54:49 | DEBUG    |     Removed ssb-sim-node-1
2026-02-09 20:54:49 | DEBUG    | Searching for existing networks...
2026-02-09 20:54:49 | INFO     |   Removing network: ssb-sim-lan-1
2026-02-09 20:54:49 | DEBUG    |     Network ID: 88e9da9f8298f19c1423e7b069c83275066930f1ea8d39ce8de38da01c710da5
2026-02-09 20:54:49 | DEBUG    |     Removed ssb-sim-lan-1
2026-02-09 20:54:49 | INFO     |   Removing network: ssb-sim-lan-2
2026-02-09 20:54:49 | DEBUG    |     Network ID: ffc509a925c6fdf9acfa11b1cbe9e491e61b5e59828bd247a8f8ada4b674a12e
2026-02-09 20:54:49 | DEBUG    |     Removed ssb-sim-lan-2
2026-02-09 20:54:49 | INFO     | Cleanup complete: 10 containers, 2 networks removed (106.19s)
2026-02-09 20:54:49 | DEBUG    | --------------------------------------------------------------------------------
2026-02-09 20:54:49 | INFO     | Creating Docker networks...
2026-02-09 20:54:49 | DEBUG    | Creating 2 LANs for 10 nodes
2026-02-09 20:54:49 | DEBUG    | Creating network: ssb-sim-lan-1 (10.10.1.0/24)
2026-02-09 20:54:49 | INFO     |   Created ssb-sim-lan-1 (10.10.1.0/24)
2026-02-09 20:54:49 | DEBUG    |     Network ID: 97ad0971d98e019ca673d5ca00979dc8a15509bae5aa0d63879390cc2ef3d3f7
2026-02-09 20:54:49 | DEBUG    | Creating network: ssb-sim-lan-2 (10.10.2.0/24)
2026-02-09 20:54:49 | INFO     |   Created ssb-sim-lan-2 (10.10.2.0/24)
2026-02-09 20:54:49 | DEBUG    |     Network ID: d74b0854a9e08ac98eed9920bbe392dd80178fc2255f59c2a7454b4dbc617df8
2026-02-09 20:54:49 | INFO     | Created 2 networks (0.11s)
2026-02-09 20:54:49 | DEBUG    | --------------------------------------------------------------------------------
2026-02-09 20:54:49 | INFO     | Creating 10 SSB nodes...
2026-02-09 20:54:49 | INFO     |   Creating ssb-sim-node-1...
2026-02-09 20:54:49 | DEBUG    |     Port mapping: 8000 -> 8008
2026-02-09 20:54:49 | DEBUG    |     Network: ssb-sim-lan-1
2026-02-09 20:54:49 | DEBUG    |     Data directory: data\node-1
2026-02-09 20:54:50 | INFO     |     Created in 0.45s
2026-02-09 20:54:50 | DEBUG    |     Container ID: ba74bbf09e065e34df1e3a100f25b1750b8a9f22705da1a5607575012ac9b3c0
2026-02-09 20:54:50 | INFO     |   Creating ssb-sim-node-2...
2026-02-09 20:54:50 | DEBUG    |     Port mapping: 8001 -> 8008
2026-02-09 20:54:50 | DEBUG    |     Network: ssb-sim-lan-2
2026-02-09 20:54:50 | DEBUG    |     Data directory: data\node-2
2026-02-09 20:54:50 | INFO     |     Created in 0.48s
2026-02-09 20:54:50 | DEBUG    |     Container ID: 6bad3cf37abc21a510df1f7165afbc254bcefc0c56ce5c9249078f19c092fd84
2026-02-09 20:54:50 | INFO     |   Creating ssb-sim-node-3...
2026-02-09 20:54:50 | DEBUG    |     Port mapping: 8002 -> 8008
2026-02-09 20:54:50 | DEBUG    |     Network: ssb-sim-lan-1
2026-02-09 20:54:50 | DEBUG    |     Data directory: data\node-3
2026-02-09 20:54:51 | INFO     |     Created in 0.62s
2026-02-09 20:54:51 | DEBUG    |     Container ID: b9b39b00064e80de2f7d05bd8b7a218357074194247b654b176629a16bb6e41d
2026-02-09 20:54:51 | INFO     |   Creating ssb-sim-node-4...
2026-02-09 20:54:51 | DEBUG    |     Port mapping: 8003 -> 8008
2026-02-09 20:54:51 | DEBUG    |     Network: ssb-sim-lan-2
2026-02-09 20:54:51 | DEBUG    |     Data directory: data\node-4
2026-02-09 20:54:52 | INFO     |     Created in 0.85s
2026-02-09 20:54:52 | DEBUG    |     Container ID: 065dbce79ade044c4a08c3e56a62c48bde6aeaec7d53c19ea09b6fa781053a87
2026-02-09 20:54:52 | INFO     |   Creating ssb-sim-node-5...
2026-02-09 20:54:52 | DEBUG    |     Port mapping: 8004 -> 8008
2026-02-09 20:54:52 | DEBUG    |     Network: ssb-sim-lan-1
2026-02-09 20:54:52 | DEBUG    |     Data directory: data\node-5
2026-02-09 20:54:53 | INFO     |     Created in 1.00s
2026-02-09 20:54:53 | DEBUG    |     Container ID: 1e84dc594c8db755da47f974018dbccdfc9dc116beaa71d52304f1348cf62427
2026-02-09 20:54:53 | INFO     |   Creating ssb-sim-node-6...
2026-02-09 20:54:53 | DEBUG    |     Port mapping: 8005 -> 8008
2026-02-09 20:54:53 | DEBUG    |     Network: ssb-sim-lan-2
2026-02-09 20:54:53 | DEBUG    |     Data directory: data\node-6
2026-02-09 20:54:54 | INFO     |     Created in 1.02s
2026-02-09 20:54:54 | DEBUG    |     Container ID: 7168774895c77a4ca87684bbcd400d0cb1697600a495d3a5df93aefbdfabea36
2026-02-09 20:54:54 | INFO     |   Creating ssb-sim-node-7...
2026-02-09 20:54:54 | DEBUG    |     Port mapping: 8006 -> 8008
2026-02-09 20:54:54 | DEBUG    |     Network: ssb-sim-lan-1
2026-02-09 20:54:54 | DEBUG    |     Data directory: data\node-7
2026-02-09 20:54:55 | INFO     |     Created in 0.86s
2026-02-09 20:54:55 | DEBUG    |     Container ID: 4ded2d5aa7cb126a86b0617ff50aad1a11cc5f297a94e37f64e94ea7a6030478
2026-02-09 20:54:55 | INFO     |   Creating ssb-sim-node-8...
2026-02-09 20:54:55 | DEBUG    |     Port mapping: 8007 -> 8008
2026-02-09 20:54:55 | DEBUG    |     Network: ssb-sim-lan-2
2026-02-09 20:54:55 | DEBUG    |     Data directory: data\node-8
2026-02-09 20:54:56 | INFO     |     Created in 1.69s
2026-02-09 20:54:56 | DEBUG    |     Container ID: 0eeec4c9d66b9f4cc5b72b0b07c3da30666f9b882c590afac52258a695fc0288
2026-02-09 20:54:56 | INFO     |   Creating ssb-sim-node-9...
2026-02-09 20:54:56 | DEBUG    |     Port mapping: 8008 -> 8008
2026-02-09 20:54:56 | DEBUG    |     Network: ssb-sim-lan-1
2026-02-09 20:54:56 | DEBUG    |     Data directory: data\node-9
2026-02-09 20:54:58 | INFO     |     Created in 1.56s
2026-02-09 20:54:58 | DEBUG    |     Container ID: b21d1cb696b42f477f767ef2084fbc2e0c3f3cfa87eea6b6138e5671b34eab44
2026-02-09 20:54:58 | INFO     |   Creating ssb-sim-node-10...
2026-02-09 20:54:58 | DEBUG    |     Port mapping: 8009 -> 8008
2026-02-09 20:54:58 | DEBUG    |     Network: ssb-sim-lan-2
2026-02-09 20:54:58 | DEBUG    |     Data directory: data\node-10
2026-02-09 20:54:59 | INFO     |     Created in 1.02s
2026-02-09 20:54:59 | DEBUG    |     Container ID: 66f6bd869e92f40f039bdb411ed8292c8f06d0beaca89ba646570e8746634baa
2026-02-09 20:54:59 | INFO     | Created 10 nodes (9.56s)
2026-02-09 20:54:59 | DEBUG    | --------------------------------------------------------------------------------
2026-02-09 20:54:59 | INFO     | Waiting for nodes to be ready (timeout: 60s)...
2026-02-09 20:54:59 | DEBUG    | Checking if ssb-sim-node-1 is ready...
2026-02-09 20:55:00 | INFO     |     ssb-sim-node-1 is ready (1/10)
2026-02-09 20:55:00 | DEBUG    |     Response: {
  "id": "@5v9CenF0N+MWs2hxKvYh4D/65kBaRKi+t+KRVHcAOdM=.ed25519"
}...
2026-02-09 20:55:00 | DEBUG    | Checking if ssb-sim-node-2 is ready...
2026-02-09 20:55:01 | INFO     |     ssb-sim-node-2 is ready (2/10)
2026-02-09 20:55:01 | DEBUG    |     Response: {
  "id": "@NsuRwart/ml4txegrJHbBWiCV8C2TzCLmK3r7gsQfFQ=.ed25519"
}...
2026-02-09 20:55:01 | DEBUG    | Checking if ssb-sim-node-3 is ready...
2026-02-09 20:55:02 | INFO     |     ssb-sim-node-3 is ready (3/10)
2026-02-09 20:55:02 | DEBUG    |     Response: {
  "id": "@Y8kJc1gFC2QNPV8Qo4h9D5BQ121qCCrWlTdz/0KTJgY=.ed25519"
}...
2026-02-09 20:55:02 | DEBUG    | Checking if ssb-sim-node-4 is ready...
2026-02-09 20:55:03 | INFO     |     ssb-sim-node-4 is ready (4/10)
2026-02-09 20:55:03 | DEBUG    |     Response: {
  "id": "@ViMbCyqdxjo8oUpxelT5wC6JzIZD0FJCWkbNXLRut2g=.ed25519"
}...
2026-02-09 20:55:03 | DEBUG    | Checking if ssb-sim-node-5 is ready...
2026-02-09 20:55:03 | INFO     |     ssb-sim-node-5 is ready (5/10)
2026-02-09 20:55:03 | DEBUG    |     Response: {
  "id": "@+BnlmOCAoxZVNa2AehTpi9jChRk6Xms3UGpRwfojcVA=.ed25519"
}...
2026-02-09 20:55:03 | DEBUG    | Checking if ssb-sim-node-6 is ready...
2026-02-09 20:55:04 | INFO     |     ssb-sim-node-6 is ready (6/10)
2026-02-09 20:55:04 | DEBUG    |     Response: {
  "id": "@sN9oDEyaeK3DJ+9n/4PsJ579mo+/MIQ592t9tUr0RTI=.ed25519"
}...
2026-02-09 20:55:04 | DEBUG    | Checking if ssb-sim-node-7 is ready...
2026-02-09 20:55:04 | INFO     |     ssb-sim-node-7 is ready (7/10)
2026-02-09 20:55:04 | DEBUG    |     Response: {
  "id": "@u79tStUepSn834q3+pH8gGotKW6cWSGmwVcntuX/SYg=.ed25519"
}...
2026-02-09 20:55:04 | DEBUG    | Checking if ssb-sim-node-8 is ready...
2026-02-09 20:55:05 | INFO     |     ssb-sim-node-8 is ready (8/10)
2026-02-09 20:55:05 | DEBUG    |     Response: {
  "id": "@U8rpWYKn/90a/UVU/J2KjGJJtgFELF4uf+wee6ULW7g=.ed25519"
}...
2026-02-09 20:55:05 | DEBUG    | Checking if ssb-sim-node-9 is ready...
2026-02-09 20:55:05 | INFO     |     ssb-sim-node-9 is ready (9/10)
2026-02-09 20:55:05 | DEBUG    |     Response: {
  "id": "@ztUkNNqPR0d5xMhsqGb0YFDanIK3WV8uiPWZK51qfr4=.ed25519"
}...
2026-02-09 20:55:05 | DEBUG    | Checking if ssb-sim-node-10 is ready...
2026-02-09 20:55:05 | INFO     |     ssb-sim-node-10 is ready (10/10)
2026-02-09 20:55:05 | DEBUG    |     Response: {
  "id": "@oqsByyPNxj0DSGFjQNu+hL65phDdiUnWh31UFTl/aZ8=.ed25519"
}...
2026-02-09 20:55:05 | INFO     | All 10 nodes ready (6.42s)
2026-02-09 20:55:05 | DEBUG    | --------------------------------------------------------------------------------
2026-02-09 20:55:05 | INFO     |   Establishing connections (mode: range)...
2026-02-09 20:55:05 | INFO     |   Gathering node information...
2026-02-09 20:55:05 | DEBUG    | Getting info for ssb-sim-node-1...
2026-02-09 20:55:06 | DEBUG    |   ID: {
  "id": "@5v9CenF0N+MWs2hxKvYh4D/65kBaRKi+t+KRVHcAOdM=.ed25519"
}
2026-02-09 20:55:06 | DEBUG    |   Address: net:192.168.1.7:8000~shs:{
  "id": "5v9CenF0N+MWs2hxKvYh4D/65kBaRKi+t+KRVHcAOdM="
}
2026-02-09 20:55:06 | DEBUG    |   Got info for ssb-sim-node-1
2026-02-09 20:55:06 | DEBUG    | Getting info for ssb-sim-node-2...
2026-02-09 20:55:06 | DEBUG    |   ID: {
  "id": "@NsuRwart/ml4txegrJHbBWiCV8C2TzCLmK3r7gsQfFQ=.ed25519"
}
2026-02-09 20:55:06 | DEBUG    |   Address: net:192.168.1.7:8001~shs:{
  "id": "NsuRwart/ml4txegrJHbBWiCV8C2TzCLmK3r7gsQfFQ="
}
2026-02-09 20:55:06 | DEBUG    |   Got info for ssb-sim-node-2
2026-02-09 20:55:06 | DEBUG    | Getting info for ssb-sim-node-3...
2026-02-09 20:55:07 | DEBUG    |   ID: {
  "id": "@Y8kJc1gFC2QNPV8Qo4h9D5BQ121qCCrWlTdz/0KTJgY=.ed25519"
}
2026-02-09 20:55:07 | DEBUG    |   Address: net:192.168.1.7:8002~shs:{
  "id": "Y8kJc1gFC2QNPV8Qo4h9D5BQ121qCCrWlTdz/0KTJgY="
}
2026-02-09 20:55:07 | DEBUG    |   Got info for ssb-sim-node-3
2026-02-09 20:55:07 | DEBUG    | Getting info for ssb-sim-node-4...
2026-02-09 20:55:07 | DEBUG    |   ID: {
  "id": "@ViMbCyqdxjo8oUpxelT5wC6JzIZD0FJCWkbNXLRut2g=.ed25519"
}
2026-02-09 20:55:07 | DEBUG    |   Address: net:192.168.1.7:8003~shs:{
  "id": "ViMbCyqdxjo8oUpxelT5wC6JzIZD0FJCWkbNXLRut2g="
}
2026-02-09 20:55:07 | DEBUG    |   Got info for ssb-sim-node-4
2026-02-09 20:55:07 | DEBUG    | Getting info for ssb-sim-node-5...
2026-02-09 20:55:08 | DEBUG    |   ID: {
  "id": "@+BnlmOCAoxZVNa2AehTpi9jChRk6Xms3UGpRwfojcVA=.ed25519"
}
2026-02-09 20:55:08 | DEBUG    |   Address: net:192.168.1.7:8004~shs:{
  "id": "+BnlmOCAoxZVNa2AehTpi9jChRk6Xms3UGpRwfojcVA="
}
2026-02-09 20:55:08 | DEBUG    |   Got info for ssb-sim-node-5
2026-02-09 20:55:08 | DEBUG    | Getting info for ssb-sim-node-6...
2026-02-09 20:55:08 | DEBUG    |   ID: {
  "id": "@sN9oDEyaeK3DJ+9n/4PsJ579mo+/MIQ592t9tUr0RTI=.ed25519"
}
2026-02-09 20:55:08 | DEBUG    |   Address: net:192.168.1.7:8005~shs:{
  "id": "sN9oDEyaeK3DJ+9n/4PsJ579mo+/MIQ592t9tUr0RTI="
}
2026-02-09 20:55:08 | DEBUG    |   Got info for ssb-sim-node-6
2026-02-09 20:55:08 | DEBUG    | Getting info for ssb-sim-node-7...
2026-02-09 20:55:08 | DEBUG    |   ID: {
  "id": "@u79tStUepSn834q3+pH8gGotKW6cWSGmwVcntuX/SYg=.ed25519"
}
2026-02-09 20:55:08 | DEBUG    |   Address: net:192.168.1.7:8006~shs:{
  "id": "u79tStUepSn834q3+pH8gGotKW6cWSGmwVcntuX/SYg="
}
2026-02-09 20:55:08 | DEBUG    |   Got info for ssb-sim-node-7
2026-02-09 20:55:08 | DEBUG    | Getting info for ssb-sim-node-8...
2026-02-09 20:55:09 | DEBUG    |   ID: {
  "id": "@U8rpWYKn/90a/UVU/J2KjGJJtgFELF4uf+wee6ULW7g=.ed25519"
}
2026-02-09 20:55:09 | DEBUG    |   Address: net:192.168.1.7:8007~shs:{
  "id": "U8rpWYKn/90a/UVU/J2KjGJJtgFELF4uf+wee6ULW7g="
}
2026-02-09 20:55:09 | DEBUG    |   Got info for ssb-sim-node-8
2026-02-09 20:55:09 | DEBUG    | Getting info for ssb-sim-node-9...
2026-02-09 20:55:09 | DEBUG    |   ID: {
  "id": "@ztUkNNqPR0d5xMhsqGb0YFDanIK3WV8uiPWZK51qfr4=.ed25519"
}
2026-02-09 20:55:09 | DEBUG    |   Address: net:192.168.1.7:8008~shs:{
  "id": "ztUkNNqPR0d5xMhsqGb0YFDanIK3WV8uiPWZK51qfr4="
}
2026-02-09 20:55:09 | DEBUG    |   Got info for ssb-sim-node-9
2026-02-09 20:55:09 | DEBUG    | Getting info for ssb-sim-node-10...
2026-02-09 20:55:10 | DEBUG    |   ID: {
  "id": "@oqsByyPNxj0DSGFjQNu+hL65phDdiUnWh31UFTl/aZ8=.ed25519"
}
2026-02-09 20:55:10 | DEBUG    |   Address: net:192.168.1.7:8009~shs:{
  "id": "oqsByyPNxj0DSGFjQNu+hL65phDdiUnWh31UFTl/aZ8="
}
2026-02-09 20:55:10 | DEBUG    |   Got info for ssb-sim-node-10
2026-02-09 20:55:10 | INFO     |     Gathered info for 10 nodes (4.09s)
2026-02-09 20:55:10 | INFO     |   Creating peer connections...
2026-02-09 20:55:10 | INFO     |   ssb-sim-node-1: connecting to 4 peers...
2026-02-09 20:55:10 | DEBUG    |     Mode: range, Count: 4
2026-02-09 20:55:10 | DEBUG    |     Connecting ssb-sim-node-1 -> ssb-sim-node-6...
2026-02-09 20:55:10 | DEBUG    |       Gossip command: ssb-server gossip.connect "net:192.168.1.7:8005~shs:{
  "id": "sN9oDEyaeK3DJ+9n/4PsJ579mo+/MIQ592t9tUr0RTI="
}"
2026-02-09 20:55:10 | WARNING  |          Gossip failed (exit 1)
2026-02-09 20:55:10 | DEBUG    |       Output: error loading sodium bindings: Cannot find module 'sodium-native'
Require stack:
- /usr/local/lib/node_modules/ssb-server/node_modules/chloride/bindings.js
- /usr/local/lib/node_modules/ssb-server/nod
2026-02-09 20:55:10 | DEBUG    |     Connecting ssb-sim-node-1 -> ssb-sim-node-8...
2026-02-09 20:55:10 | DEBUG    |       Gossip command: ssb-server gossip.connect "net:192.168.1.7:8007~shs:{
  "id": "U8rpWYKn/90a/UVU/J2KjGJJtgFELF4uf+wee6ULW7g="
}"
2026-02-09 20:55:11 | WARNING  |          Gossip failed (exit 1)
2026-02-09 20:55:11 | DEBUG    |       Output: error loading sodium bindings: Cannot find module 'sodium-native'
Require stack:
- /usr/local/lib/node_modules/ssb-server/node_modules/chloride/bindings.js
- /usr/local/lib/node_modules/ssb-server/nod
2026-02-09 20:55:11 | DEBUG    |     Connecting ssb-sim-node-1 -> ssb-sim-node-10...
2026-02-09 20:55:11 | DEBUG    |       Gossip command: ssb-server gossip.connect "net:192.168.1.7:8009~shs:{
  "id": "oqsByyPNxj0DSGFjQNu+hL65phDdiUnWh31UFTl/aZ8="
}"
2026-02-09 20:55:11 | WARNING  |          Gossip failed (exit 1)
2026-02-09 20:55:11 | DEBUG    |       Output: error loading sodium bindings: Cannot find module 'sodium-native'
Require stack:
- /usr/local/lib/node_modules/ssb-server/node_modules/chloride/bindings.js
- /usr/local/lib/node_modules/ssb-server/nod
2026-02-09 20:55:11 | DEBUG    |     Connecting ssb-sim-node-1 -> ssb-sim-node-9...
2026-02-09 20:55:11 | DEBUG    |       Gossip command: ssb-server gossip.connect "net:192.168.1.7:8008~shs:{
  "id": "ztUkNNqPR0d5xMhsqGb0YFDanIK3WV8uiPWZK51qfr4="
}"
2026-02-09 20:55:11 | WARNING  |          Gossip failed (exit 1)
2026-02-09 20:55:11 | DEBUG    |       Output: error loading sodium bindings: Cannot find module 'sodium-native'
Require stack:
- /usr/local/lib/node_modules/ssb-server/node_modules/chloride/bindings.js
- /usr/local/lib/node_modules/ssb-server/nod
2026-02-09 20:55:11 | DEBUG    |     Connected to: 
2026-02-09 20:55:11 | INFO     |   ssb-sim-node-2: connecting to 4 peers...
2026-02-09 20:55:11 | DEBUG    |     Mode: range, Count: 4
2026-02-09 20:55:11 | DEBUG    |     Connecting ssb-sim-node-2 -> ssb-sim-node-7...
2026-02-09 20:55:11 | DEBUG    |       Gossip command: ssb-server gossip.connect "net:192.168.1.7:8006~shs:{
  "id": "u79tStUepSn834q3+pH8gGotKW6cWSGmwVcntuX/SYg="
}"
2026-02-09 20:55:12 | WARNING  |          Gossip failed (exit 1)
2026-02-09 20:55:12 | DEBUG    |       Output: error loading sodium bindings: Cannot find module 'sodium-native'
Require stack:
- /usr/local/lib/node_modules/ssb-server/node_modules/chloride/bindings.js
- /usr/local/lib/node_modules/ssb-server/nod
2026-02-09 20:55:12 | DEBUG    |     Connecting ssb-sim-node-2 -> ssb-sim-node-9...
2026-02-09 20:55:12 | DEBUG    |       Gossip command: ssb-server gossip.connect "net:192.168.1.7:8008~shs:{
  "id": "ztUkNNqPR0d5xMhsqGb0YFDanIK3WV8uiPWZK51qfr4="
}"
2026-02-09 20:55:12 | WARNING  |          Gossip failed (exit 1)
2026-02-09 20:55:12 | DEBUG    |       Output: error loading sodium bindings: Cannot find module 'sodium-native'
Require stack:
- /usr/local/lib/node_modules/ssb-server/node_modules/chloride/bindings.js
- /usr/local/lib/node_modules/ssb-server/nod
2026-02-09 20:55:12 | DEBUG    |     Connecting ssb-sim-node-2 -> ssb-sim-node-10...
2026-02-09 20:55:12 | DEBUG    |       Gossip command: ssb-server gossip.connect "net:192.168.1.7:8009~shs:{
  "id": "oqsByyPNxj0DSGFjQNu+hL65phDdiUnWh31UFTl/aZ8="
}"
2026-02-09 20:55:13 | WARNING  |          Gossip failed (exit 1)
2026-02-09 20:55:13 | DEBUG    |       Output: error loading sodium bindings: Cannot find module 'sodium-native'
Require stack:
- /usr/local/lib/node_modules/ssb-server/node_modules/chloride/bindings.js
- /usr/local/lib/node_modules/ssb-server/nod
2026-02-09 20:55:13 | DEBUG    |     Connecting ssb-sim-node-2 -> ssb-sim-node-8...
2026-02-09 20:55:13 | DEBUG    |       Gossip command: ssb-server gossip.connect "net:192.168.1.7:8007~shs:{
  "id": "U8rpWYKn/90a/UVU/J2KjGJJtgFELF4uf+wee6ULW7g="
}"
2026-02-09 20:55:13 | WARNING  |          Gossip failed (exit 1)
2026-02-09 20:55:13 | DEBUG    |       Output: error loading sodium bindings: Cannot find module 'sodium-native'
Require stack:
- /usr/local/lib/node_modules/ssb-server/node_modules/chloride/bindings.js
- /usr/local/lib/node_modules/ssb-server/nod
2026-02-09 20:55:13 | DEBUG    |     Connected to: 
2026-02-09 20:55:13 | INFO     |   ssb-sim-node-3: connecting to 5 peers...
2026-02-09 20:55:13 | DEBUG    |     Mode: range, Count: 5
2026-02-09 20:55:13 | DEBUG    |     Connecting ssb-sim-node-3 -> ssb-sim-node-2...
2026-02-09 20:55:13 | DEBUG    |       Gossip command: ssb-server gossip.connect "net:192.168.1.7:8001~shs:{
  "id": "NsuRwart/ml4txegrJHbBWiCV8C2TzCLmK3r7gsQfFQ="
}"
2026-02-09 20:55:13 | WARNING  |          Gossip failed (exit 1)
2026-02-09 20:55:13 | DEBUG    |       Output: error loading sodium bindings: Cannot find module 'sodium-native'
Require stack:
- /usr/local/lib/node_modules/ssb-server/node_modules/chloride/bindings.js
- /usr/local/lib/node_modules/ssb-server/nod
2026-02-09 20:55:13 | DEBUG    |     Connecting ssb-sim-node-3 -> ssb-sim-node-9...
2026-02-09 20:55:13 | DEBUG    |       Gossip command: ssb-server gossip.connect "net:192.168.1.7:8008~shs:{
  "id": "ztUkNNqPR0d5xMhsqGb0YFDanIK3WV8uiPWZK51qfr4="
}"
2026-02-09 20:55:14 | WARNING  |          Gossip failed (exit 1)
2026-02-09 20:55:14 | DEBUG    |       Output: error loading sodium bindings: Cannot find module 'sodium-native'
Require stack:
- /usr/local/lib/node_modules/ssb-server/node_modules/chloride/bindings.js
- /usr/local/lib/node_modules/ssb-server/nod
2026-02-09 20:55:14 | DEBUG    |     Connecting ssb-sim-node-3 -> ssb-sim-node-1...
2026-02-09 20:55:14 | DEBUG    |       Gossip command: ssb-server gossip.connect "net:192.168.1.7:8000~shs:{
  "id": "5v9CenF0N+MWs2hxKvYh4D/65kBaRKi+t+KRVHcAOdM="
}"
2026-02-09 20:55:14 | WARNING  |          Gossip failed (exit 1)
2026-02-09 20:55:14 | DEBUG    |       Output: error loading sodium bindings: Cannot find module 'sodium-native'
Require stack:
- /usr/local/lib/node_modules/ssb-server/node_modules/chloride/bindings.js
- /usr/local/lib/node_modules/ssb-server/nod
2026-02-09 20:55:14 | DEBUG    |     Connecting ssb-sim-node-3 -> ssb-sim-node-4...
2026-02-09 20:55:14 | DEBUG    |       Gossip command: ssb-server gossip.connect "net:192.168.1.7:8003~shs:{
  "id": "ViMbCyqdxjo8oUpxelT5wC6JzIZD0FJCWkbNXLRut2g="
}"
2026-02-09 20:55:15 | WARNING  |          Gossip failed (exit 1)
2026-02-09 20:55:15 | DEBUG    |       Output: error loading sodium bindings: Cannot find module 'sodium-native'
Require stack:
- /usr/local/lib/node_modules/ssb-server/node_modules/chloride/bindings.js
- /usr/local/lib/node_modules/ssb-server/nod
2026-02-09 20:55:15 | DEBUG    |     Connecting ssb-sim-node-3 -> ssb-sim-node-8...
2026-02-09 20:55:15 | DEBUG    |       Gossip command: ssb-server gossip.connect "net:192.168.1.7:8007~shs:{
  "id": "U8rpWYKn/90a/UVU/J2KjGJJtgFELF4uf+wee6ULW7g="
}"
2026-02-09 20:55:15 | WARNING  |          Gossip failed (exit 1)
2026-02-09 20:55:15 | DEBUG    |       Output: error loading sodium bindings: Cannot find module 'sodium-native'
Require stack:
- /usr/local/lib/node_modules/ssb-server/node_modules/chloride/bindings.js
- /usr/local/lib/node_modules/ssb-server/nod
2026-02-09 20:55:15 | DEBUG    |     Connected to: 
2026-02-09 20:55:15 | INFO     |   ssb-sim-node-4: connecting to 4 peers...
2026-02-09 20:55:15 | DEBUG    |     Mode: range, Count: 4
2026-02-09 20:55:15 | DEBUG    |     Connecting ssb-sim-node-4 -> ssb-sim-node-3...
2026-02-09 20:55:15 | DEBUG    |       Gossip command: ssb-server gossip.connect "net:192.168.1.7:8002~shs:{
  "id": "Y8kJc1gFC2QNPV8Qo4h9D5BQ121qCCrWlTdz/0KTJgY="
}"
2026-02-09 20:55:15 | WARNING  |          Gossip failed (exit 1)
2026-02-09 20:55:15 | DEBUG    |       Output: error loading sodium bindings: Cannot find module 'sodium-native'
Require stack:
- /usr/local/lib/node_modules/ssb-server/node_modules/chloride/bindings.js
- /usr/local/lib/node_modules/ssb-server/nod
2026-02-09 20:55:15 | DEBUG    |     Connecting ssb-sim-node-4 -> ssb-sim-node-1...
2026-02-09 20:55:15 | DEBUG    |       Gossip command: ssb-server gossip.connect "net:192.168.1.7:8000~shs:{
  "id": "5v9CenF0N+MWs2hxKvYh4D/65kBaRKi+t+KRVHcAOdM="
}"
2026-02-09 20:55:16 | WARNING  |          Gossip failed (exit 1)
2026-02-09 20:55:16 | DEBUG    |       Output: error loading sodium bindings: Cannot find module 'sodium-native'
Require stack:
- /usr/local/lib/node_modules/ssb-server/node_modules/chloride/bindings.js
- /usr/local/lib/node_modules/ssb-server/nod
2026-02-09 20:55:16 | DEBUG    |     Connecting ssb-sim-node-4 -> ssb-sim-node-10...
2026-02-09 20:55:16 | DEBUG    |       Gossip command: ssb-server gossip.connect "net:192.168.1.7:8009~shs:{
  "id": "oqsByyPNxj0DSGFjQNu+hL65phDdiUnWh31UFTl/aZ8="
}"
2026-02-09 20:55:16 | WARNING  |          Gossip failed (exit 1)
2026-02-09 20:55:16 | DEBUG    |       Output: error loading sodium bindings: Cannot find module 'sodium-native'
Require stack:
- /usr/local/lib/node_modules/ssb-server/node_modules/chloride/bindings.js
- /usr/local/lib/node_modules/ssb-server/nod
2026-02-09 20:55:16 | DEBUG    |     Connecting ssb-sim-node-4 -> ssb-sim-node-2...
2026-02-09 20:55:16 | DEBUG    |       Gossip command: ssb-server gossip.connect "net:192.168.1.7:8001~shs:{
  "id": "NsuRwart/ml4txegrJHbBWiCV8C2TzCLmK3r7gsQfFQ="
}"
2026-02-09 20:55:17 | WARNING  |          Gossip failed (exit 1)
2026-02-09 20:55:17 | DEBUG    |       Output: error loading sodium bindings: Cannot find module 'sodium-native'
Require stack:
- /usr/local/lib/node_modules/ssb-server/node_modules/chloride/bindings.js
- /usr/local/lib/node_modules/ssb-server/nod
2026-02-09 20:55:17 | DEBUG    |     Connected to: 
2026-02-09 20:55:17 | INFO     |   ssb-sim-node-5: connecting to 3 peers...
2026-02-09 20:55:17 | DEBUG    |     Mode: range, Count: 3
2026-02-09 20:55:17 | DEBUG    |     Connecting ssb-sim-node-5 -> ssb-sim-node-1...
2026-02-09 20:55:17 | DEBUG    |       Gossip command: ssb-server gossip.connect "net:192.168.1.7:8000~shs:{
  "id": "5v9CenF0N+MWs2hxKvYh4D/65kBaRKi+t+KRVHcAOdM="
}"
2026-02-09 20:55:17 | WARNING  |          Gossip failed (exit 1)
2026-02-09 20:55:17 | DEBUG    |       Output: error loading sodium bindings: Cannot find module 'sodium-native'
Require stack:
- /usr/local/lib/node_modules/ssb-server/node_modules/chloride/bindings.js
- /usr/local/lib/node_modules/ssb-server/nod
2026-02-09 20:55:17 | DEBUG    |     Connecting ssb-sim-node-5 -> ssb-sim-node-7...
2026-02-09 20:55:17 | DEBUG    |       Gossip command: ssb-server gossip.connect "net:192.168.1.7:8006~shs:{
  "id": "u79tStUepSn834q3+pH8gGotKW6cWSGmwVcntuX/SYg="
}"
2026-02-09 20:55:18 | WARNING  |          Gossip failed (exit 1)
2026-02-09 20:55:18 | DEBUG    |       Output: error loading sodium bindings: Cannot find module 'sodium-native'
Require stack:
- /usr/local/lib/node_modules/ssb-server/node_modules/chloride/bindings.js
- /usr/local/lib/node_modules/ssb-server/nod
2026-02-09 20:55:18 | DEBUG    |     Connecting ssb-sim-node-5 -> ssb-sim-node-3...
2026-02-09 20:55:18 | DEBUG    |       Gossip command: ssb-server gossip.connect "net:192.168.1.7:8002~shs:{
  "id": "Y8kJc1gFC2QNPV8Qo4h9D5BQ121qCCrWlTdz/0KTJgY="
}"
2026-02-09 20:55:18 | WARNING  |          Gossip failed (exit 1)
2026-02-09 20:55:18 | DEBUG    |       Output: error loading sodium bindings: Cannot find module 'sodium-native'
Require stack:
- /usr/local/lib/node_modules/ssb-server/node_modules/chloride/bindings.js
- /usr/local/lib/node_modules/ssb-server/nod
2026-02-09 20:55:18 | DEBUG    |     Connected to: 
2026-02-09 20:55:18 | INFO     |   ssb-sim-node-6: connecting to 2 peers...
2026-02-09 20:55:18 | DEBUG    |     Mode: range, Count: 2
2026-02-09 20:55:18 | DEBUG    |     Connecting ssb-sim-node-6 -> ssb-sim-node-5...
2026-02-09 20:55:18 | DEBUG    |       Gossip command: ssb-server gossip.connect "net:192.168.1.7:8004~shs:{
  "id": "+BnlmOCAoxZVNa2AehTpi9jChRk6Xms3UGpRwfojcVA="
}"
2026-02-09 20:55:18 | WARNING  |          Gossip failed (exit 1)
2026-02-09 20:55:18 | DEBUG    |       Output: error loading sodium bindings: Cannot find module 'sodium-native'
Require stack:
- /usr/local/lib/node_modules/ssb-server/node_modules/chloride/bindings.js
- /usr/local/lib/node_modules/ssb-server/nod
2026-02-09 20:55:18 | DEBUG    |     Connecting ssb-sim-node-6 -> ssb-sim-node-7...
2026-02-09 20:55:18 | DEBUG    |       Gossip command: ssb-server gossip.connect "net:192.168.1.7:8006~shs:{
  "id": "u79tStUepSn834q3+pH8gGotKW6cWSGmwVcntuX/SYg="
}"
2026-02-09 20:55:19 | WARNING  |          Gossip failed (exit 1)
2026-02-09 20:55:19 | DEBUG    |       Output: error loading sodium bindings: Cannot find module 'sodium-native'
Require stack:
- /usr/local/lib/node_modules/ssb-server/node_modules/chloride/bindings.js
- /usr/local/lib/node_modules/ssb-server/nod
2026-02-09 20:55:19 | DEBUG    |     Connected to: 
2026-02-09 20:55:19 | INFO     |   ssb-sim-node-7: connecting to 4 peers...
2026-02-09 20:55:19 | DEBUG    |     Mode: range, Count: 4
2026-02-09 20:55:19 | DEBUG    |     Connecting ssb-sim-node-7 -> ssb-sim-node-2...
2026-02-09 20:55:19 | DEBUG    |       Gossip command: ssb-server gossip.connect "net:192.168.1.7:8001~shs:{
  "id": "NsuRwart/ml4txegrJHbBWiCV8C2TzCLmK3r7gsQfFQ="
}"
2026-02-09 20:55:19 | WARNING  |          Gossip failed (exit 1)
2026-02-09 20:55:19 | DEBUG    |       Output: error loading sodium bindings: Cannot find module 'sodium-native'
Require stack:
- /usr/local/lib/node_modules/ssb-server/node_modules/chloride/bindings.js
- /usr/local/lib/node_modules/ssb-server/nod
2026-02-09 20:55:19 | DEBUG    |     Connecting ssb-sim-node-7 -> ssb-sim-node-9...
2026-02-09 20:55:19 | DEBUG    |       Gossip command: ssb-server gossip.connect "net:192.168.1.7:8008~shs:{
  "id": "ztUkNNqPR0d5xMhsqGb0YFDanIK3WV8uiPWZK51qfr4="
}"
2026-02-09 20:55:20 | WARNING  |          Gossip failed (exit 1)
2026-02-09 20:55:20 | DEBUG    |       Output: error loading sodium bindings: Cannot find module 'sodium-native'
Require stack:
- /usr/local/lib/node_modules/ssb-server/node_modules/chloride/bindings.js
- /usr/local/lib/node_modules/ssb-server/nod
2026-02-09 20:55:20 | DEBUG    |     Connecting ssb-sim-node-7 -> ssb-sim-node-4...
2026-02-09 20:55:20 | DEBUG    |       Gossip command: ssb-server gossip.connect "net:192.168.1.7:8003~shs:{
  "id": "ViMbCyqdxjo8oUpxelT5wC6JzIZD0FJCWkbNXLRut2g="
}"
2026-02-09 20:55:20 | WARNING  |          Gossip failed (exit 1)
2026-02-09 20:55:20 | DEBUG    |       Output: error loading sodium bindings: Cannot find module 'sodium-native'
Require stack:
- /usr/local/lib/node_modules/ssb-server/node_modules/chloride/bindings.js
- /usr/local/lib/node_modules/ssb-server/nod
2026-02-09 20:55:20 | DEBUG    |     Connecting ssb-sim-node-7 -> ssb-sim-node-1...
2026-02-09 20:55:20 | DEBUG    |       Gossip command: ssb-server gossip.connect "net:192.168.1.7:8000~shs:{
  "id": "5v9CenF0N+MWs2hxKvYh4D/65kBaRKi+t+KRVHcAOdM="
}"
2026-02-09 20:55:20 | WARNING  |          Gossip failed (exit 1)
2026-02-09 20:55:20 | DEBUG    |       Output: error loading sodium bindings: Cannot find module 'sodium-native'
Require stack:
- /usr/local/lib/node_modules/ssb-server/node_modules/chloride/bindings.js
- /usr/local/lib/node_modules/ssb-server/nod
2026-02-09 20:55:20 | DEBUG    |     Connected to: 
2026-02-09 20:55:20 | INFO     |   ssb-sim-node-8: connecting to 5 peers...
2026-02-09 20:55:20 | DEBUG    |     Mode: range, Count: 5
2026-02-09 20:55:20 | DEBUG    |     Connecting ssb-sim-node-8 -> ssb-sim-node-3...
2026-02-09 20:55:20 | DEBUG    |       Gossip command: ssb-server gossip.connect "net:192.168.1.7:8002~shs:{
  "id": "Y8kJc1gFC2QNPV8Qo4h9D5BQ121qCCrWlTdz/0KTJgY="
}"
2026-02-09 20:55:21 | WARNING  |          Gossip failed (exit 1)
2026-02-09 20:55:21 | DEBUG    |       Output: error loading sodium bindings: Cannot find module 'sodium-native'
Require stack:
- /usr/local/lib/node_modules/ssb-server/node_modules/chloride/bindings.js
- /usr/local/lib/node_modules/ssb-server/nod
2026-02-09 20:55:21 | DEBUG    |     Connecting ssb-sim-node-8 -> ssb-sim-node-6...
2026-02-09 20:55:21 | DEBUG    |       Gossip command: ssb-server gossip.connect "net:192.168.1.7:8005~shs:{
  "id": "sN9oDEyaeK3DJ+9n/4PsJ579mo+/MIQ592t9tUr0RTI="
}"
2026-02-09 20:55:21 | WARNING  |          Gossip failed (exit 1)
2026-02-09 20:55:21 | DEBUG    |       Output: error loading sodium bindings: Cannot find module 'sodium-native'
Require stack:
- /usr/local/lib/node_modules/ssb-server/node_modules/chloride/bindings.js
- /usr/local/lib/node_modules/ssb-server/nod
2026-02-09 20:55:21 | DEBUG    |     Connecting ssb-sim-node-8 -> ssb-sim-node-1...
2026-02-09 20:55:21 | DEBUG    |       Gossip command: ssb-server gossip.connect "net:192.168.1.7:8000~shs:{
  "id": "5v9CenF0N+MWs2hxKvYh4D/65kBaRKi+t+KRVHcAOdM="
}"
2026-02-09 20:55:22 | WARNING  |          Gossip failed (exit 1)
2026-02-09 20:55:22 | DEBUG    |       Output: error loading sodium bindings: Cannot find module 'sodium-native'
Require stack:
- /usr/local/lib/node_modules/ssb-server/node_modules/chloride/bindings.js
- /usr/local/lib/node_modules/ssb-server/nod
2026-02-09 20:55:22 | DEBUG    |     Connecting ssb-sim-node-8 -> ssb-sim-node-9...
2026-02-09 20:55:22 | DEBUG    |       Gossip command: ssb-server gossip.connect "net:192.168.1.7:8008~shs:{
  "id": "ztUkNNqPR0d5xMhsqGb0YFDanIK3WV8uiPWZK51qfr4="
}"
2026-02-09 20:55:22 | WARNING  |          Gossip failed (exit 1)
2026-02-09 20:55:22 | DEBUG    |       Output: error loading sodium bindings: Cannot find module 'sodium-native'
Require stack:
- /usr/local/lib/node_modules/ssb-server/node_modules/chloride/bindings.js
- /usr/local/lib/node_modules/ssb-server/nod
2026-02-09 20:55:22 | DEBUG    |     Connecting ssb-sim-node-8 -> ssb-sim-node-10...
2026-02-09 20:55:22 | DEBUG    |       Gossip command: ssb-server gossip.connect "net:192.168.1.7:8009~shs:{
  "id": "oqsByyPNxj0DSGFjQNu+hL65phDdiUnWh31UFTl/aZ8="
}"
2026-02-09 20:55:22 | WARNING  |          Gossip failed (exit 1)
2026-02-09 20:55:22 | DEBUG    |       Output: error loading sodium bindings: Cannot find module 'sodium-native'
Require stack:
- /usr/local/lib/node_modules/ssb-server/node_modules/chloride/bindings.js
- /usr/local/lib/node_modules/ssb-server/nod
2026-02-09 20:55:22 | DEBUG    |     Connected to: 
2026-02-09 20:55:22 | INFO     |   ssb-sim-node-9: connecting to 4 peers...
2026-02-09 20:55:22 | DEBUG    |     Mode: range, Count: 4
2026-02-09 20:55:22 | DEBUG    |     Connecting ssb-sim-node-9 -> ssb-sim-node-5...
2026-02-09 20:55:22 | DEBUG    |       Gossip command: ssb-server gossip.connect "net:192.168.1.7:8004~shs:{
  "id": "+BnlmOCAoxZVNa2AehTpi9jChRk6Xms3UGpRwfojcVA="
}"
2026-02-09 20:55:23 | WARNING  |          Gossip failed (exit 1)
2026-02-09 20:55:23 | DEBUG    |       Output: error loading sodium bindings: Cannot find module 'sodium-native'
Require stack:
- /usr/local/lib/node_modules/ssb-server/node_modules/chloride/bindings.js
- /usr/local/lib/node_modules/ssb-server/nod
2026-02-09 20:55:23 | DEBUG    |     Connecting ssb-sim-node-9 -> ssb-sim-node-7...
2026-02-09 20:55:23 | DEBUG    |       Gossip command: ssb-server gossip.connect "net:192.168.1.7:8006~shs:{
  "id": "u79tStUepSn834q3+pH8gGotKW6cWSGmwVcntuX/SYg="
}"
2026-02-09 20:55:23 | WARNING  |          Gossip failed (exit 1)
2026-02-09 20:55:23 | DEBUG    |       Output: error loading sodium bindings: Cannot find module 'sodium-native'
Require stack:
- /usr/local/lib/node_modules/ssb-server/node_modules/chloride/bindings.js
- /usr/local/lib/node_modules/ssb-server/nod
2026-02-09 20:55:23 | DEBUG    |     Connecting ssb-sim-node-9 -> ssb-sim-node-1...
2026-02-09 20:55:23 | DEBUG    |       Gossip command: ssb-server gossip.connect "net:192.168.1.7:8000~shs:{
  "id": "5v9CenF0N+MWs2hxKvYh4D/65kBaRKi+t+KRVHcAOdM="
}"
2026-02-09 20:55:24 | WARNING  |          Gossip failed (exit 1)
2026-02-09 20:55:24 | DEBUG    |       Output: error loading sodium bindings: Cannot find module 'sodium-native'
Require stack:
- /usr/local/lib/node_modules/ssb-server/node_modules/chloride/bindings.js
- /usr/local/lib/node_modules/ssb-server/nod
2026-02-09 20:55:24 | DEBUG    |     Connecting ssb-sim-node-9 -> ssb-sim-node-6...
2026-02-09 20:55:24 | DEBUG    |       Gossip command: ssb-server gossip.connect "net:192.168.1.7:8005~shs:{
  "id": "sN9oDEyaeK3DJ+9n/4PsJ579mo+/MIQ592t9tUr0RTI="
}"
2026-02-09 20:55:24 | WARNING  |          Gossip failed (exit 1)
2026-02-09 20:55:24 | DEBUG    |       Output: error loading sodium bindings: Cannot find module 'sodium-native'
Require stack:
- /usr/local/lib/node_modules/ssb-server/node_modules/chloride/bindings.js
- /usr/local/lib/node_modules/ssb-server/nod
2026-02-09 20:55:24 | DEBUG    |     Connected to: 
2026-02-09 20:55:24 | INFO     |   ssb-sim-node-10: connecting to 3 peers...
2026-02-09 20:55:24 | DEBUG    |     Mode: range, Count: 3
2026-02-09 20:55:24 | DEBUG    |     Connecting ssb-sim-node-10 -> ssb-sim-node-7...
2026-02-09 20:55:24 | DEBUG    |       Gossip command: ssb-server gossip.connect "net:192.168.1.7:8006~shs:{
  "id": "u79tStUepSn834q3+pH8gGotKW6cWSGmwVcntuX/SYg="
}"
2026-02-09 20:55:25 | WARNING  |          Gossip failed (exit 1)
2026-02-09 20:55:25 | DEBUG    |       Output: error loading sodium bindings: Cannot find module 'sodium-native'
Require stack:
- /usr/local/lib/node_modules/ssb-server/node_modules/chloride/bindings.js
- /usr/local/lib/node_modules/ssb-server/nod
2026-02-09 20:55:25 | DEBUG    |     Connecting ssb-sim-node-10 -> ssb-sim-node-4...
2026-02-09 20:55:25 | DEBUG    |       Gossip command: ssb-server gossip.connect "net:192.168.1.7:8003~shs:{
  "id": "ViMbCyqdxjo8oUpxelT5wC6JzIZD0FJCWkbNXLRut2g="
}"
2026-02-09 20:55:25 | WARNING  |          Gossip failed (exit 1)
2026-02-09 20:55:25 | DEBUG    |       Output: error loading sodium bindings: Cannot find module 'sodium-native'
Require stack:
- /usr/local/lib/node_modules/ssb-server/node_modules/chloride/bindings.js
- /usr/local/lib/node_modules/ssb-server/nod
2026-02-09 20:55:25 | DEBUG    |     Connecting ssb-sim-node-10 -> ssb-sim-node-1...
2026-02-09 20:55:25 | DEBUG    |       Gossip command: ssb-server gossip.connect "net:192.168.1.7:8000~shs:{
  "id": "5v9CenF0N+MWs2hxKvYh4D/65kBaRKi+t+KRVHcAOdM="
}"
2026-02-09 20:55:25 | WARNING  |          Gossip failed (exit 1)
2026-02-09 20:55:25 | DEBUG    |       Output: error loading sodium bindings: Cannot find module 'sodium-native'
Require stack:
- /usr/local/lib/node_modules/ssb-server/node_modules/chloride/bindings.js
- /usr/local/lib/node_modules/ssb-server/nod
2026-02-09 20:55:25 | DEBUG    |     Connected to: 
2026-02-09 20:55:25 | INFO     |   Connections complete: 0 successful, 38 failed (19.87s)
2026-02-09 20:55:25 | DEBUG    | Connection matrix:
2026-02-09 20:55:25 | DEBUG    |   ssb-sim-node-1: 0 connections -> []
2026-02-09 20:55:25 | DEBUG    |   ssb-sim-node-2: 0 connections -> []
2026-02-09 20:55:25 | DEBUG    |   ssb-sim-node-3: 0 connections -> []
2026-02-09 20:55:25 | DEBUG    |   ssb-sim-node-4: 0 connections -> []
2026-02-09 20:55:25 | DEBUG    |   ssb-sim-node-5: 0 connections -> []
2026-02-09 20:55:25 | DEBUG    |   ssb-sim-node-6: 0 connections -> []
2026-02-09 20:55:25 | DEBUG    |   ssb-sim-node-7: 0 connections -> []
2026-02-09 20:55:25 | DEBUG    |   ssb-sim-node-8: 0 connections -> []
2026-02-09 20:55:25 | DEBUG    |   ssb-sim-node-9: 0 connections -> []
2026-02-09 20:55:25 | DEBUG    |   ssb-sim-node-10: 0 connections -> []
2026-02-09 20:55:25 | DEBUG    | --------------------------------------------------------------------------------
2026-02-09 20:55:25 | INFO     | ================================================================================
2026-02-09 20:55:25 | INFO     | SIMULATION COMPLETE - Total time: 142.16s
2026-02-09 20:55:25 | INFO     | ================================================================================
