2026-02-08 20:59:09 | DEBUG    | Logging initialized. File: logs\ssb_sim_20260208_205909.log
2026-02-08 20:59:09 | INFO     | ================================================================================
2026-02-08 20:59:09 | INFO     | SSB NETWORK SIMULATOR INITIALIZED
2026-02-08 20:59:09 | INFO     | ================================================================================
2026-02-08 20:59:09 | INFO     | Configuration:
2026-02-08 20:59:09 | INFO     |   - Number of nodes: 10
2026-02-08 20:59:09 | INFO     |   - Friends mode: range
2026-02-08 20:59:09 | INFO     |   - Friends range: 2-5
2026-02-08 20:59:09 | INFO     |   - Base port: 8000
2026-02-08 20:59:09 | INFO     |   - Host IP: 192.168.1.7
2026-02-08 20:59:09 | INFO     |   - Log file: logs\ssb_sim_20260208_205909.log
2026-02-08 20:59:09 | INFO     | ================================================================================
2026-02-08 20:59:09 | INFO     | Starting network simulation...
2026-02-08 20:59:09 | INFO     | Cleaning up existing containers and networks...
2026-02-08 20:59:09 | DEBUG    | Searching for existing containers...
2026-02-08 20:59:09 | DEBUG    | Searching for existing networks...
2026-02-08 20:59:09 | INFO     | Cleanup complete: 0 containers, 0 networks removed (0.01s)
2026-02-08 20:59:09 | DEBUG    | --------------------------------------------------------------------------------
2026-02-08 20:59:09 | INFO     | Creating Docker networks...
2026-02-08 20:59:09 | DEBUG    | Creating 2 LANs for 10 nodes
2026-02-08 20:59:09 | DEBUG    | Creating network: ssb-sim-lan-1 (10.10.1.0/24)
2026-02-08 20:59:09 | INFO     |   Created ssb-sim-lan-1 (10.10.1.0/24)
2026-02-08 20:59:09 | DEBUG    |     Network ID: b126647922560fe191db88b613fca1619720568e1117551d146d3becfe4871b0
2026-02-08 20:59:09 | DEBUG    | Creating network: ssb-sim-lan-2 (10.10.2.0/24)
2026-02-08 20:59:09 | INFO     |   Created ssb-sim-lan-2 (10.10.2.0/24)
2026-02-08 20:59:09 | DEBUG    |     Network ID: ae5a509ea0c2b1ed749c811e3a922358d654269c350a6a0b1151bf6e8f6e5b32
2026-02-08 20:59:09 | INFO     | Created 2 networks (0.18s)
2026-02-08 20:59:09 | DEBUG    | --------------------------------------------------------------------------------
2026-02-08 20:59:09 | INFO     | ================================================================================
2026-02-08 20:59:09 | INFO     | SIMULATION COMPLETE - Total time: 0.20s
2026-02-08 20:59:09 | INFO     | ================================================================================
