2026-04-04 18:34:26 | DEBUG    | Logging initialized. File: logs\ssb_sim_20260404_183426.log
2026-04-04 18:34:26 | INFO     | ================================================================================
2026-04-04 18:34:26 | INFO     | SSB NETWORK SIMULATOR INITIALIZED
2026-04-04 18:34:26 | INFO     | ================================================================================
2026-04-04 18:34:26 | INFO     | Configuration:
2026-04-04 18:34:26 | INFO     |   - Number of nodes: 10
2026-04-04 18:34:26 | INFO     |   - Friends mode: range
2026-04-04 18:34:26 | INFO     |   - Friends range: 2-5
2026-04-04 18:34:26 | INFO     |   - Log file: logs\ssb_sim_20260404_183426.log
2026-04-04 18:34:26 | INFO     | ================================================================================
2026-04-04 18:34:26 | INFO     | Cleaning up existing containers and networks...
2026-04-04 18:34:26 | DEBUG    | Searching for existing containers...
2026-04-04 18:34:31 | INFO     |   Removing container: ssb-sim-node-50
2026-04-04 18:34:31 | DEBUG    |     Container ID: 82777119f716c97b65b001a096f97bb2492218f0031e71827c9f88352082db15
2026-04-04 18:34:45 | DEBUG    |     Stopped ssb-sim-node-50
2026-04-04 18:34:48 | DEBUG    |     Removed ssb-sim-node-50
2026-04-04 18:34:48 | INFO     |   Removing container: ssb-sim-node-49
2026-04-04 18:34:48 | DEBUG    |     Container ID: c4136fef481e7d9c3eebc508a0204e412d95460b153fbba494bb64e96a652e43
2026-04-04 18:34:59 | DEBUG    |     Stopped ssb-sim-node-49
2026-04-04 18:34:59 | DEBUG    |     Removed ssb-sim-node-49
2026-04-04 18:34:59 | INFO     |   Removing container: ssb-sim-node-48
2026-04-04 18:34:59 | DEBUG    |     Container ID: abbcacf335e19fa0eb266b5a65750929bf83975a4a63ffee54935de7e76cb287
2026-04-04 18:35:11 | DEBUG    |     Stopped ssb-sim-node-48
2026-04-04 18:35:11 | DEBUG    |     Removed ssb-sim-node-48
2026-04-04 18:35:11 | INFO     |   Removing container: ssb-sim-node-47
2026-04-04 18:35:11 | DEBUG    |     Container ID: eba591323a5915e8c6d583e71fdddc25c8f2e3dc741b87f4502829b0100b8f02
2026-04-04 18:35:23 | DEBUG    |     Stopped ssb-sim-node-47
2026-04-04 18:35:25 | DEBUG    |     Removed ssb-sim-node-47
2026-04-04 18:35:25 | INFO     |   Removing container: ssb-sim-node-46
2026-04-04 18:35:25 | DEBUG    |     Container ID: 364a559b12b93ff690e92670b226926c1a675ade0d69ad152a14d14ea2b38a81
2026-04-04 18:35:37 | DEBUG    |     Stopped ssb-sim-node-46
2026-04-04 18:35:38 | DEBUG    |     Removed ssb-sim-node-46
2026-04-04 18:35:38 | INFO     |   Removing container: ssb-sim-node-45
2026-04-04 18:35:38 | DEBUG    |     Container ID: 098b99be1c2aa503992c8e676a03670d3ddf648b41fa01d12be1475dae406255
2026-04-04 18:35:50 | DEBUG    |     Stopped ssb-sim-node-45
2026-04-04 18:35:50 | DEBUG    |     Removed ssb-sim-node-45
2026-04-04 18:35:50 | INFO     |   Removing container: ssb-sim-node-44
2026-04-04 18:35:50 | DEBUG    |     Container ID: 17d0a2b3157b247cbae0823f045fc1abc573f6a9a027b9e68996f83beba477b9
2026-04-04 18:36:01 | DEBUG    |     Stopped ssb-sim-node-44
2026-04-04 18:36:02 | DEBUG    |     Removed ssb-sim-node-44
2026-04-04 18:36:02 | INFO     |   Removing container: ssb-sim-node-43
2026-04-04 18:36:02 | DEBUG    |     Container ID: 54a7d167625e7f69517b74488f9e1f6a4022b6261385c987298347b4f9363204
2026-04-04 18:36:13 | DEBUG    |     Stopped ssb-sim-node-43
2026-04-04 18:36:13 | DEBUG    |     Removed ssb-sim-node-43
2026-04-04 18:36:13 | INFO     |   Removing container: ssb-sim-node-42
2026-04-04 18:36:13 | DEBUG    |     Container ID: d42fc2d127e4054f5bbc507dcc829529319d8fb4918d9f288954ac8ab65e404f
2026-04-04 18:36:25 | DEBUG    |     Stopped ssb-sim-node-42
2026-04-04 18:36:25 | DEBUG    |     Removed ssb-sim-node-42
2026-04-04 18:36:25 | INFO     |   Removing container: ssb-sim-node-41
2026-04-04 18:36:25 | DEBUG    |     Container ID: fd70e7fe83e23dcc471d7bbd5bbd546bec67aeda842cdd04cb7d9be3b3d45bec
2026-04-04 18:36:36 | DEBUG    |     Stopped ssb-sim-node-41
2026-04-04 18:36:37 | DEBUG    |     Removed ssb-sim-node-41
2026-04-04 18:36:37 | INFO     |   Removing container: ssb-sim-node-40
2026-04-04 18:36:37 | DEBUG    |     Container ID: 00b297a10a7c953bfcb01b45de3bb4d7130b94623bf832f63e00b41efb79140c
2026-04-04 18:36:47 | DEBUG    |     Stopped ssb-sim-node-40
2026-04-04 18:36:47 | DEBUG    |     Removed ssb-sim-node-40
2026-04-04 18:36:47 | INFO     |   Removing container: ssb-sim-node-39
2026-04-04 18:36:47 | DEBUG    |     Container ID: 2f16cfaa9ef19fe47608edf52837d20b5c44307cb575643285da8c1af8fc5ca2
