2026-04-07 17:22:50 | DEBUG    | Logging initialized. File: logs\ssb_sim_20260407_172250.log
2026-04-07 17:22:50 | INFO     | ================================================================================
2026-04-07 17:22:50 | INFO     | SSB NETWORK SIMULATOR INITIALIZED
2026-04-07 17:22:50 | INFO     | ================================================================================
2026-04-07 17:22:50 | INFO     | Configuration:
2026-04-07 17:22:50 | INFO     |   - Number of nodes: 15
2026-04-07 17:22:50 | INFO     |   - Friends mode: range
2026-04-07 17:22:50 | INFO     |   - Friends range: 2-14
2026-04-07 17:22:50 | INFO     |   - Log file: logs\ssb_sim_20260407_172250.log
2026-04-07 17:22:50 | INFO     | ================================================================================
2026-04-07 17:22:50 | INFO     | Starting network simulation...
2026-04-07 17:22:50 | INFO     | Cleaning up existing containers and networks...
2026-04-07 17:22:50 | DEBUG    | Searching for existing containers...
2026-04-07 17:22:50 | INFO     |   Removing container: ssb-sim-node-15
2026-04-07 17:22:50 | DEBUG    |     Container ID: 65d29f57f2a6397d149f487e1a4cee507d5a8aa27422384577a8d8c33af855f0
2026-04-07 17:22:50 | DEBUG    |     Stopped ssb-sim-node-15
2026-04-07 17:22:50 | DEBUG    |     Removed ssb-sim-node-15
2026-04-07 17:22:50 | INFO     |   Removing container: ssb-sim-node-14
2026-04-07 17:22:50 | DEBUG    |     Container ID: dc8864e8b8affa0c82dd940b7a3498dc1806e88ad1b654c19c70eb1d96223df8
2026-04-07 17:22:50 | DEBUG    |     Stopped ssb-sim-node-14
2026-04-07 17:22:50 | DEBUG    |     Removed ssb-sim-node-14
2026-04-07 17:22:50 | INFO     |   Removing container: ssb-sim-node-13
2026-04-07 17:22:50 | DEBUG    |     Container ID: 7782aaf0558ab1546e43088ee26124103a6ab85c30655c68ac59ca64395a8805
2026-04-07 17:22:50 | DEBUG    |     Stopped ssb-sim-node-13
2026-04-07 17:22:50 | DEBUG    |     Removed ssb-sim-node-13
2026-04-07 17:22:50 | INFO     |   Removing container: ssb-sim-node-12
2026-04-07 17:22:50 | DEBUG    |     Container ID: 68d1809e850c95bdf56c0ca674d9c2a0b17e8c87b6938dbb09626b53fe33ac7c
2026-04-07 17:22:50 | DEBUG    |     Stopped ssb-sim-node-12
2026-04-07 17:22:50 | DEBUG    |     Removed ssb-sim-node-12
2026-04-07 17:22:50 | INFO     |   Removing container: ssb-sim-node-11
2026-04-07 17:22:50 | DEBUG    |     Container ID: f655abf2e8571aa1d4a93890f28fb22104814126a67e1f1bb20953b88f401595
2026-04-07 17:22:50 | DEBUG    |     Stopped ssb-sim-node-11
2026-04-07 17:22:50 | DEBUG    |     Removed ssb-sim-node-11
2026-04-07 17:22:50 | INFO     |   Removing container: ssb-sim-node-10
2026-04-07 17:22:50 | DEBUG    |     Container ID: 365e7f42a7e75a9336412f623620b7019b84e3dc9afdee19e5a57b586b241bdd
2026-04-07 17:22:50 | DEBUG    |     Stopped ssb-sim-node-10
2026-04-07 17:22:50 | DEBUG    |     Removed ssb-sim-node-10
2026-04-07 17:22:50 | INFO     |   Removing container: ssb-sim-node-9
2026-04-07 17:22:50 | DEBUG    |     Container ID: 0b4ad5dbe5ef559a39e5411d4763e08cf3e5658889c2a9fb9dffb9c2c1e45e2b
2026-04-07 17:22:51 | DEBUG    |     Stopped ssb-sim-node-9
2026-04-07 17:22:51 | DEBUG    |     Removed ssb-sim-node-9
2026-04-07 17:22:51 | INFO     |   Removing container: ssb-sim-node-8
2026-04-07 17:22:51 | DEBUG    |     Container ID: 440a5818568635f6897ce98a2f9f2df424de9723a628c25693885855f04aec28
2026-04-07 17:22:51 | DEBUG    |     Stopped ssb-sim-node-8
2026-04-07 17:22:51 | DEBUG    |     Removed ssb-sim-node-8
2026-04-07 17:22:51 | INFO     |   Removing container: ssb-sim-node-7
2026-04-07 17:22:51 | DEBUG    |     Container ID: 467ea7d17b33823601f592b8c3be5d0902a0b7e051972c20da982b163f29896d
2026-04-07 17:22:51 | DEBUG    |     Stopped ssb-sim-node-7
2026-04-07 17:22:51 | DEBUG    |     Removed ssb-sim-node-7
2026-04-07 17:22:51 | INFO     |   Removing container: ssb-sim-node-6
2026-04-07 17:22:51 | DEBUG    |     Container ID: c1a8990b8c0a2ac52b50d06a1ec4d07ee16202a9cd296951277a0d18b8c7ee29
2026-04-07 17:22:51 | DEBUG    |     Stopped ssb-sim-node-6
2026-04-07 17:22:51 | DEBUG    |     Removed ssb-sim-node-6
2026-04-07 17:22:51 | INFO     |   Removing container: ssb-sim-node-5
2026-04-07 17:22:51 | DEBUG    |     Container ID: 9d14bfaa27f32066724b4046c75d21953dcc216d7a50ef01d917a84e704c6531
2026-04-07 17:22:51 | DEBUG    |     Stopped ssb-sim-node-5
2026-04-07 17:22:51 | DEBUG    |     Removed ssb-sim-node-5
2026-04-07 17:22:51 | INFO     |   Removing container: ssb-sim-node-4
2026-04-07 17:22:51 | DEBUG    |     Container ID: d784f86d63755ace0795cae6484f1c82db6c90ce644da6c807a8a31fecd7ecb8
2026-04-07 17:22:51 | DEBUG    |     Stopped ssb-sim-node-4
2026-04-07 17:22:51 | DEBUG    |     Removed ssb-sim-node-4
2026-04-07 17:22:51 | INFO     |   Removing container: ssb-sim-node-3
2026-04-07 17:22:51 | DEBUG    |     Container ID: d98883b54ce16d0e5e974527f299f9759ec10b66642d35d9ceb38d77f0734500
2026-04-07 17:22:52 | DEBUG    |     Stopped ssb-sim-node-3
2026-04-07 17:22:52 | DEBUG    |     Removed ssb-sim-node-3
2026-04-07 17:22:52 | INFO     |   Removing container: ssb-sim-node-2
2026-04-07 17:22:52 | DEBUG    |     Container ID: 09a9f22f3b4593fbf2c30920c9bd3c0b897ea997d6344ed1683e7edee07d918c
2026-04-07 17:22:52 | DEBUG    |     Stopped ssb-sim-node-2
2026-04-07 17:22:52 | DEBUG    |     Removed ssb-sim-node-2
2026-04-07 17:22:52 | INFO     |   Removing container: ssb-sim-node-1
2026-04-07 17:22:52 | DEBUG    |     Container ID: 25b3b269b1ad06e0cac6ceff5b68aa076374c1621a707cc0c2ea69aa1da29ee0
2026-04-07 17:22:52 | DEBUG    |     Stopped ssb-sim-node-1
2026-04-07 17:22:52 | DEBUG    |     Removed ssb-sim-node-1
2026-04-07 17:22:52 | INFO     |   Removing container: ssb-sim-router
2026-04-07 17:22:52 | DEBUG    |     Container ID: e0ed1ee0d3e127abc138b2ae92a215658d8824a18a6c858c79c83ba710b1db1c
2026-04-07 17:22:52 | DEBUG    |     Stopped ssb-sim-router
2026-04-07 17:22:52 | DEBUG    |     Removed ssb-sim-router
2026-04-07 17:22:52 | DEBUG    | Searching for existing networks...
2026-04-07 17:22:52 | INFO     |   Removing network: ssb-sim-lan-1
2026-04-07 17:22:52 | DEBUG    |     Network ID: a6bec4b379432ef254b35ec1463e18af021468c3ed6468bb8adb4ffef06cf41d
2026-04-07 17:22:53 | DEBUG    |     Removed ssb-sim-lan-1
2026-04-07 17:22:53 | INFO     |   Removing network: ssb-sim-lan-2
2026-04-07 17:22:53 | DEBUG    |     Network ID: 3a5bef69b2aba6f638a783c7f7d2e1f5bd1f45ed1787282f8abbac733b448d88
2026-04-07 17:22:54 | DEBUG    |     Removed ssb-sim-lan-2
2026-04-07 17:22:54 | INFO     |   Removing network: ssb-sim-lan-3
2026-04-07 17:22:54 | DEBUG    |     Network ID: 2799fe1ac03f9678cd6575e8b5009b79a6aeb412db43612a914da91189b9a8f6
2026-04-07 17:22:54 | DEBUG    |     Removed ssb-sim-lan-3
2026-04-07 17:22:54 | INFO     | Cleanup complete: 16 containers, 3 networks removed (4.42s)
2026-04-07 17:22:54 | DEBUG    | --------------------------------------------------------------------------------
2026-04-07 17:22:54 | INFO     | Creating Docker networks...
2026-04-07 17:22:54 | DEBUG    | Creating 3 LANs for 15 nodes
2026-04-07 17:22:54 | DEBUG    | Creating network: ssb-sim-lan-1 (10.10.1.0/24)
2026-04-07 17:22:54 | INFO     |   Created ssb-sim-lan-1 (10.10.1.0/24)
2026-04-07 17:22:54 | DEBUG    |     Network ID: 6dff3648556e970f34c3dcc01fb2b3b98b532f1c6c5094003600657c8bddb26a
2026-04-07 17:22:54 | DEBUG    | Creating network: ssb-sim-lan-2 (10.10.2.0/24)
2026-04-07 17:22:55 | INFO     |   Created ssb-sim-lan-2 (10.10.2.0/24)
2026-04-07 17:22:55 | DEBUG    |     Network ID: da645225e334e6459fabea1507ccd82022d28ed0d8e4e61f92ef220bef0a1fc7
2026-04-07 17:22:55 | DEBUG    | Creating network: ssb-sim-lan-3 (10.10.3.0/24)
2026-04-07 17:22:55 | INFO     |   Created ssb-sim-lan-3 (10.10.3.0/24)
2026-04-07 17:22:55 | DEBUG    |     Network ID: b8e3a50619114cdf988eb15f8ef0f63da92439c83bbf6fee901bacbfaae0598d
2026-04-07 17:22:55 | INFO     | Created 3 networks (0.81s)
2026-04-07 17:22:55 | DEBUG    | --------------------------------------------------------------------------------
2026-04-07 17:22:55 | INFO     | Creating router container...
2026-04-07 17:22:56 | INFO     |   Attaching router to ssb-sim-lan-2
2026-04-07 17:22:57 | INFO     |   Attaching router to ssb-sim-lan-3
2026-04-07 17:22:57 | INFO     | Router attached to 3 networks
2026-04-07 17:22:57 | INFO     | Getting router IPs on each LAN...
2026-04-07 17:22:57 | DEBUG    |   Router IP on ssb-sim-lan-1: 10.10.1.2
2026-04-07 17:22:57 | DEBUG    |   Router IP on ssb-sim-lan-2: 10.10.2.2
2026-04-07 17:22:57 | DEBUG    |   Router IP on ssb-sim-lan-3: 10.10.3.2
2026-04-07 17:22:57 | INFO     | Creating 15 SSB nodes...
2026-04-07 17:22:57 | INFO     |   Creating ssb-sim-node-1...
2026-04-07 17:22:57 | DEBUG    |     Network: ssb-sim-lan-1
2026-04-07 17:22:57 | DEBUG    |     Data directory: data\node-1
2026-04-07 17:23:18 | INFO     |     Created in 21.41s
2026-04-07 17:23:18 | DEBUG    |     Container ID: 139d8e786375120cef3321d9342652464dce5f70def66bb527e6cfa546f3e270
2026-04-07 17:23:18 | INFO     |   Creating ssb-sim-node-2...
2026-04-07 17:23:18 | DEBUG    |     Network: ssb-sim-lan-2
2026-04-07 17:23:18 | DEBUG    |     Data directory: data\node-2
2026-04-07 17:23:20 | INFO     |     Created in 1.47s
2026-04-07 17:23:20 | DEBUG    |     Container ID: 4d01d1d8bffcfd8424839efd8a95596457fbe91ce1b049eded2b20571fae75a0
2026-04-07 17:23:20 | INFO     |   Creating ssb-sim-node-3...
2026-04-07 17:23:20 | DEBUG    |     Network: ssb-sim-lan-3
2026-04-07 17:23:20 | DEBUG    |     Data directory: data\node-3
2026-04-07 17:23:20 | INFO     |     Created in 0.50s
2026-04-07 17:23:20 | DEBUG    |     Container ID: 12adb2cd585061cd0fe224ea3ac7552130c86d9606316691dfaec50d28805979
2026-04-07 17:23:20 | INFO     |   Creating ssb-sim-node-4...
2026-04-07 17:23:20 | DEBUG    |     Network: ssb-sim-lan-1
2026-04-07 17:23:20 | DEBUG    |     Data directory: data\node-4
2026-04-07 17:23:21 | INFO     |     Created in 0.58s
2026-04-07 17:23:21 | DEBUG    |     Container ID: ab1d28cb472376eab33324eea3a444427c31d19ecd2002833cf4b77cfae5d314
2026-04-07 17:23:21 | INFO     |   Creating ssb-sim-node-5...
2026-04-07 17:23:21 | DEBUG    |     Network: ssb-sim-lan-2
2026-04-07 17:23:21 | DEBUG    |     Data directory: data\node-5
2026-04-07 17:23:22 | INFO     |     Created in 1.08s
2026-04-07 17:23:22 | DEBUG    |     Container ID: 2574624efde3229661f225a0d8b40344617daba54cd15a52d26eed8c01671436
2026-04-07 17:23:22 | INFO     |   Creating ssb-sim-node-6...
2026-04-07 17:23:22 | DEBUG    |     Network: ssb-sim-lan-3
2026-04-07 17:23:22 | DEBUG    |     Data directory: data\node-6
2026-04-07 17:23:28 | INFO     |     Created in 6.51s
2026-04-07 17:23:28 | DEBUG    |     Container ID: 8f6ae9bbc7b55fb442d3a00e6f2095a55815a0fa4d18e58e3fb7a9ef2cfe4e91
2026-04-07 17:23:28 | INFO     |   Creating ssb-sim-node-7...
2026-04-07 17:23:28 | DEBUG    |     Network: ssb-sim-lan-1
2026-04-07 17:23:28 | DEBUG    |     Data directory: data\node-7
2026-04-07 17:23:29 | INFO     |     Created in 0.46s
2026-04-07 17:23:29 | DEBUG    |     Container ID: c5a5f83e5c056de175e9b30631065279312284113c7b8b16a1f9e256659f38c8
2026-04-07 17:23:29 | INFO     |   Creating ssb-sim-node-8...
2026-04-07 17:23:29 | DEBUG    |     Network: ssb-sim-lan-2
2026-04-07 17:23:29 | DEBUG    |     Data directory: data\node-8
2026-04-07 17:23:29 | INFO     |     Created in 0.55s
2026-04-07 17:23:29 | DEBUG    |     Container ID: 9f39204119bf74c1b0c80656a3f10074deda6d9b925d869cab14dc457cfa1594
2026-04-07 17:23:29 | INFO     |   Creating ssb-sim-node-9...
2026-04-07 17:23:29 | DEBUG    |     Network: ssb-sim-lan-3
2026-04-07 17:23:29 | DEBUG    |     Data directory: data\node-9
2026-04-07 17:23:30 | INFO     |     Created in 0.91s
2026-04-07 17:23:30 | DEBUG    |     Container ID: 0659867034df14bdeaa6f91960f031ab099f50d2acf55cc4d3ceec0ae8d00dff
2026-04-07 17:23:30 | INFO     |   Creating ssb-sim-node-10...
2026-04-07 17:23:30 | DEBUG    |     Network: ssb-sim-lan-1
2026-04-07 17:23:30 | DEBUG    |     Data directory: data\node-10
2026-04-07 17:23:35 | INFO     |     Created in 4.39s
2026-04-07 17:23:35 | DEBUG    |     Container ID: c7fa8551449bcc1b0a45de472ea9e7cd9fb90578252dd9010b35c481640c770a
2026-04-07 17:23:35 | INFO     |   Creating ssb-sim-node-11...
2026-04-07 17:23:35 | DEBUG    |     Network: ssb-sim-lan-2
2026-04-07 17:23:35 | DEBUG    |     Data directory: data\node-11
2026-04-07 17:23:36 | INFO     |     Created in 0.90s
2026-04-07 17:23:36 | DEBUG    |     Container ID: bdceffcd2f686ef6b1549bef816abbe06d8b38936ad8597214c30fe0c858b7e1
2026-04-07 17:23:36 | INFO     |   Creating ssb-sim-node-12...
2026-04-07 17:23:36 | DEBUG    |     Network: ssb-sim-lan-3
2026-04-07 17:23:36 | DEBUG    |     Data directory: data\node-12
2026-04-07 17:23:37 | INFO     |     Created in 1.23s
2026-04-07 17:23:37 | DEBUG    |     Container ID: e435aa9e70889acde217181409990ba5f7ffef4912c35e67b2ee6debca0a0830
2026-04-07 17:23:37 | INFO     |   Creating ssb-sim-node-13...
2026-04-07 17:23:37 | DEBUG    |     Network: ssb-sim-lan-1
2026-04-07 17:23:37 | DEBUG    |     Data directory: data\node-13
2026-04-07 17:23:47 | INFO     |     Created in 10.26s
2026-04-07 17:23:47 | DEBUG    |     Container ID: f3d6aae5f048762789c2b6766234b65f8c7de1937dc6187f511d338bb665feb7
2026-04-07 17:23:47 | INFO     |   Creating ssb-sim-node-14...
2026-04-07 17:23:47 | DEBUG    |     Network: ssb-sim-lan-2
2026-04-07 17:23:47 | DEBUG    |     Data directory: data\node-14
2026-04-07 17:23:48 | INFO     |     Created in 0.67s
2026-04-07 17:23:48 | DEBUG    |     Container ID: dff171a0674ecf961af135e9fd7188a91ddceba77e80870a363791ee2a53c111
2026-04-07 17:23:48 | INFO     |   Creating ssb-sim-node-15...
2026-04-07 17:23:48 | DEBUG    |     Network: ssb-sim-lan-3
2026-04-07 17:23:48 | DEBUG    |     Data directory: data\node-15
2026-04-07 17:23:49 | INFO     |     Created in 0.79s
2026-04-07 17:23:49 | DEBUG    |     Container ID: 2ac6c2f98961830962d3141f4f827a4435a1363e8ec89a72d76c36c9af41acf7
2026-04-07 17:23:49 | INFO     | Created 15 nodes (51.72s)
2026-04-07 17:23:49 | DEBUG    | --------------------------------------------------------------------------------
2026-04-07 17:23:49 | INFO     | Writing SSB config to nodes...
2026-04-07 17:23:49 | INFO     |   ssb-sim-node-1: config written (10.10.1.3)
2026-04-07 17:23:49 | INFO     |   ssb-sim-node-2: config written (10.10.2.3)
2026-04-07 17:23:49 | INFO     |   ssb-sim-node-3: config written (10.10.3.3)
2026-04-07 17:23:50 | INFO     |   ssb-sim-node-4: config written (10.10.1.4)
2026-04-07 17:23:50 | INFO     |   ssb-sim-node-5: config written (10.10.2.4)
2026-04-07 17:23:50 | INFO     |   ssb-sim-node-6: config written (10.10.3.4)
2026-04-07 17:23:50 | INFO     |   ssb-sim-node-7: config written (10.10.1.5)
2026-04-07 17:23:51 | INFO     |   ssb-sim-node-8: config written (10.10.2.5)
2026-04-07 17:23:51 | INFO     |   ssb-sim-node-9: config written (10.10.3.5)
2026-04-07 17:23:51 | INFO     |   ssb-sim-node-10: config written (10.10.1.6)
2026-04-07 17:23:51 | INFO     |   ssb-sim-node-11: config written (10.10.2.6)
2026-04-07 17:23:51 | INFO     |   ssb-sim-node-12: config written (10.10.3.6)
2026-04-07 17:23:51 | INFO     |   ssb-sim-node-13: config written (10.10.1.7)
2026-04-07 17:23:51 | INFO     |   ssb-sim-node-14: config written (10.10.2.7)
2026-04-07 17:23:52 | INFO     |   ssb-sim-node-15: config written (10.10.3.7)
2026-04-07 17:23:52 | INFO     | Node config complete
2026-04-07 17:23:52 | INFO     | Configuring gateway route on nodes...
2026-04-07 17:23:52 | DEBUG    |     ssb-sim-node-1: route to 10.10.2.0/24 via 10.10.1.2
2026-04-07 17:23:52 | DEBUG    |     ssb-sim-node-1: route to 10.10.3.0/24 via 10.10.1.2
2026-04-07 17:23:52 | DEBUG    |     ssb-sim-node-2: route to 10.10.1.0/24 via 10.10.2.2
2026-04-07 17:23:52 | DEBUG    |     ssb-sim-node-2: route to 10.10.3.0/24 via 10.10.2.2
2026-04-07 17:23:52 | DEBUG    |     ssb-sim-node-3: route to 10.10.1.0/24 via 10.10.3.2
2026-04-07 17:23:52 | DEBUG    |     ssb-sim-node-3: route to 10.10.2.0/24 via 10.10.3.2
2026-04-07 17:23:52 | DEBUG    |     ssb-sim-node-4: route to 10.10.2.0/24 via 10.10.1.2
2026-04-07 17:23:53 | DEBUG    |     ssb-sim-node-4: route to 10.10.3.0/24 via 10.10.1.2
2026-04-07 17:23:53 | DEBUG    |     ssb-sim-node-5: route to 10.10.1.0/24 via 10.10.2.2
2026-04-07 17:23:53 | DEBUG    |     ssb-sim-node-5: route to 10.10.3.0/24 via 10.10.2.2
2026-04-07 17:23:53 | DEBUG    |     ssb-sim-node-6: route to 10.10.1.0/24 via 10.10.3.2
2026-04-07 17:23:53 | DEBUG    |     ssb-sim-node-6: route to 10.10.2.0/24 via 10.10.3.2
2026-04-07 17:23:53 | DEBUG    |     ssb-sim-node-7: route to 10.10.2.0/24 via 10.10.1.2
2026-04-07 17:23:53 | DEBUG    |     ssb-sim-node-7: route to 10.10.3.0/24 via 10.10.1.2
2026-04-07 17:23:53 | DEBUG    |     ssb-sim-node-8: route to 10.10.1.0/24 via 10.10.2.2
2026-04-07 17:23:53 | DEBUG    |     ssb-sim-node-8: route to 10.10.3.0/24 via 10.10.2.2
2026-04-07 17:23:53 | DEBUG    |     ssb-sim-node-9: route to 10.10.1.0/24 via 10.10.3.2
2026-04-07 17:23:54 | DEBUG    |     ssb-sim-node-9: route to 10.10.2.0/24 via 10.10.3.2
2026-04-07 17:23:54 | DEBUG    |     ssb-sim-node-10: route to 10.10.2.0/24 via 10.10.1.2
2026-04-07 17:23:54 | DEBUG    |     ssb-sim-node-10: route to 10.10.3.0/24 via 10.10.1.2
2026-04-07 17:23:54 | DEBUG    |     ssb-sim-node-11: route to 10.10.1.0/24 via 10.10.2.2
2026-04-07 17:23:54 | DEBUG    |     ssb-sim-node-11: route to 10.10.3.0/24 via 10.10.2.2
2026-04-07 17:23:54 | DEBUG    |     ssb-sim-node-12: route to 10.10.1.0/24 via 10.10.3.2
2026-04-07 17:23:54 | DEBUG    |     ssb-sim-node-12: route to 10.10.2.0/24 via 10.10.3.2
2026-04-07 17:23:54 | DEBUG    |     ssb-sim-node-13: route to 10.10.2.0/24 via 10.10.1.2
2026-04-07 17:23:54 | DEBUG    |     ssb-sim-node-13: route to 10.10.3.0/24 via 10.10.1.2
2026-04-07 17:23:54 | DEBUG    |     ssb-sim-node-14: route to 10.10.1.0/24 via 10.10.2.2
2026-04-07 17:23:55 | DEBUG    |     ssb-sim-node-14: route to 10.10.3.0/24 via 10.10.2.2
2026-04-07 17:23:55 | DEBUG    |     ssb-sim-node-15: route to 10.10.1.0/24 via 10.10.3.2
2026-04-07 17:23:55 | DEBUG    |     ssb-sim-node-15: route to 10.10.2.0/24 via 10.10.3.2
2026-04-07 17:23:55 | INFO     | Debugging container status...
2026-04-07 17:23:55 | DEBUG    | ssb-sim-node-1 status: running
2026-04-07 17:23:55 | DEBUG    | ssb-sim-node-2 status: running
2026-04-07 17:23:55 | DEBUG    | ssb-sim-node-3 status: running
2026-04-07 17:23:55 | DEBUG    | ssb-sim-node-4 status: running
2026-04-07 17:23:55 | DEBUG    | ssb-sim-node-5 status: running
2026-04-07 17:23:55 | DEBUG    | ssb-sim-node-6 status: running
2026-04-07 17:23:55 | DEBUG    | ssb-sim-node-7 status: running
2026-04-07 17:23:55 | DEBUG    | ssb-sim-node-8 status: running
2026-04-07 17:23:55 | DEBUG    | ssb-sim-node-9 status: running
2026-04-07 17:23:55 | DEBUG    | ssb-sim-node-10 status: running
2026-04-07 17:23:55 | DEBUG    | ssb-sim-node-11 status: running
2026-04-07 17:23:55 | DEBUG    | ssb-sim-node-12 status: running
2026-04-07 17:23:55 | DEBUG    | ssb-sim-node-13 status: running
2026-04-07 17:23:55 | DEBUG    | ssb-sim-node-14 status: running
2026-04-07 17:23:55 | DEBUG    | ssb-sim-node-15 status: running
2026-04-07 17:23:55 | INFO     | Waiting for nodes to be ready (timeout: 60s)...
2026-04-07 17:23:55 | DEBUG    | Checking if ssb-sim-node-1 is ready...
2026-04-07 17:23:55 | INFO     |     ssb-sim-node-1 is ready (1/15)
2026-04-07 17:23:55 | DEBUG    |     Response: {
  "id": "@1ILHiNk1ozFSTqrfTQlie53t4xVNfM3iOiMcg5+/6aM=.ed25519"
}...
2026-04-07 17:23:55 | DEBUG    | Checking if ssb-sim-node-2 is ready...
2026-04-07 17:23:56 | INFO     |     ssb-sim-node-2 is ready (2/15)
2026-04-07 17:23:56 | DEBUG    |     Response: {
  "id": "@HM1+dzRLUcwCkZo2Ww+doxvkIitbIFljz7vOUQvVehM=.ed25519"
}...
2026-04-07 17:23:56 | DEBUG    | Checking if ssb-sim-node-3 is ready...
2026-04-07 17:23:56 | INFO     |     ssb-sim-node-3 is ready (3/15)
2026-04-07 17:23:56 | DEBUG    |     Response: {
  "id": "@7vh/4qr3sROb0v+o6jZjSFmZ5ngkhwXiy7GwzfP2Md8=.ed25519"
}...
2026-04-07 17:23:56 | DEBUG    | Checking if ssb-sim-node-4 is ready...
2026-04-07 17:23:56 | INFO     |     ssb-sim-node-4 is ready (4/15)
2026-04-07 17:23:56 | DEBUG    |     Response: {
  "id": "@1jOdN0Rlksv+vX+3f2xB+rktefUQh+kzFhiArYo9rwc=.ed25519"
}...
2026-04-07 17:23:56 | DEBUG    | Checking if ssb-sim-node-5 is ready...
2026-04-07 17:23:57 | INFO     |     ssb-sim-node-5 is ready (5/15)
2026-04-07 17:23:57 | DEBUG    |     Response: {
  "id": "@yqcduY7ylEhrgSyjzhOgynuRERWEewpxY79I3wvuCrg=.ed25519"
}...
2026-04-07 17:23:57 | DEBUG    | Checking if ssb-sim-node-6 is ready...
2026-04-07 17:23:57 | INFO     |     ssb-sim-node-6 is ready (6/15)
2026-04-07 17:23:57 | DEBUG    |     Response: {
  "id": "@XfnsV+dDkr+nsy+ksHkUyipC/RXHZ7+EFZ3H1YGIxGM=.ed25519"
}...
2026-04-07 17:23:57 | DEBUG    | Checking if ssb-sim-node-7 is ready...
2026-04-07 17:23:58 | INFO     |     ssb-sim-node-7 is ready (7/15)
2026-04-07 17:23:58 | DEBUG    |     Response: {
  "id": "@52XRutufeq8/7Rx5fo9hc5/wcNrSL1FXnA8mq+EBL1w=.ed25519"
}...
2026-04-07 17:23:58 | DEBUG    | Checking if ssb-sim-node-8 is ready...
2026-04-07 17:23:58 | INFO     |     ssb-sim-node-8 is ready (8/15)
2026-04-07 17:23:58 | DEBUG    |     Response: {
  "id": "@hfDEHTBDv7IH0FZBo5NKH0cN8LjCCrHnwVm72zAxXMQ=.ed25519"
}...
2026-04-07 17:23:58 | DEBUG    | Checking if ssb-sim-node-9 is ready...
2026-04-07 17:23:59 | INFO     |     ssb-sim-node-9 is ready (9/15)
2026-04-07 17:23:59 | DEBUG    |     Response: {
  "id": "@zXU+HG7VUrFDmLIspjSG+cSeM6+pFSj064O0cOyjPec=.ed25519"
}...
2026-04-07 17:23:59 | DEBUG    | Checking if ssb-sim-node-10 is ready...
2026-04-07 17:23:59 | INFO     |     ssb-sim-node-10 is ready (10/15)
2026-04-07 17:23:59 | DEBUG    |     Response: {
  "id": "@choqT2vK/8BkUG4UfPd7e2XTe01S6jGK1y8uQTy4siA=.ed25519"
}...
2026-04-07 17:23:59 | DEBUG    | Checking if ssb-sim-node-11 is ready...
2026-04-07 17:24:00 | INFO     |     ssb-sim-node-11 is ready (11/15)
2026-04-07 17:24:00 | DEBUG    |     Response: {
  "id": "@GBtWOQNsgQUMBxrrGswVFh40jfQOLXaQDEZxYSF7F+k=.ed25519"
}...
2026-04-07 17:24:00 | DEBUG    | Checking if ssb-sim-node-12 is ready...
2026-04-07 17:24:00 | INFO     |     ssb-sim-node-12 is ready (12/15)
2026-04-07 17:24:00 | DEBUG    |     Response: {
  "id": "@S9fPpx5ZeK3tNAmrczOrRHOEqNu/W1NO1P0+3/MrBGA=.ed25519"
}...
2026-04-07 17:24:00 | DEBUG    | Checking if ssb-sim-node-13 is ready...
2026-04-07 17:24:01 | INFO     |     ssb-sim-node-13 is ready (13/15)
2026-04-07 17:24:01 | DEBUG    |     Response: {
  "id": "@95fppOK6u3w+WNviwLQNAiV390/GSWx+GBDxuqvVpPk=.ed25519"
}...
2026-04-07 17:24:01 | DEBUG    | Checking if ssb-sim-node-14 is ready...
2026-04-07 17:24:01 | INFO     |     ssb-sim-node-14 is ready (14/15)
2026-04-07 17:24:01 | DEBUG    |     Response: {
  "id": "@psQCQIUAVmmWqHD4EGeMrbj4haFMESHngX1gOYJycy4=.ed25519"
}...
2026-04-07 17:24:01 | DEBUG    | Checking if ssb-sim-node-15 is ready...
2026-04-07 17:24:02 | INFO     |     ssb-sim-node-15 is ready (15/15)
2026-04-07 17:24:02 | DEBUG    |     Response: {
  "id": "@/VM6HH0H9p2lUnwOmoL+aWaim1g9jKTp6UFyiF53c24=.ed25519"
}...
2026-04-07 17:24:02 | INFO     | All 15 nodes ready (6.62s)
2026-04-07 17:24:02 | DEBUG    | --------------------------------------------------------------------------------
2026-04-07 17:24:02 | INFO     |   Establishing connections (mode: range)...
2026-04-07 17:24:02 | INFO     |   Gathering node information...
2026-04-07 17:24:02 | DEBUG    | Getting info for ssb-sim-node-1...
2026-04-07 17:24:02 | DEBUG    |   ID: @1ILHiNk1ozFSTqrfTQlie53t4xVNfM3iOiMcg5+/6aM=.ed25519
2026-04-07 17:24:02 | DEBUG    |   Address: net:10.10.1.3:8008~shs:1ILHiNk1ozFSTqrfTQlie53t4xVNfM3iOiMcg5+/6aM=
2026-04-07 17:24:02 | DEBUG    |   Got info for ssb-sim-node-1
2026-04-07 17:24:02 | DEBUG    | Getting info for ssb-sim-node-2...
2026-04-07 17:24:02 | DEBUG    |   ID: @HM1+dzRLUcwCkZo2Ww+doxvkIitbIFljz7vOUQvVehM=.ed25519
2026-04-07 17:24:02 | DEBUG    |   Address: net:10.10.2.3:8008~shs:HM1+dzRLUcwCkZo2Ww+doxvkIitbIFljz7vOUQvVehM=
2026-04-07 17:24:02 | DEBUG    |   Got info for ssb-sim-node-2
2026-04-07 17:24:02 | DEBUG    | Getting info for ssb-sim-node-3...
2026-04-07 17:24:03 | DEBUG    |   ID: @7vh/4qr3sROb0v+o6jZjSFmZ5ngkhwXiy7GwzfP2Md8=.ed25519
2026-04-07 17:24:03 | DEBUG    |   Address: net:10.10.3.3:8008~shs:7vh/4qr3sROb0v+o6jZjSFmZ5ngkhwXiy7GwzfP2Md8=
2026-04-07 17:24:03 | DEBUG    |   Got info for ssb-sim-node-3
2026-04-07 17:24:03 | DEBUG    | Getting info for ssb-sim-node-4...
2026-04-07 17:24:03 | DEBUG    |   ID: @1jOdN0Rlksv+vX+3f2xB+rktefUQh+kzFhiArYo9rwc=.ed25519
2026-04-07 17:24:03 | DEBUG    |   Address: net:10.10.1.4:8008~shs:1jOdN0Rlksv+vX+3f2xB+rktefUQh+kzFhiArYo9rwc=
2026-04-07 17:24:03 | DEBUG    |   Got info for ssb-sim-node-4
2026-04-07 17:24:03 | DEBUG    | Getting info for ssb-sim-node-5...
2026-04-07 17:24:04 | DEBUG    |   ID: @yqcduY7ylEhrgSyjzhOgynuRERWEewpxY79I3wvuCrg=.ed25519
2026-04-07 17:24:04 | DEBUG    |   Address: net:10.10.2.4:8008~shs:yqcduY7ylEhrgSyjzhOgynuRERWEewpxY79I3wvuCrg=
2026-04-07 17:24:04 | DEBUG    |   Got info for ssb-sim-node-5
2026-04-07 17:24:04 | DEBUG    | Getting info for ssb-sim-node-6...
2026-04-07 17:24:04 | DEBUG    |   ID: @XfnsV+dDkr+nsy+ksHkUyipC/RXHZ7+EFZ3H1YGIxGM=.ed25519
2026-04-07 17:24:04 | DEBUG    |   Address: net:10.10.3.4:8008~shs:XfnsV+dDkr+nsy+ksHkUyipC/RXHZ7+EFZ3H1YGIxGM=
2026-04-07 17:24:04 | DEBUG    |   Got info for ssb-sim-node-6
2026-04-07 17:24:04 | DEBUG    | Getting info for ssb-sim-node-7...
2026-04-07 17:24:04 | DEBUG    |   ID: @52XRutufeq8/7Rx5fo9hc5/wcNrSL1FXnA8mq+EBL1w=.ed25519
2026-04-07 17:24:04 | DEBUG    |   Address: net:10.10.1.5:8008~shs:52XRutufeq8/7Rx5fo9hc5/wcNrSL1FXnA8mq+EBL1w=
2026-04-07 17:24:04 | DEBUG    |   Got info for ssb-sim-node-7
2026-04-07 17:24:04 | DEBUG    | Getting info for ssb-sim-node-8...
2026-04-07 17:24:05 | DEBUG    |   ID: @hfDEHTBDv7IH0FZBo5NKH0cN8LjCCrHnwVm72zAxXMQ=.ed25519
2026-04-07 17:24:05 | DEBUG    |   Address: net:10.10.2.5:8008~shs:hfDEHTBDv7IH0FZBo5NKH0cN8LjCCrHnwVm72zAxXMQ=
2026-04-07 17:24:05 | DEBUG    |   Got info for ssb-sim-node-8
2026-04-07 17:24:05 | DEBUG    | Getting info for ssb-sim-node-9...
2026-04-07 17:24:05 | DEBUG    |   ID: @zXU+HG7VUrFDmLIspjSG+cSeM6+pFSj064O0cOyjPec=.ed25519
2026-04-07 17:24:05 | DEBUG    |   Address: net:10.10.3.5:8008~shs:zXU+HG7VUrFDmLIspjSG+cSeM6+pFSj064O0cOyjPec=
2026-04-07 17:24:05 | DEBUG    |   Got info for ssb-sim-node-9
2026-04-07 17:24:05 | DEBUG    | Getting info for ssb-sim-node-10...
2026-04-07 17:24:06 | DEBUG    |   ID: @choqT2vK/8BkUG4UfPd7e2XTe01S6jGK1y8uQTy4siA=.ed25519
2026-04-07 17:24:06 | DEBUG    |   Address: net:10.10.1.6:8008~shs:choqT2vK/8BkUG4UfPd7e2XTe01S6jGK1y8uQTy4siA=
2026-04-07 17:24:06 | DEBUG    |   Got info for ssb-sim-node-10
2026-04-07 17:24:06 | DEBUG    | Getting info for ssb-sim-node-11...
2026-04-07 17:24:06 | DEBUG    |   ID: @GBtWOQNsgQUMBxrrGswVFh40jfQOLXaQDEZxYSF7F+k=.ed25519
2026-04-07 17:24:06 | DEBUG    |   Address: net:10.10.2.6:8008~shs:GBtWOQNsgQUMBxrrGswVFh40jfQOLXaQDEZxYSF7F+k=
2026-04-07 17:24:06 | DEBUG    |   Got info for ssb-sim-node-11
2026-04-07 17:24:06 | DEBUG    | Getting info for ssb-sim-node-12...
2026-04-07 17:24:06 | DEBUG    |   ID: @S9fPpx5ZeK3tNAmrczOrRHOEqNu/W1NO1P0+3/MrBGA=.ed25519
2026-04-07 17:24:06 | DEBUG    |   Address: net:10.10.3.6:8008~shs:S9fPpx5ZeK3tNAmrczOrRHOEqNu/W1NO1P0+3/MrBGA=
2026-04-07 17:24:06 | DEBUG    |   Got info for ssb-sim-node-12
2026-04-07 17:24:06 | DEBUG    | Getting info for ssb-sim-node-13...
2026-04-07 17:24:07 | DEBUG    |   ID: @95fppOK6u3w+WNviwLQNAiV390/GSWx+GBDxuqvVpPk=.ed25519
2026-04-07 17:24:07 | DEBUG    |   Address: net:10.10.1.7:8008~shs:95fppOK6u3w+WNviwLQNAiV390/GSWx+GBDxuqvVpPk=
2026-04-07 17:24:07 | DEBUG    |   Got info for ssb-sim-node-13
2026-04-07 17:24:07 | DEBUG    | Getting info for ssb-sim-node-14...
2026-04-07 17:24:08 | DEBUG    |   ID: @psQCQIUAVmmWqHD4EGeMrbj4haFMESHngX1gOYJycy4=.ed25519
2026-04-07 17:24:08 | DEBUG    |   Address: net:10.10.2.7:8008~shs:psQCQIUAVmmWqHD4EGeMrbj4haFMESHngX1gOYJycy4=
2026-04-07 17:24:08 | DEBUG    |   Got info for ssb-sim-node-14
2026-04-07 17:24:08 | DEBUG    | Getting info for ssb-sim-node-15...
2026-04-07 17:24:08 | DEBUG    |   ID: @/VM6HH0H9p2lUnwOmoL+aWaim1g9jKTp6UFyiF53c24=.ed25519
2026-04-07 17:24:08 | DEBUG    |   Address: net:10.10.3.7:8008~shs:/VM6HH0H9p2lUnwOmoL+aWaim1g9jKTp6UFyiF53c24=
2026-04-07 17:24:08 | DEBUG    |   Got info for ssb-sim-node-15
2026-04-07 17:24:08 | INFO     |   Creating peer connections...
2026-04-07 17:24:08 | INFO     |   ssb-sim-node-1: connecting to 10 peers...
2026-04-07 17:24:08 | DEBUG    |     Mode: range, Count: 10
2026-04-07 17:24:08 | DEBUG    |     Connecting ssb-sim-node-1 -> ssb-sim-node-8...
2026-04-07 17:24:08 | DEBUG    |         Gossip successful
2026-04-07 17:24:08 | DEBUG    |       Follow command: ssb-server publish --type contact --contact "@hfDEHTBDv7IH0FZBo5NKH0cN8LjCCrHnwVm72zAxXMQ=.ed25519" --following
2026-04-07 17:24:09 | DEBUG    |         Follow successful
2026-04-07 17:24:09 | INFO     |       ssb-sim-node-1 -> ssb-sim-node-8
2026-04-07 17:24:09 | DEBUG    |     Connecting ssb-sim-node-1 -> ssb-sim-node-10...
2026-04-07 17:24:09 | DEBUG    |       Follow command: ssb-server publish --type contact --contact "@choqT2vK/8BkUG4UfPd7e2XTe01S6jGK1y8uQTy4siA=.ed25519" --following
2026-04-07 17:24:10 | DEBUG    |         Follow successful
2026-04-07 17:24:10 | INFO     |       ssb-sim-node-1 -> ssb-sim-node-10
2026-04-07 17:24:10 | DEBUG    |     Connecting ssb-sim-node-1 -> ssb-sim-node-9...
2026-04-07 17:24:10 | DEBUG    |         Gossip successful
2026-04-07 17:24:10 | DEBUG    |       Follow command: ssb-server publish --type contact --contact "@zXU+HG7VUrFDmLIspjSG+cSeM6+pFSj064O0cOyjPec=.ed25519" --following
2026-04-07 17:24:11 | DEBUG    |         Follow successful
2026-04-07 17:24:11 | INFO     |       ssb-sim-node-1 -> ssb-sim-node-9
2026-04-07 17:24:11 | DEBUG    |     Connecting ssb-sim-node-1 -> ssb-sim-node-5...
2026-04-07 17:24:11 | DEBUG    |         Gossip successful
2026-04-07 17:24:11 | DEBUG    |       Follow command: ssb-server publish --type contact --contact "@yqcduY7ylEhrgSyjzhOgynuRERWEewpxY79I3wvuCrg=.ed25519" --following
2026-04-07 17:24:12 | DEBUG    |         Follow successful
2026-04-07 17:24:12 | INFO     |       ssb-sim-node-1 -> ssb-sim-node-5
2026-04-07 17:24:12 | DEBUG    |     Connecting ssb-sim-node-1 -> ssb-sim-node-6...
2026-04-07 17:24:12 | DEBUG    |         Gossip successful
2026-04-07 17:24:12 | DEBUG    |       Follow command: ssb-server publish --type contact --contact "@XfnsV+dDkr+nsy+ksHkUyipC/RXHZ7+EFZ3H1YGIxGM=.ed25519" --following
2026-04-07 17:24:13 | DEBUG    |         Follow successful
2026-04-07 17:24:13 | INFO     |       ssb-sim-node-1 -> ssb-sim-node-6
2026-04-07 17:24:13 | DEBUG    |     Connecting ssb-sim-node-1 -> ssb-sim-node-13...
2026-04-07 17:24:13 | DEBUG    |       Follow command: ssb-server publish --type contact --contact "@95fppOK6u3w+WNviwLQNAiV390/GSWx+GBDxuqvVpPk=.ed25519" --following
2026-04-07 17:24:13 | DEBUG    |         Follow successful
2026-04-07 17:24:13 | INFO     |       ssb-sim-node-1 -> ssb-sim-node-13
2026-04-07 17:24:13 | DEBUG    |     Connecting ssb-sim-node-1 -> ssb-sim-node-12...
2026-04-07 17:24:14 | DEBUG    |         Gossip successful
2026-04-07 17:24:14 | DEBUG    |       Follow command: ssb-server publish --type contact --contact "@S9fPpx5ZeK3tNAmrczOrRHOEqNu/W1NO1P0+3/MrBGA=.ed25519" --following
2026-04-07 17:24:14 | DEBUG    |         Follow successful
2026-04-07 17:24:14 | INFO     |       ssb-sim-node-1 -> ssb-sim-node-12
2026-04-07 17:24:14 | DEBUG    |     Connecting ssb-sim-node-1 -> ssb-sim-node-11...
2026-04-07 17:24:15 | DEBUG    |         Gossip successful
2026-04-07 17:24:15 | DEBUG    |       Follow command: ssb-server publish --type contact --contact "@GBtWOQNsgQUMBxrrGswVFh40jfQOLXaQDEZxYSF7F+k=.ed25519" --following
2026-04-07 17:24:15 | DEBUG    |         Follow successful
2026-04-07 17:24:15 | INFO     |       ssb-sim-node-1 -> ssb-sim-node-11
2026-04-07 17:24:15 | DEBUG    |     Connecting ssb-sim-node-1 -> ssb-sim-node-4...
2026-04-07 17:24:15 | DEBUG    |       Follow command: ssb-server publish --type contact --contact "@1jOdN0Rlksv+vX+3f2xB+rktefUQh+kzFhiArYo9rwc=.ed25519" --following
2026-04-07 17:24:16 | DEBUG    |         Follow successful
2026-04-07 17:24:16 | INFO     |       ssb-sim-node-1 -> ssb-sim-node-4
2026-04-07 17:24:16 | DEBUG    |     Connecting ssb-sim-node-1 -> ssb-sim-node-3...
2026-04-07 17:24:17 | DEBUG    |         Gossip successful
2026-04-07 17:24:17 | DEBUG    |       Follow command: ssb-server publish --type contact --contact "@7vh/4qr3sROb0v+o6jZjSFmZ5ngkhwXiy7GwzfP2Md8=.ed25519" --following
2026-04-07 17:24:18 | DEBUG    |         Follow successful
2026-04-07 17:24:18 | INFO     |       ssb-sim-node-1 -> ssb-sim-node-3
2026-04-07 17:24:18 | DEBUG    |     Connected to: ssb-sim-node-8, ssb-sim-node-10, ssb-sim-node-9, ssb-sim-node-5, ssb-sim-node-6, ssb-sim-node-13, ssb-sim-node-12, ssb-sim-node-11, ssb-sim-node-4, ssb-sim-node-3
2026-04-07 17:24:18 | INFO     |   ssb-sim-node-2: connecting to 2 peers...
2026-04-07 17:24:18 | DEBUG    |     Mode: range, Count: 2
2026-04-07 17:24:18 | DEBUG    |     Connecting ssb-sim-node-2 -> ssb-sim-node-13...
2026-04-07 17:24:19 | DEBUG    |         Gossip successful
2026-04-07 17:24:19 | DEBUG    |       Follow command: ssb-server publish --type contact --contact "@95fppOK6u3w+WNviwLQNAiV390/GSWx+GBDxuqvVpPk=.ed25519" --following
2026-04-07 17:24:20 | DEBUG    |         Follow successful
2026-04-07 17:24:20 | INFO     |       ssb-sim-node-2 -> ssb-sim-node-13
2026-04-07 17:24:20 | DEBUG    |     Connecting ssb-sim-node-2 -> ssb-sim-node-7...
2026-04-07 17:24:20 | DEBUG    |         Gossip successful
2026-04-07 17:24:20 | DEBUG    |       Follow command: ssb-server publish --type contact --contact "@52XRutufeq8/7Rx5fo9hc5/wcNrSL1FXnA8mq+EBL1w=.ed25519" --following
2026-04-07 17:24:21 | DEBUG    |         Follow successful
2026-04-07 17:24:21 | INFO     |       ssb-sim-node-2 -> ssb-sim-node-7
2026-04-07 17:24:21 | DEBUG    |     Connected to: ssb-sim-node-13, ssb-sim-node-7
2026-04-07 17:24:21 | INFO     |   ssb-sim-node-3: connecting to 3 peers...
2026-04-07 17:24:21 | DEBUG    |     Mode: range, Count: 3
2026-04-07 17:24:21 | DEBUG    |     Connecting ssb-sim-node-3 -> ssb-sim-node-5...
2026-04-07 17:24:21 | DEBUG    |         Gossip successful
2026-04-07 17:24:21 | DEBUG    |       Follow command: ssb-server publish --type contact --contact "@yqcduY7ylEhrgSyjzhOgynuRERWEewpxY79I3wvuCrg=.ed25519" --following
2026-04-07 17:24:22 | DEBUG    |         Follow successful
2026-04-07 17:24:22 | INFO     |       ssb-sim-node-3 -> ssb-sim-node-5
2026-04-07 17:24:22 | DEBUG    |     Connecting ssb-sim-node-3 -> ssb-sim-node-12...
2026-04-07 17:24:22 | DEBUG    |       Follow command: ssb-server publish --type contact --contact "@S9fPpx5ZeK3tNAmrczOrRHOEqNu/W1NO1P0+3/MrBGA=.ed25519" --following
2026-04-07 17:24:22 | DEBUG    |         Follow successful
2026-04-07 17:24:22 | INFO     |       ssb-sim-node-3 -> ssb-sim-node-12
2026-04-07 17:24:22 | DEBUG    |     Connecting ssb-sim-node-3 -> ssb-sim-node-4...
2026-04-07 17:24:23 | DEBUG    |         Gossip successful
2026-04-07 17:24:23 | DEBUG    |       Follow command: ssb-server publish --type contact --contact "@1jOdN0Rlksv+vX+3f2xB+rktefUQh+kzFhiArYo9rwc=.ed25519" --following
2026-04-07 17:24:23 | DEBUG    |         Follow successful
2026-04-07 17:24:23 | INFO     |       ssb-sim-node-3 -> ssb-sim-node-4
2026-04-07 17:24:23 | DEBUG    |     Connected to: ssb-sim-node-5, ssb-sim-node-12, ssb-sim-node-4
2026-04-07 17:24:23 | INFO     |   ssb-sim-node-4: connecting to 4 peers...
2026-04-07 17:24:23 | DEBUG    |     Mode: range, Count: 4
2026-04-07 17:24:23 | DEBUG    |     Connecting ssb-sim-node-4 -> ssb-sim-node-15...
2026-04-07 17:24:24 | DEBUG    |         Gossip successful
2026-04-07 17:24:24 | DEBUG    |       Follow command: ssb-server publish --type contact --contact "@/VM6HH0H9p2lUnwOmoL+aWaim1g9jKTp6UFyiF53c24=.ed25519" --following
2026-04-07 17:24:24 | DEBUG    |         Follow successful
2026-04-07 17:24:24 | INFO     |       ssb-sim-node-4 -> ssb-sim-node-15
2026-04-07 17:24:24 | DEBUG    |     Connecting ssb-sim-node-4 -> ssb-sim-node-12...
2026-04-07 17:24:25 | DEBUG    |         Gossip successful
2026-04-07 17:24:25 | DEBUG    |       Follow command: ssb-server publish --type contact --contact "@S9fPpx5ZeK3tNAmrczOrRHOEqNu/W1NO1P0+3/MrBGA=.ed25519" --following
2026-04-07 17:24:25 | DEBUG    |         Follow successful
2026-04-07 17:24:25 | INFO     |       ssb-sim-node-4 -> ssb-sim-node-12
2026-04-07 17:24:25 | DEBUG    |     Connecting ssb-sim-node-4 -> ssb-sim-node-13...
2026-04-07 17:24:25 | DEBUG    |       Follow command: ssb-server publish --type contact --contact "@95fppOK6u3w+WNviwLQNAiV390/GSWx+GBDxuqvVpPk=.ed25519" --following
2026-04-07 17:24:26 | DEBUG    |         Follow successful
2026-04-07 17:24:26 | INFO     |       ssb-sim-node-4 -> ssb-sim-node-13
2026-04-07 17:24:26 | DEBUG    |     Connecting ssb-sim-node-4 -> ssb-sim-node-9...
2026-04-07 17:24:26 | DEBUG    |         Gossip successful
2026-04-07 17:24:26 | DEBUG    |       Follow command: ssb-server publish --type contact --contact "@zXU+HG7VUrFDmLIspjSG+cSeM6+pFSj064O0cOyjPec=.ed25519" --following
2026-04-07 17:24:27 | DEBUG    |         Follow successful
2026-04-07 17:24:27 | INFO     |       ssb-sim-node-4 -> ssb-sim-node-9
2026-04-07 17:24:27 | DEBUG    |     Connected to: ssb-sim-node-15, ssb-sim-node-12, ssb-sim-node-13, ssb-sim-node-9
2026-04-07 17:24:27 | INFO     |   ssb-sim-node-5: connecting to 8 peers...
2026-04-07 17:24:27 | DEBUG    |     Mode: range, Count: 8
2026-04-07 17:24:27 | DEBUG    |     Connecting ssb-sim-node-5 -> ssb-sim-node-9...
2026-04-07 17:24:27 | DEBUG    |         Gossip successful
2026-04-07 17:24:27 | DEBUG    |       Follow command: ssb-server publish --type contact --contact "@zXU+HG7VUrFDmLIspjSG+cSeM6+pFSj064O0cOyjPec=.ed25519" --following
2026-04-07 17:24:28 | DEBUG    |         Follow successful
2026-04-07 17:24:28 | INFO     |       ssb-sim-node-5 -> ssb-sim-node-9
2026-04-07 17:24:28 | DEBUG    |     Connecting ssb-sim-node-5 -> ssb-sim-node-3...
2026-04-07 17:24:28 | DEBUG    |         Gossip successful
2026-04-07 17:24:28 | DEBUG    |       Follow command: ssb-server publish --type contact --contact "@7vh/4qr3sROb0v+o6jZjSFmZ5ngkhwXiy7GwzfP2Md8=.ed25519" --following
2026-04-07 17:24:29 | DEBUG    |         Follow successful
2026-04-07 17:24:29 | INFO     |       ssb-sim-node-5 -> ssb-sim-node-3
2026-04-07 17:24:29 | DEBUG    |     Connecting ssb-sim-node-5 -> ssb-sim-node-7...
2026-04-07 17:24:30 | DEBUG    |         Gossip successful
2026-04-07 17:24:30 | DEBUG    |       Follow command: ssb-server publish --type contact --contact "@52XRutufeq8/7Rx5fo9hc5/wcNrSL1FXnA8mq+EBL1w=.ed25519" --following
2026-04-07 17:24:30 | DEBUG    |         Follow successful
2026-04-07 17:24:30 | INFO     |       ssb-sim-node-5 -> ssb-sim-node-7
2026-04-07 17:24:30 | DEBUG    |     Connecting ssb-sim-node-5 -> ssb-sim-node-13...
2026-04-07 17:24:31 | DEBUG    |         Gossip successful
2026-04-07 17:24:31 | DEBUG    |       Follow command: ssb-server publish --type contact --contact "@95fppOK6u3w+WNviwLQNAiV390/GSWx+GBDxuqvVpPk=.ed25519" --following
2026-04-07 17:24:31 | DEBUG    |         Follow successful
2026-04-07 17:24:31 | INFO     |       ssb-sim-node-5 -> ssb-sim-node-13
2026-04-07 17:24:31 | DEBUG    |     Connecting ssb-sim-node-5 -> ssb-sim-node-11...
2026-04-07 17:24:31 | DEBUG    |       Follow command: ssb-server publish --type contact --contact "@GBtWOQNsgQUMBxrrGswVFh40jfQOLXaQDEZxYSF7F+k=.ed25519" --following
2026-04-07 17:24:32 | DEBUG    |         Follow successful
2026-04-07 17:24:32 | INFO     |       ssb-sim-node-5 -> ssb-sim-node-11
2026-04-07 17:24:32 | DEBUG    |     Connecting ssb-sim-node-5 -> ssb-sim-node-8...
2026-04-07 17:24:32 | DEBUG    |       Follow command: ssb-server publish --type contact --contact "@hfDEHTBDv7IH0FZBo5NKH0cN8LjCCrHnwVm72zAxXMQ=.ed25519" --following
2026-04-07 17:24:33 | DEBUG    |         Follow successful
2026-04-07 17:24:33 | INFO     |       ssb-sim-node-5 -> ssb-sim-node-8
2026-04-07 17:24:33 | DEBUG    |     Connecting ssb-sim-node-5 -> ssb-sim-node-12...
2026-04-07 17:24:33 | DEBUG    |         Gossip successful
2026-04-07 17:24:33 | DEBUG    |       Follow command: ssb-server publish --type contact --contact "@S9fPpx5ZeK3tNAmrczOrRHOEqNu/W1NO1P0+3/MrBGA=.ed25519" --following
2026-04-07 17:24:34 | DEBUG    |         Follow successful
2026-04-07 17:24:34 | INFO     |       ssb-sim-node-5 -> ssb-sim-node-12
2026-04-07 17:24:34 | DEBUG    |     Connecting ssb-sim-node-5 -> ssb-sim-node-10...
2026-04-07 17:24:34 | DEBUG    |         Gossip successful
2026-04-07 17:24:34 | DEBUG    |       Follow command: ssb-server publish --type contact --contact "@choqT2vK/8BkUG4UfPd7e2XTe01S6jGK1y8uQTy4siA=.ed25519" --following
2026-04-07 17:24:34 | DEBUG    |         Follow successful
2026-04-07 17:24:34 | INFO     |       ssb-sim-node-5 -> ssb-sim-node-10
2026-04-07 17:24:34 | DEBUG    |     Connected to: ssb-sim-node-9, ssb-sim-node-3, ssb-sim-node-7, ssb-sim-node-13, ssb-sim-node-11, ssb-sim-node-8, ssb-sim-node-12, ssb-sim-node-10
2026-04-07 17:24:34 | INFO     |   ssb-sim-node-6: connecting to 3 peers...
2026-04-07 17:24:34 | DEBUG    |     Mode: range, Count: 3
2026-04-07 17:24:34 | DEBUG    |     Connecting ssb-sim-node-6 -> ssb-sim-node-1...
2026-04-07 17:24:35 | DEBUG    |         Gossip successful
2026-04-07 17:24:35 | DEBUG    |       Follow command: ssb-server publish --type contact --contact "@1ILHiNk1ozFSTqrfTQlie53t4xVNfM3iOiMcg5+/6aM=.ed25519" --following
2026-04-07 17:24:35 | DEBUG    |         Follow successful
2026-04-07 17:24:35 | INFO     |       ssb-sim-node-6 -> ssb-sim-node-1
2026-04-07 17:24:35 | DEBUG    |     Connecting ssb-sim-node-6 -> ssb-sim-node-12...
2026-04-07 17:24:35 | DEBUG    |       Follow command: ssb-server publish --type contact --contact "@S9fPpx5ZeK3tNAmrczOrRHOEqNu/W1NO1P0+3/MrBGA=.ed25519" --following
2026-04-07 17:24:36 | DEBUG    |         Follow successful
2026-04-07 17:24:36 | INFO     |       ssb-sim-node-6 -> ssb-sim-node-12
2026-04-07 17:24:36 | DEBUG    |     Connecting ssb-sim-node-6 -> ssb-sim-node-8...
2026-04-07 17:24:37 | DEBUG    |         Gossip successful
2026-04-07 17:24:37 | DEBUG    |       Follow command: ssb-server publish --type contact --contact "@hfDEHTBDv7IH0FZBo5NKH0cN8LjCCrHnwVm72zAxXMQ=.ed25519" --following
2026-04-07 17:24:38 | DEBUG    |         Follow successful
2026-04-07 17:24:38 | INFO     |       ssb-sim-node-6 -> ssb-sim-node-8
2026-04-07 17:24:38 | DEBUG    |     Connected to: ssb-sim-node-1, ssb-sim-node-12, ssb-sim-node-8
2026-04-07 17:24:38 | INFO     |   ssb-sim-node-7: connecting to 5 peers...
2026-04-07 17:24:38 | DEBUG    |     Mode: range, Count: 5
2026-04-07 17:24:38 | DEBUG    |     Connecting ssb-sim-node-7 -> ssb-sim-node-15...
2026-04-07 17:24:38 | DEBUG    |         Gossip successful
2026-04-07 17:24:38 | DEBUG    |       Follow command: ssb-server publish --type contact --contact "@/VM6HH0H9p2lUnwOmoL+aWaim1g9jKTp6UFyiF53c24=.ed25519" --following
2026-04-07 17:24:39 | DEBUG    |         Follow successful
2026-04-07 17:24:39 | INFO     |       ssb-sim-node-7 -> ssb-sim-node-15
2026-04-07 17:24:39 | DEBUG    |     Connecting ssb-sim-node-7 -> ssb-sim-node-3...
2026-04-07 17:24:39 | DEBUG    |         Gossip successful
2026-04-07 17:24:39 | DEBUG    |       Follow command: ssb-server publish --type contact --contact "@7vh/4qr3sROb0v+o6jZjSFmZ5ngkhwXiy7GwzfP2Md8=.ed25519" --following
2026-04-07 17:24:40 | DEBUG    |         Follow successful
2026-04-07 17:24:40 | INFO     |       ssb-sim-node-7 -> ssb-sim-node-3
2026-04-07 17:24:40 | DEBUG    |     Connecting ssb-sim-node-7 -> ssb-sim-node-14...
2026-04-07 17:24:41 | DEBUG    |         Gossip successful
2026-04-07 17:24:41 | DEBUG    |       Follow command: ssb-server publish --type contact --contact "@psQCQIUAVmmWqHD4EGeMrbj4haFMESHngX1gOYJycy4=.ed25519" --following
2026-04-07 17:24:41 | DEBUG    |         Follow successful
2026-04-07 17:24:41 | INFO     |       ssb-sim-node-7 -> ssb-sim-node-14
2026-04-07 17:24:41 | DEBUG    |     Connecting ssb-sim-node-7 -> ssb-sim-node-2...
2026-04-07 17:24:42 | DEBUG    |         Gossip successful
2026-04-07 17:24:42 | DEBUG    |       Follow command: ssb-server publish --type contact --contact "@HM1+dzRLUcwCkZo2Ww+doxvkIitbIFljz7vOUQvVehM=.ed25519" --following
2026-04-07 17:24:43 | DEBUG    |         Follow successful
2026-04-07 17:24:43 | INFO     |       ssb-sim-node-7 -> ssb-sim-node-2
2026-04-07 17:24:43 | DEBUG    |     Connecting ssb-sim-node-7 -> ssb-sim-node-9...
2026-04-07 17:24:43 | DEBUG    |         Gossip successful
2026-04-07 17:24:43 | DEBUG    |       Follow command: ssb-server publish --type contact --contact "@zXU+HG7VUrFDmLIspjSG+cSeM6+pFSj064O0cOyjPec=.ed25519" --following
2026-04-07 17:24:44 | DEBUG    |         Follow successful
2026-04-07 17:24:44 | INFO     |       ssb-sim-node-7 -> ssb-sim-node-9
2026-04-07 17:24:44 | DEBUG    |     Connected to: ssb-sim-node-15, ssb-sim-node-3, ssb-sim-node-14, ssb-sim-node-2, ssb-sim-node-9
2026-04-07 17:24:44 | INFO     |   ssb-sim-node-8: connecting to 10 peers...
2026-04-07 17:24:44 | DEBUG    |     Mode: range, Count: 10
2026-04-07 17:24:44 | DEBUG    |     Connecting ssb-sim-node-8 -> ssb-sim-node-4...
2026-04-07 17:24:44 | DEBUG    |         Gossip successful
2026-04-07 17:24:44 | DEBUG    |       Follow command: ssb-server publish --type contact --contact "@1jOdN0Rlksv+vX+3f2xB+rktefUQh+kzFhiArYo9rwc=.ed25519" --following
2026-04-07 17:24:45 | DEBUG    |         Follow successful
2026-04-07 17:24:45 | INFO     |       ssb-sim-node-8 -> ssb-sim-node-4
2026-04-07 17:24:45 | DEBUG    |     Connecting ssb-sim-node-8 -> ssb-sim-node-11...
2026-04-07 17:24:45 | DEBUG    |       Follow command: ssb-server publish --type contact --contact "@GBtWOQNsgQUMBxrrGswVFh40jfQOLXaQDEZxYSF7F+k=.ed25519" --following
2026-04-07 17:24:45 | DEBUG    |         Follow successful
2026-04-07 17:24:45 | INFO     |       ssb-sim-node-8 -> ssb-sim-node-11
2026-04-07 17:24:45 | DEBUG    |     Connecting ssb-sim-node-8 -> ssb-sim-node-6...
2026-04-07 17:24:46 | DEBUG    |         Gossip successful
2026-04-07 17:24:46 | DEBUG    |       Follow command: ssb-server publish --type contact --contact "@XfnsV+dDkr+nsy+ksHkUyipC/RXHZ7+EFZ3H1YGIxGM=.ed25519" --following
2026-04-07 17:24:47 | DEBUG    |         Follow successful
2026-04-07 17:24:47 | INFO     |       ssb-sim-node-8 -> ssb-sim-node-6
2026-04-07 17:24:47 | DEBUG    |     Connecting ssb-sim-node-8 -> ssb-sim-node-12...
2026-04-07 17:24:49 | DEBUG    |         Gossip successful
2026-04-07 17:24:49 | DEBUG    |       Follow command: ssb-server publish --type contact --contact "@S9fPpx5ZeK3tNAmrczOrRHOEqNu/W1NO1P0+3/MrBGA=.ed25519" --following
2026-04-07 17:24:49 | DEBUG    |         Follow successful
2026-04-07 17:24:49 | INFO     |       ssb-sim-node-8 -> ssb-sim-node-12
2026-04-07 17:24:49 | DEBUG    |     Connecting ssb-sim-node-8 -> ssb-sim-node-9...
2026-04-07 17:24:50 | DEBUG    |         Gossip successful
2026-04-07 17:24:50 | DEBUG    |       Follow command: ssb-server publish --type contact --contact "@zXU+HG7VUrFDmLIspjSG+cSeM6+pFSj064O0cOyjPec=.ed25519" --following
2026-04-07 17:24:50 | DEBUG    |         Follow successful
2026-04-07 17:24:50 | INFO     |       ssb-sim-node-8 -> ssb-sim-node-9
2026-04-07 17:24:50 | DEBUG    |     Connecting ssb-sim-node-8 -> ssb-sim-node-5...
2026-04-07 17:24:50 | DEBUG    |       Follow command: ssb-server publish --type contact --contact "@yqcduY7ylEhrgSyjzhOgynuRERWEewpxY79I3wvuCrg=.ed25519" --following
2026-04-07 17:24:51 | DEBUG    |         Follow successful
2026-04-07 17:24:51 | INFO     |       ssb-sim-node-8 -> ssb-sim-node-5
2026-04-07 17:24:51 | DEBUG    |     Connecting ssb-sim-node-8 -> ssb-sim-node-3...
2026-04-07 17:24:52 | DEBUG    |         Gossip successful
2026-04-07 17:24:52 | DEBUG    |       Follow command: ssb-server publish --type contact --contact "@7vh/4qr3sROb0v+o6jZjSFmZ5ngkhwXiy7GwzfP2Md8=.ed25519" --following
2026-04-07 17:24:52 | DEBUG    |         Follow successful
2026-04-07 17:24:52 | INFO     |       ssb-sim-node-8 -> ssb-sim-node-3
2026-04-07 17:24:52 | DEBUG    |     Connecting ssb-sim-node-8 -> ssb-sim-node-15...
2026-04-07 17:24:53 | DEBUG    |         Gossip successful
2026-04-07 17:24:53 | DEBUG    |       Follow command: ssb-server publish --type contact --contact "@/VM6HH0H9p2lUnwOmoL+aWaim1g9jKTp6UFyiF53c24=.ed25519" --following
2026-04-07 17:24:53 | DEBUG    |         Follow successful
2026-04-07 17:24:53 | INFO     |       ssb-sim-node-8 -> ssb-sim-node-15
2026-04-07 17:24:53 | DEBUG    |     Connecting ssb-sim-node-8 -> ssb-sim-node-13...
2026-04-07 17:24:54 | DEBUG    |         Gossip successful
2026-04-07 17:24:54 | DEBUG    |       Follow command: ssb-server publish --type contact --contact "@95fppOK6u3w+WNviwLQNAiV390/GSWx+GBDxuqvVpPk=.ed25519" --following
2026-04-07 17:24:54 | DEBUG    |         Follow successful
2026-04-07 17:24:54 | INFO     |       ssb-sim-node-8 -> ssb-sim-node-13
2026-04-07 17:24:54 | DEBUG    |     Connecting ssb-sim-node-8 -> ssb-sim-node-2...
2026-04-07 17:24:54 | DEBUG    |       Follow command: ssb-server publish --type contact --contact "@HM1+dzRLUcwCkZo2Ww+doxvkIitbIFljz7vOUQvVehM=.ed25519" --following
2026-04-07 17:24:55 | DEBUG    |         Follow successful
2026-04-07 17:24:55 | INFO     |       ssb-sim-node-8 -> ssb-sim-node-2
2026-04-07 17:24:55 | DEBUG    |     Connected to: ssb-sim-node-4, ssb-sim-node-11, ssb-sim-node-6, ssb-sim-node-12, ssb-sim-node-9, ssb-sim-node-5, ssb-sim-node-3, ssb-sim-node-15, ssb-sim-node-13, ssb-sim-node-2
2026-04-07 17:24:55 | INFO     |   ssb-sim-node-9: connecting to 2 peers...
2026-04-07 17:24:55 | DEBUG    |     Mode: range, Count: 2
2026-04-07 17:24:55 | DEBUG    |     Connecting ssb-sim-node-9 -> ssb-sim-node-5...
2026-04-07 17:24:55 | DEBUG    |         Gossip successful
2026-04-07 17:24:55 | DEBUG    |       Follow command: ssb-server publish --type contact --contact "@yqcduY7ylEhrgSyjzhOgynuRERWEewpxY79I3wvuCrg=.ed25519" --following
2026-04-07 17:24:56 | DEBUG    |         Follow successful
2026-04-07 17:24:56 | INFO     |       ssb-sim-node-9 -> ssb-sim-node-5
2026-04-07 17:24:56 | DEBUG    |     Connecting ssb-sim-node-9 -> ssb-sim-node-13...
2026-04-07 17:24:56 | DEBUG    |         Gossip successful
2026-04-07 17:24:56 | DEBUG    |       Follow command: ssb-server publish --type contact --contact "@95fppOK6u3w+WNviwLQNAiV390/GSWx+GBDxuqvVpPk=.ed25519" --following
2026-04-07 17:24:57 | DEBUG    |         Follow successful
2026-04-07 17:24:57 | INFO     |       ssb-sim-node-9 -> ssb-sim-node-13
2026-04-07 17:24:57 | DEBUG    |     Connected to: ssb-sim-node-5, ssb-sim-node-13
2026-04-07 17:24:57 | INFO     |   ssb-sim-node-10: connecting to 8 peers...
2026-04-07 17:24:57 | DEBUG    |     Mode: range, Count: 8
2026-04-07 17:24:57 | DEBUG    |     Connecting ssb-sim-node-10 -> ssb-sim-node-3...
2026-04-07 17:24:58 | DEBUG    |         Gossip successful
2026-04-07 17:24:58 | DEBUG    |       Follow command: ssb-server publish --type contact --contact "@7vh/4qr3sROb0v+o6jZjSFmZ5ngkhwXiy7GwzfP2Md8=.ed25519" --following
2026-04-07 17:24:58 | DEBUG    |         Follow successful
2026-04-07 17:24:58 | INFO     |       ssb-sim-node-10 -> ssb-sim-node-3
2026-04-07 17:24:58 | DEBUG    |     Connecting ssb-sim-node-10 -> ssb-sim-node-8...
2026-04-07 17:24:59 | DEBUG    |         Gossip successful
2026-04-07 17:24:59 | DEBUG    |       Follow command: ssb-server publish --type contact --contact "@hfDEHTBDv7IH0FZBo5NKH0cN8LjCCrHnwVm72zAxXMQ=.ed25519" --following
2026-04-07 17:24:59 | DEBUG    |         Follow successful
2026-04-07 17:24:59 | INFO     |       ssb-sim-node-10 -> ssb-sim-node-8
2026-04-07 17:24:59 | DEBUG    |     Connecting ssb-sim-node-10 -> ssb-sim-node-4...
2026-04-07 17:24:59 | DEBUG    |       Follow command: ssb-server publish --type contact --contact "@1jOdN0Rlksv+vX+3f2xB+rktefUQh+kzFhiArYo9rwc=.ed25519" --following
2026-04-07 17:25:00 | DEBUG    |         Follow successful
2026-04-07 17:25:00 | INFO     |       ssb-sim-node-10 -> ssb-sim-node-4
2026-04-07 17:25:00 | DEBUG    |     Connecting ssb-sim-node-10 -> ssb-sim-node-14...
2026-04-07 17:25:01 | DEBUG    |         Gossip successful
2026-04-07 17:25:01 | DEBUG    |       Follow command: ssb-server publish --type contact --contact "@psQCQIUAVmmWqHD4EGeMrbj4haFMESHngX1gOYJycy4=.ed25519" --following
2026-04-07 17:25:01 | DEBUG    |         Follow successful
2026-04-07 17:25:01 | INFO     |       ssb-sim-node-10 -> ssb-sim-node-14
2026-04-07 17:25:01 | DEBUG    |     Connecting ssb-sim-node-10 -> ssb-sim-node-1...
2026-04-07 17:25:01 | DEBUG    |       Follow command: ssb-server publish --type contact --contact "@1ILHiNk1ozFSTqrfTQlie53t4xVNfM3iOiMcg5+/6aM=.ed25519" --following
2026-04-07 17:25:02 | DEBUG    |         Follow successful
2026-04-07 17:25:02 | INFO     |       ssb-sim-node-10 -> ssb-sim-node-1
2026-04-07 17:25:02 | DEBUG    |     Connecting ssb-sim-node-10 -> ssb-sim-node-9...
2026-04-07 17:25:02 | DEBUG    |         Gossip successful
2026-04-07 17:25:02 | DEBUG    |       Follow command: ssb-server publish --type contact --contact "@zXU+HG7VUrFDmLIspjSG+cSeM6+pFSj064O0cOyjPec=.ed25519" --following
2026-04-07 17:25:03 | DEBUG    |         Follow successful
2026-04-07 17:25:03 | INFO     |       ssb-sim-node-10 -> ssb-sim-node-9
2026-04-07 17:25:03 | DEBUG    |     Connecting ssb-sim-node-10 -> ssb-sim-node-2...
2026-04-07 17:25:04 | DEBUG    |         Gossip successful
2026-04-07 17:25:04 | DEBUG    |       Follow command: ssb-server publish --type contact --contact "@HM1+dzRLUcwCkZo2Ww+doxvkIitbIFljz7vOUQvVehM=.ed25519" --following
2026-04-07 17:25:04 | DEBUG    |         Follow successful
2026-04-07 17:25:04 | INFO     |       ssb-sim-node-10 -> ssb-sim-node-2
2026-04-07 17:25:04 | DEBUG    |     Connecting ssb-sim-node-10 -> ssb-sim-node-15...
2026-04-07 17:25:05 | DEBUG    |         Gossip successful
2026-04-07 17:25:05 | DEBUG    |       Follow command: ssb-server publish --type contact --contact "@/VM6HH0H9p2lUnwOmoL+aWaim1g9jKTp6UFyiF53c24=.ed25519" --following
2026-04-07 17:25:05 | DEBUG    |         Follow successful
2026-04-07 17:25:05 | INFO     |       ssb-sim-node-10 -> ssb-sim-node-15
2026-04-07 17:25:05 | DEBUG    |     Connected to: ssb-sim-node-3, ssb-sim-node-8, ssb-sim-node-4, ssb-sim-node-14, ssb-sim-node-1, ssb-sim-node-9, ssb-sim-node-2, ssb-sim-node-15
2026-04-07 17:25:05 | INFO     |   ssb-sim-node-11: connecting to 14 peers...
2026-04-07 17:25:05 | DEBUG    |     Mode: range, Count: 14
2026-04-07 17:25:05 | DEBUG    |     Connecting ssb-sim-node-11 -> ssb-sim-node-2...
2026-04-07 17:25:05 | DEBUG    |       Follow command: ssb-server publish --type contact --contact "@HM1+dzRLUcwCkZo2Ww+doxvkIitbIFljz7vOUQvVehM=.ed25519" --following
2026-04-07 17:25:06 | DEBUG    |         Follow successful
2026-04-07 17:25:06 | INFO     |       ssb-sim-node-11 -> ssb-sim-node-2
2026-04-07 17:25:06 | DEBUG    |     Connecting ssb-sim-node-11 -> ssb-sim-node-3...
2026-04-07 17:25:06 | DEBUG    |         Gossip successful
2026-04-07 17:25:06 | DEBUG    |       Follow command: ssb-server publish --type contact --contact "@7vh/4qr3sROb0v+o6jZjSFmZ5ngkhwXiy7GwzfP2Md8=.ed25519" --following
2026-04-07 17:25:07 | DEBUG    |         Follow successful
2026-04-07 17:25:07 | INFO     |       ssb-sim-node-11 -> ssb-sim-node-3
2026-04-07 17:25:07 | DEBUG    |     Connecting ssb-sim-node-11 -> ssb-sim-node-7...
2026-04-07 17:25:08 | DEBUG    |         Gossip successful
2026-04-07 17:25:08 | DEBUG    |       Follow command: ssb-server publish --type contact --contact "@52XRutufeq8/7Rx5fo9hc5/wcNrSL1FXnA8mq+EBL1w=.ed25519" --following
2026-04-07 17:25:09 | DEBUG    |         Follow successful
2026-04-07 17:25:09 | INFO     |       ssb-sim-node-11 -> ssb-sim-node-7
2026-04-07 17:25:09 | DEBUG    |     Connecting ssb-sim-node-11 -> ssb-sim-node-15...
2026-04-07 17:25:09 | DEBUG    |         Gossip successful
2026-04-07 17:25:09 | DEBUG    |       Follow command: ssb-server publish --type contact --contact "@/VM6HH0H9p2lUnwOmoL+aWaim1g9jKTp6UFyiF53c24=.ed25519" --following
2026-04-07 17:25:10 | DEBUG    |         Follow successful
2026-04-07 17:25:10 | INFO     |       ssb-sim-node-11 -> ssb-sim-node-15
2026-04-07 17:25:10 | DEBUG    |     Connecting ssb-sim-node-11 -> ssb-sim-node-1...
2026-04-07 17:25:10 | DEBUG    |         Gossip successful
2026-04-07 17:25:10 | DEBUG    |       Follow command: ssb-server publish --type contact --contact "@1ILHiNk1ozFSTqrfTQlie53t4xVNfM3iOiMcg5+/6aM=.ed25519" --following
2026-04-07 17:25:11 | DEBUG    |         Follow successful
2026-04-07 17:25:11 | INFO     |       ssb-sim-node-11 -> ssb-sim-node-1
2026-04-07 17:25:11 | DEBUG    |     Connecting ssb-sim-node-11 -> ssb-sim-node-13...
2026-04-07 17:25:12 | DEBUG    |         Gossip successful
2026-04-07 17:25:12 | DEBUG    |       Follow command: ssb-server publish --type contact --contact "@95fppOK6u3w+WNviwLQNAiV390/GSWx+GBDxuqvVpPk=.ed25519" --following
2026-04-07 17:25:12 | DEBUG    |         Follow successful
2026-04-07 17:25:12 | INFO     |       ssb-sim-node-11 -> ssb-sim-node-13
2026-04-07 17:25:12 | DEBUG    |     Connecting ssb-sim-node-11 -> ssb-sim-node-14...
2026-04-07 17:25:12 | DEBUG    |       Follow command: ssb-server publish --type contact --contact "@psQCQIUAVmmWqHD4EGeMrbj4haFMESHngX1gOYJycy4=.ed25519" --following
2026-04-07 17:25:13 | DEBUG    |         Follow successful
2026-04-07 17:25:13 | INFO     |       ssb-sim-node-11 -> ssb-sim-node-14
2026-04-07 17:25:13 | DEBUG    |     Connecting ssb-sim-node-11 -> ssb-sim-node-4...
2026-04-07 17:25:14 | DEBUG    |         Gossip successful
2026-04-07 17:25:14 | DEBUG    |       Follow command: ssb-server publish --type contact --contact "@1jOdN0Rlksv+vX+3f2xB+rktefUQh+kzFhiArYo9rwc=.ed25519" --following
2026-04-07 17:25:14 | DEBUG    |         Follow successful
2026-04-07 17:25:14 | INFO     |       ssb-sim-node-11 -> ssb-sim-node-4
2026-04-07 17:25:14 | DEBUG    |     Connecting ssb-sim-node-11 -> ssb-sim-node-5...
2026-04-07 17:25:14 | DEBUG    |       Follow command: ssb-server publish --type contact --contact "@yqcduY7ylEhrgSyjzhOgynuRERWEewpxY79I3wvuCrg=.ed25519" --following
2026-04-07 17:25:15 | DEBUG    |         Follow successful
2026-04-07 17:25:15 | INFO     |       ssb-sim-node-11 -> ssb-sim-node-5
2026-04-07 17:25:15 | DEBUG    |     Connecting ssb-sim-node-11 -> ssb-sim-node-8...
2026-04-07 17:25:15 | DEBUG    |       Follow command: ssb-server publish --type contact --contact "@hfDEHTBDv7IH0FZBo5NKH0cN8LjCCrHnwVm72zAxXMQ=.ed25519" --following
2026-04-07 17:25:15 | DEBUG    |         Follow successful
2026-04-07 17:25:15 | INFO     |       ssb-sim-node-11 -> ssb-sim-node-8
2026-04-07 17:25:15 | DEBUG    |     Connecting ssb-sim-node-11 -> ssb-sim-node-12...
2026-04-07 17:25:16 | DEBUG    |         Gossip successful
2026-04-07 17:25:16 | DEBUG    |       Follow command: ssb-server publish --type contact --contact "@S9fPpx5ZeK3tNAmrczOrRHOEqNu/W1NO1P0+3/MrBGA=.ed25519" --following
2026-04-07 17:25:16 | DEBUG    |         Follow successful
2026-04-07 17:25:16 | INFO     |       ssb-sim-node-11 -> ssb-sim-node-12
2026-04-07 17:25:16 | DEBUG    |     Connecting ssb-sim-node-11 -> ssb-sim-node-9...
2026-04-07 17:25:17 | DEBUG    |         Gossip successful
2026-04-07 17:25:17 | DEBUG    |       Follow command: ssb-server publish --type contact --contact "@zXU+HG7VUrFDmLIspjSG+cSeM6+pFSj064O0cOyjPec=.ed25519" --following
2026-04-07 17:25:18 | DEBUG    |         Follow successful
2026-04-07 17:25:18 | INFO     |       ssb-sim-node-11 -> ssb-sim-node-9
2026-04-07 17:25:18 | DEBUG    |     Connecting ssb-sim-node-11 -> ssb-sim-node-6...
2026-04-07 17:25:18 | DEBUG    |         Gossip successful
2026-04-07 17:25:18 | DEBUG    |       Follow command: ssb-server publish --type contact --contact "@XfnsV+dDkr+nsy+ksHkUyipC/RXHZ7+EFZ3H1YGIxGM=.ed25519" --following
2026-04-07 17:25:19 | DEBUG    |         Follow successful
2026-04-07 17:25:19 | INFO     |       ssb-sim-node-11 -> ssb-sim-node-6
2026-04-07 17:25:19 | DEBUG    |     Connecting ssb-sim-node-11 -> ssb-sim-node-10...
2026-04-07 17:25:20 | DEBUG    |         Gossip successful
2026-04-07 17:25:20 | DEBUG    |       Follow command: ssb-server publish --type contact --contact "@choqT2vK/8BkUG4UfPd7e2XTe01S6jGK1y8uQTy4siA=.ed25519" --following
2026-04-07 17:25:20 | DEBUG    |         Follow successful
2026-04-07 17:25:20 | INFO     |       ssb-sim-node-11 -> ssb-sim-node-10
2026-04-07 17:25:20 | DEBUG    |     Connected to: ssb-sim-node-2, ssb-sim-node-3, ssb-sim-node-7, ssb-sim-node-15, ssb-sim-node-1, ssb-sim-node-13, ssb-sim-node-14, ssb-sim-node-4, ssb-sim-node-5, ssb-sim-node-8, ssb-sim-node-12, ssb-sim-node-9, ssb-sim-node-6, ssb-sim-node-10
2026-04-07 17:25:20 | INFO     |   ssb-sim-node-12: connecting to 11 peers...
2026-04-07 17:25:20 | DEBUG    |     Mode: range, Count: 11
2026-04-07 17:25:20 | DEBUG    |     Connecting ssb-sim-node-12 -> ssb-sim-node-13...
2026-04-07 17:25:21 | DEBUG    |         Gossip successful
2026-04-07 17:25:21 | DEBUG    |       Follow command: ssb-server publish --type contact --contact "@95fppOK6u3w+WNviwLQNAiV390/GSWx+GBDxuqvVpPk=.ed25519" --following
2026-04-07 17:25:22 | DEBUG    |         Follow successful
2026-04-07 17:25:22 | INFO     |       ssb-sim-node-12 -> ssb-sim-node-13
2026-04-07 17:25:22 | DEBUG    |     Connecting ssb-sim-node-12 -> ssb-sim-node-14...
2026-04-07 17:25:22 | DEBUG    |         Gossip successful
2026-04-07 17:25:22 | DEBUG    |       Follow command: ssb-server publish --type contact --contact "@psQCQIUAVmmWqHD4EGeMrbj4haFMESHngX1gOYJycy4=.ed25519" --following
2026-04-07 17:25:23 | DEBUG    |         Follow successful
2026-04-07 17:25:23 | INFO     |       ssb-sim-node-12 -> ssb-sim-node-14
2026-04-07 17:25:23 | DEBUG    |     Connecting ssb-sim-node-12 -> ssb-sim-node-10...
2026-04-07 17:25:23 | DEBUG    |         Gossip successful
2026-04-07 17:25:23 | DEBUG    |       Follow command: ssb-server publish --type contact --contact "@choqT2vK/8BkUG4UfPd7e2XTe01S6jGK1y8uQTy4siA=.ed25519" --following
2026-04-07 17:25:24 | DEBUG    |         Follow successful
2026-04-07 17:25:24 | INFO     |       ssb-sim-node-12 -> ssb-sim-node-10
2026-04-07 17:25:24 | DEBUG    |     Connecting ssb-sim-node-12 -> ssb-sim-node-6...
2026-04-07 17:25:24 | DEBUG    |       Follow command: ssb-server publish --type contact --contact "@XfnsV+dDkr+nsy+ksHkUyipC/RXHZ7+EFZ3H1YGIxGM=.ed25519" --following
2026-04-07 17:25:25 | DEBUG    |         Follow successful
2026-04-07 17:25:25 | INFO     |       ssb-sim-node-12 -> ssb-sim-node-6
2026-04-07 17:25:25 | DEBUG    |     Connecting ssb-sim-node-12 -> ssb-sim-node-3...
2026-04-07 17:25:25 | DEBUG    |       Follow command: ssb-server publish --type contact --contact "@7vh/4qr3sROb0v+o6jZjSFmZ5ngkhwXiy7GwzfP2Md8=.ed25519" --following
2026-04-07 17:25:26 | DEBUG    |         Follow successful
2026-04-07 17:25:26 | INFO     |       ssb-sim-node-12 -> ssb-sim-node-3
2026-04-07 17:25:26 | DEBUG    |     Connecting ssb-sim-node-12 -> ssb-sim-node-1...
2026-04-07 17:25:26 | DEBUG    |         Gossip successful
2026-04-07 17:25:26 | DEBUG    |       Follow command: ssb-server publish --type contact --contact "@1ILHiNk1ozFSTqrfTQlie53t4xVNfM3iOiMcg5+/6aM=.ed25519" --following
2026-04-07 17:25:27 | DEBUG    |         Follow successful
2026-04-07 17:25:27 | INFO     |       ssb-sim-node-12 -> ssb-sim-node-1
2026-04-07 17:25:27 | DEBUG    |     Connecting ssb-sim-node-12 -> ssb-sim-node-7...
2026-04-07 17:25:28 | DEBUG    |         Gossip successful
2026-04-07 17:25:28 | DEBUG    |       Follow command: ssb-server publish --type contact --contact "@52XRutufeq8/7Rx5fo9hc5/wcNrSL1FXnA8mq+EBL1w=.ed25519" --following
2026-04-07 17:25:28 | DEBUG    |         Follow successful
2026-04-07 17:25:28 | INFO     |       ssb-sim-node-12 -> ssb-sim-node-7
2026-04-07 17:25:28 | DEBUG    |     Connecting ssb-sim-node-12 -> ssb-sim-node-4...
2026-04-07 17:25:29 | DEBUG    |         Gossip successful
2026-04-07 17:25:29 | DEBUG    |       Follow command: ssb-server publish --type contact --contact "@1jOdN0Rlksv+vX+3f2xB+rktefUQh+kzFhiArYo9rwc=.ed25519" --following
2026-04-07 17:25:30 | DEBUG    |         Follow successful
2026-04-07 17:25:30 | INFO     |       ssb-sim-node-12 -> ssb-sim-node-4
2026-04-07 17:25:30 | DEBUG    |     Connecting ssb-sim-node-12 -> ssb-sim-node-9...
2026-04-07 17:25:30 | DEBUG    |       Follow command: ssb-server publish --type contact --contact "@zXU+HG7VUrFDmLIspjSG+cSeM6+pFSj064O0cOyjPec=.ed25519" --following
2026-04-07 17:25:31 | DEBUG    |         Follow successful
2026-04-07 17:25:31 | INFO     |       ssb-sim-node-12 -> ssb-sim-node-9
2026-04-07 17:25:31 | DEBUG    |     Connecting ssb-sim-node-12 -> ssb-sim-node-15...
2026-04-07 17:25:31 | DEBUG    |       Follow command: ssb-server publish --type contact --contact "@/VM6HH0H9p2lUnwOmoL+aWaim1g9jKTp6UFyiF53c24=.ed25519" --following
2026-04-07 17:25:31 | DEBUG    |         Follow successful
2026-04-07 17:25:31 | INFO     |       ssb-sim-node-12 -> ssb-sim-node-15
2026-04-07 17:25:31 | DEBUG    |     Connecting ssb-sim-node-12 -> ssb-sim-node-8...
2026-04-07 17:25:32 | DEBUG    |         Gossip successful
2026-04-07 17:25:32 | DEBUG    |       Follow command: ssb-server publish --type contact --contact "@hfDEHTBDv7IH0FZBo5NKH0cN8LjCCrHnwVm72zAxXMQ=.ed25519" --following
2026-04-07 17:25:32 | DEBUG    |         Follow successful
2026-04-07 17:25:32 | INFO     |       ssb-sim-node-12 -> ssb-sim-node-8
2026-04-07 17:25:32 | DEBUG    |     Connected to: ssb-sim-node-13, ssb-sim-node-14, ssb-sim-node-10, ssb-sim-node-6, ssb-sim-node-3, ssb-sim-node-1, ssb-sim-node-7, ssb-sim-node-4, ssb-sim-node-9, ssb-sim-node-15, ssb-sim-node-8
2026-04-07 17:25:32 | INFO     |   ssb-sim-node-13: connecting to 2 peers...
2026-04-07 17:25:32 | DEBUG    |     Mode: range, Count: 2
2026-04-07 17:25:32 | DEBUG    |     Connecting ssb-sim-node-13 -> ssb-sim-node-15...
2026-04-07 17:25:33 | DEBUG    |         Gossip successful
2026-04-07 17:25:33 | DEBUG    |       Follow command: ssb-server publish --type contact --contact "@/VM6HH0H9p2lUnwOmoL+aWaim1g9jKTp6UFyiF53c24=.ed25519" --following
2026-04-07 17:25:34 | DEBUG    |         Follow successful
2026-04-07 17:25:34 | INFO     |       ssb-sim-node-13 -> ssb-sim-node-15
2026-04-07 17:25:34 | DEBUG    |     Connecting ssb-sim-node-13 -> ssb-sim-node-9...
2026-04-07 17:25:34 | DEBUG    |         Gossip successful
2026-04-07 17:25:34 | DEBUG    |       Follow command: ssb-server publish --type contact --contact "@zXU+HG7VUrFDmLIspjSG+cSeM6+pFSj064O0cOyjPec=.ed25519" --following
2026-04-07 17:25:35 | DEBUG    |         Follow successful
2026-04-07 17:25:35 | INFO     |       ssb-sim-node-13 -> ssb-sim-node-9
2026-04-07 17:25:35 | DEBUG    |     Connected to: ssb-sim-node-15, ssb-sim-node-9
2026-04-07 17:25:35 | INFO     |   ssb-sim-node-14: connecting to 2 peers...
2026-04-07 17:25:35 | DEBUG    |     Mode: range, Count: 2
2026-04-07 17:25:35 | DEBUG    |     Connecting ssb-sim-node-14 -> ssb-sim-node-9...
2026-04-07 17:25:36 | DEBUG    |         Gossip successful
2026-04-07 17:25:36 | DEBUG    |       Follow command: ssb-server publish --type contact --contact "@zXU+HG7VUrFDmLIspjSG+cSeM6+pFSj064O0cOyjPec=.ed25519" --following
2026-04-07 17:25:37 | DEBUG    |         Follow successful
2026-04-07 17:25:37 | INFO     |       ssb-sim-node-14 -> ssb-sim-node-9
2026-04-07 17:25:37 | DEBUG    |     Connecting ssb-sim-node-14 -> ssb-sim-node-1...
2026-04-07 17:25:37 | DEBUG    |         Gossip successful
2026-04-07 17:25:37 | DEBUG    |       Follow command: ssb-server publish --type contact --contact "@1ILHiNk1ozFSTqrfTQlie53t4xVNfM3iOiMcg5+/6aM=.ed25519" --following
2026-04-07 17:25:38 | DEBUG    |         Follow successful
2026-04-07 17:25:38 | INFO     |       ssb-sim-node-14 -> ssb-sim-node-1
2026-04-07 17:25:38 | DEBUG    |     Connected to: ssb-sim-node-9, ssb-sim-node-1
2026-04-07 17:25:38 | INFO     |   ssb-sim-node-15: connecting to 3 peers...
2026-04-07 17:25:38 | DEBUG    |     Mode: range, Count: 3
2026-04-07 17:25:38 | DEBUG    |     Connecting ssb-sim-node-15 -> ssb-sim-node-6...
2026-04-07 17:25:38 | DEBUG    |       Follow command: ssb-server publish --type contact --contact "@XfnsV+dDkr+nsy+ksHkUyipC/RXHZ7+EFZ3H1YGIxGM=.ed25519" --following
2026-04-07 17:25:39 | DEBUG    |         Follow successful
2026-04-07 17:25:39 | INFO     |       ssb-sim-node-15 -> ssb-sim-node-6
2026-04-07 17:25:39 | DEBUG    |     Connecting ssb-sim-node-15 -> ssb-sim-node-1...
2026-04-07 17:25:40 | DEBUG    |         Gossip successful
2026-04-07 17:25:40 | DEBUG    |       Follow command: ssb-server publish --type contact --contact "@1ILHiNk1ozFSTqrfTQlie53t4xVNfM3iOiMcg5+/6aM=.ed25519" --following
2026-04-07 17:25:41 | DEBUG    |         Follow successful
2026-04-07 17:25:41 | INFO     |       ssb-sim-node-15 -> ssb-sim-node-1
2026-04-07 17:25:41 | DEBUG    |     Connecting ssb-sim-node-15 -> ssb-sim-node-13...
2026-04-07 17:25:42 | DEBUG    |         Gossip successful
2026-04-07 17:25:42 | DEBUG    |       Follow command: ssb-server publish --type contact --contact "@95fppOK6u3w+WNviwLQNAiV390/GSWx+GBDxuqvVpPk=.ed25519" --following
2026-04-07 17:25:43 | DEBUG    |         Follow successful
2026-04-07 17:25:43 | INFO     |       ssb-sim-node-15 -> ssb-sim-node-13
2026-04-07 17:25:43 | DEBUG    |     Connected to: ssb-sim-node-6, ssb-sim-node-1, ssb-sim-node-13
2026-04-07 17:25:43 | INFO     |   Connections complete: 87 successful, 0 failed (101.13s)
2026-04-07 17:25:43 | DEBUG    | Connection matrix:
2026-04-07 17:25:43 | DEBUG    |   ssb-sim-node-1: 10 connections -> ['ssb-sim-node-8', 'ssb-sim-node-10', 'ssb-sim-node-9', 'ssb-sim-node-5', 'ssb-sim-node-6', 'ssb-sim-node-13', 'ssb-sim-node-12', 'ssb-sim-node-11', 'ssb-sim-node-4', 'ssb-sim-node-3']
2026-04-07 17:25:43 | DEBUG    |   ssb-sim-node-2: 2 connections -> ['ssb-sim-node-13', 'ssb-sim-node-7']
2026-04-07 17:25:43 | DEBUG    |   ssb-sim-node-3: 3 connections -> ['ssb-sim-node-5', 'ssb-sim-node-12', 'ssb-sim-node-4']
2026-04-07 17:25:43 | DEBUG    |   ssb-sim-node-4: 4 connections -> ['ssb-sim-node-15', 'ssb-sim-node-12', 'ssb-sim-node-13', 'ssb-sim-node-9']
2026-04-07 17:25:43 | DEBUG    |   ssb-sim-node-5: 8 connections -> ['ssb-sim-node-9', 'ssb-sim-node-3', 'ssb-sim-node-7', 'ssb-sim-node-13', 'ssb-sim-node-11', 'ssb-sim-node-8', 'ssb-sim-node-12', 'ssb-sim-node-10']
2026-04-07 17:25:43 | DEBUG    |   ssb-sim-node-6: 3 connections -> ['ssb-sim-node-1', 'ssb-sim-node-12', 'ssb-sim-node-8']
2026-04-07 17:25:43 | DEBUG    |   ssb-sim-node-7: 5 connections -> ['ssb-sim-node-15', 'ssb-sim-node-3', 'ssb-sim-node-14', 'ssb-sim-node-2', 'ssb-sim-node-9']
2026-04-07 17:25:43 | DEBUG    |   ssb-sim-node-8: 10 connections -> ['ssb-sim-node-4', 'ssb-sim-node-11', 'ssb-sim-node-6', 'ssb-sim-node-12', 'ssb-sim-node-9', 'ssb-sim-node-5', 'ssb-sim-node-3', 'ssb-sim-node-15', 'ssb-sim-node-13', 'ssb-sim-node-2']
2026-04-07 17:25:43 | DEBUG    |   ssb-sim-node-9: 2 connections -> ['ssb-sim-node-5', 'ssb-sim-node-13']
2026-04-07 17:25:43 | DEBUG    |   ssb-sim-node-10: 8 connections -> ['ssb-sim-node-3', 'ssb-sim-node-8', 'ssb-sim-node-4', 'ssb-sim-node-14', 'ssb-sim-node-1', 'ssb-sim-node-9', 'ssb-sim-node-2', 'ssb-sim-node-15']
2026-04-07 17:25:43 | DEBUG    |   ssb-sim-node-11: 14 connections -> ['ssb-sim-node-2', 'ssb-sim-node-3', 'ssb-sim-node-7', 'ssb-sim-node-15', 'ssb-sim-node-1', 'ssb-sim-node-13', 'ssb-sim-node-14', 'ssb-sim-node-4', 'ssb-sim-node-5', 'ssb-sim-node-8', 'ssb-sim-node-12', 'ssb-sim-node-9', 'ssb-sim-node-6', 'ssb-sim-node-10']
2026-04-07 17:25:43 | DEBUG    |   ssb-sim-node-12: 11 connections -> ['ssb-sim-node-13', 'ssb-sim-node-14', 'ssb-sim-node-10', 'ssb-sim-node-6', 'ssb-sim-node-3', 'ssb-sim-node-1', 'ssb-sim-node-7', 'ssb-sim-node-4', 'ssb-sim-node-9', 'ssb-sim-node-15', 'ssb-sim-node-8']
2026-04-07 17:25:43 | DEBUG    |   ssb-sim-node-13: 2 connections -> ['ssb-sim-node-15', 'ssb-sim-node-9']
2026-04-07 17:25:43 | DEBUG    |   ssb-sim-node-14: 2 connections -> ['ssb-sim-node-9', 'ssb-sim-node-1']
2026-04-07 17:25:43 | DEBUG    |   ssb-sim-node-15: 3 connections -> ['ssb-sim-node-6', 'ssb-sim-node-1', 'ssb-sim-node-13']
2026-04-07 17:25:43 | DEBUG    | --------------------------------------------------------------------------------
2026-04-07 17:25:43 | INFO     | ================================================================================
2026-04-07 17:25:43 | INFO     | SIMULATION COMPLETE - Total time: 173.01s
2026-04-07 17:25:43 | INFO     | ================================================================================
2026-04-07 17:25:43 | INFO     | Direct connections to node 1 are: {'ssb-sim-node-5', 'ssb-sim-node-12', 'ssb-sim-node-11', 'ssb-sim-node-10', 'ssb-sim-node-6', 'ssb-sim-node-15', 'ssb-sim-node-4', 'ssb-sim-node-14', 'ssb-sim-node-3', 'ssb-sim-node-9', 'ssb-sim-node-8', 'ssb-sim-node-13'}
2026-04-07 17:25:43 | INFO     | Indirect connections to node 1 are: {'ssb-sim-node-7', 'ssb-sim-node-2'}
2026-04-07 17:25:49 | INFO     | 
==================================================
2026-04-07 17:25:49 | INFO     |   SCENARIO: BASELINE
2026-04-07 17:25:49 | INFO     | ==================================================
2026-04-07 17:25:49 | INFO     |   Message ID : %Ap/j7dudkbBWhhFvWaF5+EmB6iDhdHSrQ4mpBxTYrZM=.sha256
2026-04-07 17:25:49 | INFO     |   Posted at  : 17:25:43.753
2026-04-07 17:25:49 | INFO     |   Nodes down : None
2026-04-07 17:25:49 | INFO     |   Completion : 100%
2026-04-07 17:25:49 | INFO     |   Median     : 0 minutes 2 seconds 913.056 miliseconds
2026-04-07 17:25:49 | INFO     | 

2026-04-07 17:25:49 | INFO     |   NODE                      LAN                RECEIVED   ELAPSED
2026-04-07 17:25:49 | INFO     |   ------------------------ ----------------- --------- ---------------
2026-04-07 17:25:49 | INFO     |   ssb-sim-node-5            ssb-sim-lan-2      yes        0 minutes 0 seconds 799.866 miliseconds
2026-04-07 17:25:49 | INFO     |   ssb-sim-node-12           ssb-sim-lan-3      yes        0 minutes 1 seconds 236.597 miliseconds
2026-04-07 17:25:49 | INFO     |   ssb-sim-node-11           ssb-sim-lan-2      yes        0 minutes 1 seconds 676.217 miliseconds
2026-04-07 17:25:49 | INFO     |   ssb-sim-node-10           ssb-sim-lan-1      yes        0 minutes 2 seconds 19.907 miliseconds
2026-04-07 17:25:49 | INFO     |   ssb-sim-node-6            ssb-sim-lan-3      yes        0 minutes 2 seconds 390.160 miliseconds
2026-04-07 17:25:49 | INFO     |   ssb-sim-node-15           ssb-sim-lan-3      yes        0 minutes 2 seconds 730.105 miliseconds
2026-04-07 17:25:49 | INFO     |   ssb-sim-node-4            ssb-sim-lan-1      yes        0 minutes 3 seconds 96.008 miliseconds
2026-04-07 17:25:49 | INFO     |   ssb-sim-node-14           ssb-sim-lan-2      yes        0 minutes 3 seconds 707.212 miliseconds
2026-04-07 17:25:49 | INFO     |   ssb-sim-node-3            ssb-sim-lan-3      yes        0 minutes 4 seconds 118.768 miliseconds
2026-04-07 17:25:49 | INFO     |   ssb-sim-node-9            ssb-sim-lan-3      yes        0 minutes 4 seconds 514.977 miliseconds
2026-04-07 17:25:49 | INFO     |   ssb-sim-node-8            ssb-sim-lan-2      yes        0 minutes 4 seconds 873.267 miliseconds
2026-04-07 17:25:49 | INFO     |   ssb-sim-node-13           ssb-sim-lan-1      yes        0 minutes 5 seconds 266.443 miliseconds
2026-04-07 17:25:49 | INFO     | ==================================================

2026-04-07 17:25:56 | INFO     | 
==================================================
2026-04-07 17:25:56 | INFO     |   SCENARIO: AUTHOR_DROPOUT
2026-04-07 17:25:56 | INFO     | ==================================================
2026-04-07 17:25:56 | INFO     |   Message ID : %Ayg/Eywp9cRe4xOnzcyzOsRJqzotn+ZKaJ259KqQSjA=.sha256
2026-04-07 17:25:56 | INFO     |   Posted at  : 17:25:50.177
2026-04-07 17:25:56 | INFO     |   Nodes down : ['ssb-sim-node-1']
2026-04-07 17:25:56 | INFO     |   Completion : 100%
2026-04-07 17:25:56 | INFO     |   Median     : 0 minutes 3 seconds 977.370 miliseconds
2026-04-07 17:25:56 | INFO     | 

2026-04-07 17:25:56 | INFO     |   NODE                      LAN                RECEIVED   ELAPSED
2026-04-07 17:25:56 | INFO     |   ------------------------ ----------------- --------- ---------------
2026-04-07 17:25:56 | INFO     |   ssb-sim-node-5            ssb-sim-lan-2      yes        0 minutes 1 seconds 476.719 miliseconds
2026-04-07 17:25:56 | INFO     |   ssb-sim-node-12           ssb-sim-lan-3      yes        0 minutes 1 seconds 948.738 miliseconds
2026-04-07 17:25:56 | INFO     |   ssb-sim-node-11           ssb-sim-lan-2      yes        0 minutes 2 seconds 471.217 miliseconds
2026-04-07 17:25:56 | INFO     |   ssb-sim-node-10           ssb-sim-lan-1      yes        0 minutes 2 seconds 873.215 miliseconds
2026-04-07 17:25:56 | INFO     |   ssb-sim-node-6            ssb-sim-lan-3      yes        0 minutes 3 seconds 332.115 miliseconds
2026-04-07 17:25:56 | INFO     |   ssb-sim-node-15           ssb-sim-lan-3      yes        0 minutes 3 seconds 736.574 miliseconds
2026-04-07 17:25:56 | INFO     |   ssb-sim-node-4            ssb-sim-lan-1      yes        0 minutes 4 seconds 218.166 miliseconds
2026-04-07 17:25:56 | INFO     |   ssb-sim-node-14           ssb-sim-lan-2      yes        0 minutes 4 seconds 567.845 miliseconds
2026-04-07 17:25:56 | INFO     |   ssb-sim-node-3            ssb-sim-lan-3      yes        0 minutes 4 seconds 922.657 miliseconds
2026-04-07 17:25:56 | INFO     |   ssb-sim-node-9            ssb-sim-lan-3      yes        0 minutes 5 seconds 348.342 miliseconds
2026-04-07 17:25:56 | INFO     |   ssb-sim-node-8            ssb-sim-lan-2      yes        0 minutes 5 seconds 680.631 miliseconds
2026-04-07 17:25:56 | INFO     |   ssb-sim-node-13           ssb-sim-lan-1      yes        0 minutes 6 seconds 38.924 miliseconds
2026-04-07 17:25:56 | INFO     | ==================================================

2026-04-07 17:25:56 | INFO     | Restarted ssb-sim-node-1, waiting for SSB to be ready...
2026-04-07 17:25:58 | INFO     | Attempt to bootstrap ssb-sim-node-1 by contacting ssb-sim-node-5
2026-04-07 17:25:58 | INFO     | ssb-sim-node-1 successfully contacted ssb-sim-node-5
2026-04-07 17:25:58 | INFO     | Attempt to bootstrap ssb-sim-node-1 by contacting ssb-sim-node-12
2026-04-07 17:25:59 | INFO     | ssb-sim-node-1 successfully contacted ssb-sim-node-12
2026-04-07 17:25:59 | INFO     | Attempt to bootstrap ssb-sim-node-1 by contacting ssb-sim-node-11
2026-04-07 17:25:59 | INFO     | ssb-sim-node-1 successfully contacted ssb-sim-node-11
2026-04-07 17:25:59 | INFO     | Attempt to bootstrap ssb-sim-node-1 by contacting ssb-sim-node-10
2026-04-07 17:26:00 | INFO     | ssb-sim-node-1 successfully contacted ssb-sim-node-10
2026-04-07 17:26:00 | INFO     | Attempt to bootstrap ssb-sim-node-1 by contacting ssb-sim-node-6
2026-04-07 17:26:00 | INFO     | ssb-sim-node-1 successfully contacted ssb-sim-node-6
2026-04-07 17:26:00 | INFO     | Attempt to bootstrap ssb-sim-node-1 by contacting ssb-sim-node-15
2026-04-07 17:26:00 | INFO     | ssb-sim-node-1 successfully contacted ssb-sim-node-15
2026-04-07 17:26:00 | INFO     | Attempt to bootstrap ssb-sim-node-1 by contacting ssb-sim-node-4
2026-04-07 17:26:01 | INFO     | ssb-sim-node-1 successfully contacted ssb-sim-node-4
2026-04-07 17:26:01 | INFO     | Attempt to bootstrap ssb-sim-node-1 by contacting ssb-sim-node-14
2026-04-07 17:26:01 | INFO     | ssb-sim-node-1 successfully contacted ssb-sim-node-14
2026-04-07 17:26:01 | INFO     | Attempt to bootstrap ssb-sim-node-1 by contacting ssb-sim-node-3
2026-04-07 17:26:02 | INFO     | ssb-sim-node-1 successfully contacted ssb-sim-node-3
2026-04-07 17:26:02 | INFO     | Attempt to bootstrap ssb-sim-node-1 by contacting ssb-sim-node-9
2026-04-07 17:26:02 | INFO     | ssb-sim-node-1 successfully contacted ssb-sim-node-9
2026-04-07 17:26:02 | INFO     | Attempt to bootstrap ssb-sim-node-1 by contacting ssb-sim-node-8
2026-04-07 17:26:02 | INFO     | ssb-sim-node-1 successfully contacted ssb-sim-node-8
2026-04-07 17:26:03 | INFO     | Attempt to bootstrap ssb-sim-node-1 by contacting ssb-sim-node-13
2026-04-07 17:26:03 | INFO     | ssb-sim-node-1 successfully contacted ssb-sim-node-13
2026-04-07 17:36:22 | INFO     | Restarted ssb-sim-node-10, waiting for SSB to be ready...
2026-04-07 17:36:24 | INFO     | Attempt to bootstrap ssb-sim-node-10 by contacting ssb-sim-node-5
